Archive member included because of file (symbol)

c:/isystem/winideaopen9/gcc/arm/bin/../lib/gcc/arm-none-eabi/4.9.3/../../../../arm-none-eabi/lib/cortex-m7\libc.a(lib_a-assert.o)
                              C:\Users\DIMMU\Documents\REPOS\ITESO\workspace\Debug\pmc.o (__assert_func)
c:/isystem/winideaopen9/gcc/arm/bin/../lib/gcc/arm-none-eabi/4.9.3/../../../../arm-none-eabi/lib/cortex-m7\libc.a(lib_a-fiprintf.o)
                              c:/isystem/winideaopen9/gcc/arm/bin/../lib/gcc/arm-none-eabi/4.9.3/../../../../arm-none-eabi/lib/cortex-m7\libc.a(lib_a-assert.o) (fiprintf)
c:/isystem/winideaopen9/gcc/arm/bin/../lib/gcc/arm-none-eabi/4.9.3/../../../../arm-none-eabi/lib/cortex-m7\libc.a(lib_a-impure.o)
                              C:\Users\DIMMU\Documents\REPOS\ITESO\workspace\Debug\dbg_console.o (_impure_ptr)
c:/isystem/winideaopen9/gcc/arm/bin/../lib/gcc/arm-none-eabi/4.9.3/../../../../arm-none-eabi/lib/cortex-m7\libc.a(lib_a-memcpy.o)
                              C:\Users\DIMMU\Documents\REPOS\ITESO\workspace\Debug\board_memories.o (memcpy)
c:/isystem/winideaopen9/gcc/arm/bin/../lib/gcc/arm-none-eabi/4.9.3/../../../../arm-none-eabi/lib/cortex-m7\libc.a(lib_a-printf.o)
                              C:\Users\DIMMU\Documents\REPOS\ITESO\workspace\Debug\dbg_console.o (printf)
c:/isystem/winideaopen9/gcc/arm/bin/../lib/gcc/arm-none-eabi/4.9.3/../../../../arm-none-eabi/lib/cortex-m7\libc.a(lib_a-putchar.o)
                              C:\Users\DIMMU\Documents\REPOS\ITESO\workspace\Debug\dbg_console.o (putchar)
c:/isystem/winideaopen9/gcc/arm/bin/../lib/gcc/arm-none-eabi/4.9.3/../../../../arm-none-eabi/lib/cortex-m7\libc.a(lib_a-setvbuf.o)
                              C:\Users\DIMMU\Documents\REPOS\ITESO\workspace\Debug\dbg_console.o (setvbuf)
c:/isystem/winideaopen9/gcc/arm/bin/../lib/gcc/arm-none-eabi/4.9.3/../../../../arm-none-eabi/lib/cortex-m7\libc.a(lib_a-vfiprintf.o)
                              c:/isystem/winideaopen9/gcc/arm/bin/../lib/gcc/arm-none-eabi/4.9.3/../../../../arm-none-eabi/lib/cortex-m7\libc.a(lib_a-fiprintf.o) (_vfiprintf_r)
c:/isystem/winideaopen9/gcc/arm/bin/../lib/gcc/arm-none-eabi/4.9.3/../../../../arm-none-eabi/lib/cortex-m7\libc.a(lib_a-vfprintf.o)
                              c:/isystem/winideaopen9/gcc/arm/bin/../lib/gcc/arm-none-eabi/4.9.3/../../../../arm-none-eabi/lib/cortex-m7\libc.a(lib_a-printf.o) (_vfprintf_r)
c:/isystem/winideaopen9/gcc/arm/bin/../lib/gcc/arm-none-eabi/4.9.3/../../../../arm-none-eabi/lib/cortex-m7\libc.a(lib_a-wsetup.o)
                              c:/isystem/winideaopen9/gcc/arm/bin/../lib/gcc/arm-none-eabi/4.9.3/../../../../arm-none-eabi/lib/cortex-m7\libc.a(lib_a-vfiprintf.o) (__swsetup_r)
c:/isystem/winideaopen9/gcc/arm/bin/../lib/gcc/arm-none-eabi/4.9.3/../../../../arm-none-eabi/lib/cortex-m7\libc.a(lib_a-abort.o)
                              c:/isystem/winideaopen9/gcc/arm/bin/../lib/gcc/arm-none-eabi/4.9.3/../../../../arm-none-eabi/lib/cortex-m7\libc.a(lib_a-assert.o) (abort)
c:/isystem/winideaopen9/gcc/arm/bin/../lib/gcc/arm-none-eabi/4.9.3/../../../../arm-none-eabi/lib/cortex-m7\libc.a(lib_a-dtoa.o)
                              c:/isystem/winideaopen9/gcc/arm/bin/../lib/gcc/arm-none-eabi/4.9.3/../../../../arm-none-eabi/lib/cortex-m7\libc.a(lib_a-vfprintf.o) (_dtoa_r)
c:/isystem/winideaopen9/gcc/arm/bin/../lib/gcc/arm-none-eabi/4.9.3/../../../../arm-none-eabi/lib/cortex-m7\libc.a(lib_a-fflush.o)
                              c:/isystem/winideaopen9/gcc/arm/bin/../lib/gcc/arm-none-eabi/4.9.3/../../../../arm-none-eabi/lib/cortex-m7\libc.a(lib_a-setvbuf.o) (_fflush_r)
c:/isystem/winideaopen9/gcc/arm/bin/../lib/gcc/arm-none-eabi/4.9.3/../../../../arm-none-eabi/lib/cortex-m7\libc.a(lib_a-findfp.o)
                              c:/isystem/winideaopen9/gcc/arm/bin/../lib/gcc/arm-none-eabi/4.9.3/../../../../arm-none-eabi/lib/cortex-m7\libc.a(lib_a-setvbuf.o) (_cleanup_r)
c:/isystem/winideaopen9/gcc/arm/bin/../lib/gcc/arm-none-eabi/4.9.3/../../../../arm-none-eabi/lib/cortex-m7\libc.a(lib_a-fputwc.o)
                              c:/isystem/winideaopen9/gcc/arm/bin/../lib/gcc/arm-none-eabi/4.9.3/../../../../arm-none-eabi/lib/cortex-m7\libc.a(lib_a-vfiprintf.o) (_fputwc_r)
c:/isystem/winideaopen9/gcc/arm/bin/../lib/gcc/arm-none-eabi/4.9.3/../../../../arm-none-eabi/lib/cortex-m7\libc.a(lib_a-freer.o)
                              c:/isystem/winideaopen9/gcc/arm/bin/../lib/gcc/arm-none-eabi/4.9.3/../../../../arm-none-eabi/lib/cortex-m7\libc.a(lib_a-setvbuf.o) (_free_r)
c:/isystem/winideaopen9/gcc/arm/bin/../lib/gcc/arm-none-eabi/4.9.3/../../../../arm-none-eabi/lib/cortex-m7\libc.a(lib_a-fvwrite.o)
                              c:/isystem/winideaopen9/gcc/arm/bin/../lib/gcc/arm-none-eabi/4.9.3/../../../../arm-none-eabi/lib/cortex-m7\libc.a(lib_a-vfiprintf.o) (__sfvwrite_r)
c:/isystem/winideaopen9/gcc/arm/bin/../lib/gcc/arm-none-eabi/4.9.3/../../../../arm-none-eabi/lib/cortex-m7\libc.a(lib_a-fwalk.o)
[...]
Memory Configuration

Name             Origin             Length             Attributes
rom              0x00400000         0x00200000         xr
ram              0x20400000         0x00050000         xrw
ram_heap         0x20450000         0x00010000         xrw
sdram            0x70000000         0x00200000         xrw
*default*        0x00000000         0xffffffff

Linker script and memory map

LOAD C:\Users\DIMMU\Documents\REPOS\ITESO\workspace\Debug\dbg_console.o
LOAD C:\Users\DIMMU\Documents\REPOS\ITESO\workspace\Debug\board_lowlevel.o
LOAD C:\Users\DIMMU\Documents\REPOS\ITESO\workspace\Debug\board_memories.o
LOAD C:\Users\DIMMU\Documents\REPOS\ITESO\workspace\Debug\exceptions.o
LOAD C:\Users\DIMMU\Documents\REPOS\ITESO\workspace\Debug\pio.o
LOAD C:\Users\DIMMU\Documents\REPOS\ITESO\workspace\Debug\mpu.o
LOAD C:\Users\DIMMU\Documents\REPOS\ITESO\workspace\Debug\pmc.o
LOAD C:\Users\DIMMU\Documents\REPOS\ITESO\workspace\Debug\uart.o
LOAD C:\Users\DIMMU\Documents\REPOS\ITESO\workspace\Debug\wdt.o
LOAD C:\Users\DIMMU\Documents\REPOS\ITESO\workspace\Debug\pio_it.o
LOAD C:\Users\DIMMU\Documents\REPOS\ITESO\workspace\Debug\supc.o
LOAD C:\Users\DIMMU\Documents\REPOS\ITESO\workspace\Debug\tc.o
LOAD C:\Users\DIMMU\Documents\REPOS\ITESO\workspace\Debug\xdma_hardware_interface.o
LOAD C:\Users\DIMMU\Documents\REPOS\ITESO\workspace\Debug\xdmac.o
LOAD C:\Users\DIMMU\Documents\REPOS\ITESO\workspace\Debug\xdmad.o
LOAD C:\Users\DIMMU\Documents\REPOS\ITESO\workspace\Debug\fpu.o
LOAD C:\Users\DIMMU\Documents\REPOS\ITESO\workspace\Debug\syscalls.o
LOAD C:\Users\DIMMU\Documents\REPOS\ITESO\workspace\Debug\system_sam.o
LOAD C:\Users\DIMMU\Documents\REPOS\ITESO\workspace\Debug\timetick.o
LOAD C:\Users\DIMMU\Documents\REPOS\ITESO\workspace\Debug\app_scheduler.o
LOAD C:\Users\DIMMU\Documents\REPOS\ITESO\workspace\Debug\Tasks.o
LOAD C:\Users\DIMMU\Documents\REPOS\ITESO\workspace\Debug\led.o
LOAD C:\Users\DIMMU\Documents\REPOS\ITESO\workspace\Debug\main.o
LOAD C:\Users\DIMMU\Documents\REPOS\ITESO\workspace\Debug\startup_sam.o
                0x00002000                STACK_SIZE = DEFINED (STACK_SIZE)?STACK_SIZE:0x2000
                0x00001000                HEAP_SIZE = DEFINED (HEAP_SIZE)?HEAP_SIZE:0x1000
                0x00010000                MY_HEAP_SIZE = DEFINED (MY_HEAP_SIZE)?MY_HEAP_SIZE:0x10000

.text           0x00400000     0x97e0
                0x00400000                . = ALIGN (0x4)
                0x00400000                _sfixed = .
 *(.vectors .vectors.*)
 .vectors       0x00400000      0x140 C:\Users\DIMMU\Documents\REPOS\ITESO\workspace\Debug\startup_sam.o
                0x00400000                exception_table
 *(.text .text.* .gnu.linkonce.t.*)
 .text          0x00400140      0x56c C:\Users\DIMMU\Documents\REPOS\ITESO\workspace\Debug\dbg_console.o
                0x00400140                DBG_Configure
                0x004001f0                DBG_PutChar
                0x00400244                DBG_GetChar
                0x00400288                DBG_IsRxReady
                0x004002c0                DBG_DumpFrame
                0x00400304                DBG_DumpMemory
                0x00400468                DBG_GetInteger
                0x00400538                DBG_GetIntegerMinMax
                0x00400598                DBG_GetHexa32
                0x00400640                puts
                0x0040066c                gets
 .text          0x004006ac      0x19c C:\Users\DIMMU\Documents\REPOS\ITESO\workspace\Debug\board_lowlevel.o
                0x004006ac                _SetupMemoryRegion
                0x00400838                LowLevelInit
 .text          0x00400848       0xe8 C:\Users\DIMMU\Documents\REPOS\ITESO\workspace\Debug\exceptions.o
                0x00400848                NMI_Handler
                0x004008d0                HardFault_Handler
                0x004008e4                MemManage_Handler
                0x004008fc                BusFault_Handler
                0x00400918                UsageFault_Handler
 .text          0x00400930      0x540 C:\Users\DIMMU\Documents\REPOS\ITESO\workspace\Debug\pio.o
                0x00400ba0                PIO_Configure
                0x00400d04                PIO_Set
                0x00400d20                PIO_Clear
                0x00400d3c                PIO_Get
                0x00400d84                PIO_GetOutputDataStatus
                0x00400db0                PIO_SetDebounceFilter
                0x00400dec                PIO_EnableWriteProtect
                0x00400e10                PIO_DisableWriteProtect
                0x00400e34                PIO_GetWriteProtectViolationInfo
                0x00400e54                PIO_SetPinType
 .text          0x00400e70       0xf0 C:\Users\DIMMU\Documents\REPOS\ITESO\workspace\Debug\mpu.o
                0x00400e70                MPU_Enable
                0x00400e8c                MPU_SetRegionNum
                0x00400ea8                MPU_DisableRegion
                0x00400ec4                MPU_SetRegion
                0x00400ee8                MPU_CalMPURegionSize
                0x00400f28                MPU_UpdateRegions
 .text          0x00400f60      0x76c C:\Users\DIMMU\Documents\REPOS\ITESO\workspace\Debug\pmc.o
                0x00401034                PMC_EnablePeripheral
                0x004010c4                PMC_DisablePeripheral
                0x00401154                PMC_EnableAllPeripherals
                0x00401194                PMC_DisableAllPeripherals
                0x004011d0                PMC_IsPeriphEnabled
                0x0040122c                PMC_EnableExtOsc
                0x004012a8                PMC_DisableExtOsc
                0x004012e4                PMC_SelectExtOsc
                0x00401350                PMC_SelectExtBypassOsc
                0x004013bc                PMC_EnableIntRC4_8_12MHz
                0x00401448                PMC_DisableIntRC4_8_12MHz
                0x0040148c                PMC_SetPllaClock
                0x004014e4                PMC_SetMckSelection
                0x00401528                PMC_DisableAllClocks
                0x00401578                PMC_ConfigureMckWithPlla
                0x004015b0                PMC_EnableXT32KFME
                0x004015dc                PMC_ConfigurePCK0
                0x0040162c                PMC_ConfigurePCK1
                0x0040167c                PMC_ConfigurePCK2
 .text          0x004016cc       0xa8 C:\Users\DIMMU\Documents\REPOS\ITESO\workspace\Debug\wdt.o
                0x004016cc                WDT_Enable
                0x004016e8                WDT_Disable
                0x00401704                WDT_Restart
                0x00401720                WDT_GetStatus
                0x0040173c                WDT_GetPeriod
 .text          0x00401774      0x4ac C:\Users\DIMMU\Documents\REPOS\ITESO\workspace\Debug\pio_it.o
                0x00401860                PioInterruptHandler
                0x00401910                PIOA_Handler
                0x00401924                PIOB_Handler
                0x00401938                PIOC_Handler
                0x0040194c                PIOD_Handler
                0x00401960                PIOE_Handler
                0x00401974                PIO_InitializeInterrupts
                0x00401a7c                PIO_ConfigureIt
                0x00401b58                PIO_EnableIt
                0x00401be8                PIO_DisableIt
 .text          0x00401c20       0xa0 C:\Users\DIMMU\Documents\REPOS\ITESO\workspace\Debug\fpu.o
                0x00401c90                vfnFpu_enable
 .text          0x00401cc0      0x164 C:\Users\DIMMU\Documents\REPOS\ITESO\workspace\Debug\syscalls.o
                0x00401cc0                _sbrk
                0x00401d00                link
                0x00401d1c                _close
                0x00401d34                _fstat
                0x00401d54                _isatty
                0x00401d6c                _lseek
                0x00401d88                _read
                0x00401da4                _write
                0x00401de0                _exit
                0x00401df8                _kill
                0x00401e10                _getpid
 .text          0x00401e24      0x378 C:\Users\DIMMU\Documents\REPOS\ITESO\workspace\Debug\system_sam.o
                0x00401e24                SystemInit
                0x00401f30                SystemCoreClockUpdate
                0x00402098                system_init_flash
                0x0040212c                sysclk_enable_usb
                0x00402168                sysclk_disable_usb
 .text          0x0040219c      0x33c C:\Users\DIMMU\Documents\REPOS\ITESO\workspace\Debug\timetick.o
                0x00402234                SysTick_Handler
                0x004022bc                SetTimeEvent
                0x004022d8                TimeTick_Configure
                0x00402398                GetDelayInTicks
                0x004023e4                GetTicks
                0x00402418                Wait
                0x00402478                Sleep
 .text          0x004024d8      0x26c C:\Users\DIMMU\Documents\REPOS\ITESO\workspace\Debug\app_scheduler.o
                0x004024d8                vfnScheduler_Callback
                0x00402604                vfnScheduler_Init
                0x00402688                vfnScheduler_Start
                0x004026a4                vfnScheduler_Stop
                0x004026bc                vfnTask_Scheduler
 .text          0x00402744       0xa4 C:\Users\DIMMU\Documents\REPOS\ITESO\workspace\Debug\Tasks.o
                0x00402744                vfnTsk_1ms
                0x00402750                vfnTsk_2msA
                0x0040275c                vfnTsk_2msB
                0x00402768                vfnTsk_10ms
                0x00402794                vfnTsk_50ms
                0x004027a0                vfnTsk_100ms
 .text          0x004027e8      0x168 C:\Users\DIMMU\Documents\REPOS\ITESO\workspace\Debug\led.o
                0x004027e8                LED_Configure
                0x00402820                LED_Set
                0x00402884                LED_Clear
                0x004028e8                LED_Toggle
 .text          0x00402950      0x274 C:\Users\DIMMU\Documents\REPOS\ITESO\workspace\Debug\main.o
                0x00402a40                main
 .text          0x00402bc4       0xe0 C:\Users\DIMMU\Documents\REPOS\ITESO\workspace\Debug\startup_sam.o
                0x00402c04                Reset_Handler
                0x00402c9c                DebugMon_Handler
                0x00402c9c                UART3_Handler
                0x00402c9c                UART2_Handler
                0x00402c9c                TRNG_Handler
                0x00402c9c                TC2_Handler
                0x00402c9c                AFEC1_Handler
                0x00402c9c                PendSV_Handler
                0x00402c9c                TC7_Handler
                0x00402c9c                QSPI_Handler
                0x00402c9c                ISI_Handler
                0x00402c9c                TC9_Handler
                0x00402c9c                RSWDT_Handler
                0x00402c9c                MCAN1_Handler
                0x00402c9c                USART0_Handler
                0x00402c9c                RTT_Handler
                0x00402c9c                USBHS_Handler
                0x00402c9c                CCF_Handler
                0x00402c9c                RTC_Handler
                0x00402c9c                TC6_Handler
                0x00402c9c                WDT_Handler
                0x00402c9c                TC4_Handler
                0x00402c9c                TC1_Handler
                0x00402c9c                HSMCI_Handler
                0x00402c9c                UART1_Handler
                0x00402c9c                DACC_Handler
                0x00402c9c                TC3_Handler
                0x00402c9c                Dummy_Handler
                0x00402c9c                TWIHS1_Handler
                0x00402c9c                XDMAC_Handler
                0x00402c9c                UART4_Handler
                0x00402c9c                PWM1_Handler
                0x00402c9c                USART1_Handler
                0x00402c9c                PWM0_Handler
                0x00402c9c                AFEC0_Handler
                0x00402c9c                CCW_Handler
                0x00402c9c                TC11_Handler
                0x00402c9c                SSC_Handler
                0x00402c9c                ACC_Handler
                0x00402c9c                PMC_Handler
                0x00402c9c                GMAC_Handler
                0x00402c9c                SUPC_Handler
                0x00402c9c                SVC_Handler
                0x00402c9c                TC8_Handler
                0x00402c9c                GMACQ2_Handler
                0x00402c9c                EFC_Handler
                0x00402c9c                USART2_Handler
                0x00402c9c                SDRAMC_Handler
                0x00402c9c                SPI1_Handler
                0x00402c9c                MCAN0_Handler
                0x00402c9c                TC10_Handler
                0x00402c9c                TWIHS2_Handler
                0x00402c9c                MLB_Handler
                0x00402c9c                UART0_Handler
                0x00402c9c                GMACQ1_Handler
                0x00402c9c                MCAN1_Line1_Handler
                0x00402c9c                FPU_Handler
                0x00402c9c                RSTC_Handler
                0x00402c9c                TC0_Handler
                0x00402c9c                MCAN0_Line1_Handler
                0x00402c9c                TC5_Handler
                0x00402c9c                AES_Handler
                0x00402c9c                ICM_Handler
                0x00402c9c                TWIHS0_Handler
                0x00402c9c                SPI0_Handler
 .text.__assert_func
                0x00402ca4       0x3c c:/isystem/winideaopen9/gcc/arm/bin/../lib/gcc/arm-none-eabi/4.9.3/../../../../arm-none-eabi/lib/cortex-m7\libc.a(lib_a-assert.o)
                0x00402ca4                __assert_func
 .text.fiprintf
                0x00402ce0       0x28 c:/isystem/winideaopen9/gcc/arm/bin/../lib/gcc/arm-none-eabi/4.9.3/../../../../arm-none-eabi/lib/cortex-m7\libc.a(lib_a-fiprintf.o)
                0x00402ce0                fiprintf
 .text          0x00402d08      0x134 c:/isystem/winideaopen9/gcc/arm/bin/../lib/gcc/arm-none-eabi/4.9.3/../../../../arm-none-eabi/lib/cortex-m7\libc.a(lib_a-memcpy.o)
                0x00402d08                memcpy
 .text.printf   0x00402e3c       0x28 c:/isystem/winideaopen9/gcc/arm/bin/../lib/gcc/arm-none-eabi/4.9.3/../../../../arm-none-eabi/lib/cortex-m7\libc.a(lib_a-printf.o)
                0x00402e3c                printf
 .text.putchar  0x00402e64       0x10 c:/isystem/winideaopen9/gcc/arm/bin/../lib/gcc/arm-none-eabi/4.9.3/../../../../arm-none-eabi/lib/cortex-m7\libc.a(lib_a-putchar.o)
                0x00402e64                putchar
 .text.setvbuf  0x00402e74       0xfc c:/isystem/winideaopen9/gcc/arm/bin/../lib/gcc/arm-none-eabi/4.9.3/../../../../arm-none-eabi/lib/cortex-m7\libc.a(lib_a-setvbuf.o)
                0x00402e74                setvbuf
 .text.__sprint_r.part.0
                0x00402f70       0x78 c:/isystem/winideaopen9/gcc/arm/bin/../lib/gcc/arm-none-eabi/4.9.3/../../../../arm-none-eabi/lib/cortex-m7\libc.a(lib_a-vfiprintf.o)
 .text.__sprint_r
                0x00402fe8       0x18 c:/isystem/winideaopen9/gcc/arm/bin/../lib/gcc/arm-none-eabi/4.9.3/../../../../arm-none-eabi/lib/cortex-m7\libc.a(lib_a-vfiprintf.o)
                0x00402fe8                __sprint_r
 .text._vfiprintf_r
                0x00403000      0xbf4 c:/isystem/winideaopen9/gcc/arm/bin/../lib/gcc/arm-none-eabi/4.9.3/../../../../arm-none-eabi/lib/cortex-m7\libc.a(lib_a-vfiprintf.o)
                0x00403000                _vfiprintf_r
 .text.__sbprintf
                0x00403bf4       0x80 c:/isystem/winideaopen9/gcc/arm/bin/../lib/gcc/arm-none-eabi/4.9.3/../../../../arm-none-eabi/lib/cortex-m7\libc.a(lib_a-vfiprintf.o)
 .text._vfprintf_r
                0x00403c74     0x1554 c:/isystem/winideaopen9/gcc/arm/bin/../lib/gcc/arm-none-eabi/4.9.3/../../../../arm-none-eabi/lib/cortex-m7\libc.a(lib_a-vfprintf.o)
                0x00403c74                _vfprintf_r
 .text.__sbprintf
                0x004051c8       0x80 c:/isystem/winideaopen9/gcc/arm/bin/../lib/gcc/arm-none-eabi/4.9.3/../../../../arm-none-eabi/lib/cortex-m7\libc.a(lib_a-vfprintf.o)
 .text.__swsetup_r
                0x00405248       0xc4 c:/isystem/winideaopen9/gcc/arm/bin/../lib/gcc/arm-none-eabi/4.9.3/../../../../arm-none-eabi/lib/cortex-m7\libc.a(lib_a-wsetup.o)
                0x00405248                __swsetup_r
 .text.abort    0x0040530c       0x10 c:/isystem/winideaopen9/gcc/arm/bin/../lib/gcc/arm-none-eabi/4.9.3/../../../../arm-none-eabi/lib/cortex-m7\libc.a(lib_a-abort.o)
                0x0040530c                abort
 .text.quorem   0x0040531c      0x140 c:/isystem/winideaopen9/gcc/arm/bin/../lib/gcc/arm-none-eabi/4.9.3/../../../../arm-none-eabi/lib/cortex-m7\libc.a(lib_a-dtoa.o)
 *fill*         0x0040545c        0x4 
 .text._dtoa_r  0x00405460      0xee8 c:/isystem/winideaopen9/gcc/arm/bin/../lib/gcc/arm-none-eabi/4.9.3/../../../../arm-none-eabi/lib/cortex-m7\libc.a(lib_a-dtoa.o)
                0x00405460                _dtoa_r
 .text.__sflush_r
                0x00406348      0x148 c:/isystem/winideaopen9/gcc/arm/bin/../lib/gcc/arm-none-eabi/4.9.3/../../../../arm-none-eabi/lib/cortex-m7\libc.a(lib_a-fflush.o)
                0x00406348                __sflush_r
 .text._fflush_r
                0x00406490       0x2c c:/isystem/winideaopen9/gcc/arm/bin/../lib/gcc/arm-none-eabi/4.9.3/../../../../arm-none-eabi/lib/cortex-m7\libc.a(lib_a-fflush.o)
                0x00406490                _fflush_r
 .text._cleanup_r
                0x004064bc        0xc c:/isystem/winideaopen9/gcc/arm/bin/../lib/gcc/arm-none-eabi/4.9.3/../../../../arm-none-eabi/lib/cortex-m7\libc.a(lib_a-findfp.o)
                0x004064bc                _cleanup_r
 .text.__sinit.part.1
                0x004064c8       0xfc c:/isystem/winideaopen9/gcc/arm/bin/../lib/gcc/arm-none-eabi/4.9.3/../../../../arm-none-eabi/lib/cortex-m7\libc.a(lib_a-findfp.o)
 .text.__sinit  0x004065c4        0xc c:/isystem/winideaopen9/gcc/arm/bin/../lib/gcc/arm-none-eabi/4.9.3/../../../../arm-none-eabi/lib/cortex-m7\libc.a(lib_a-findfp.o)
                0x004065c4                __sinit
 .text.__sfp_lock_acquire
                0x004065d0        0x4 c:/isystem/winideaopen9/gcc/arm/bin/../lib/gcc/arm-none-eabi/4.9.3/../../../../arm-none-eabi/lib/cortex-m7\libc.a(lib_a-findfp.o)
                0x004065d0                __sfp_lock_acquire
 .text.__sfp_lock_release
                0x004065d4        0x4 c:/isystem/winideaopen9/gcc/arm/bin/../lib/gcc/arm-none-eabi/4.9.3/../../../../arm-none-eabi/lib/cortex-m7\libc.a(lib_a-findfp.o)
                0x004065d4                __sfp_lock_release
 .text.__fputwc
                0x004065d8       0xb0 c:/isystem/winideaopen9/gcc/arm/bin/../lib/gcc/arm-none-eabi/4.9.3/../../../../arm-none-eabi/lib/cortex-m7\libc.a(lib_a-fputwc.o)
                0x004065d8                __fputwc
 .text._fputwc_r
                0x00406688       0x24 c:/isystem/winideaopen9/gcc/arm/bin/../lib/gcc/arm-none-eabi/4.9.3/../../../../arm-none-eabi/lib/cortex-m7\libc.a(lib_a-fputwc.o)
                0x00406688                _fputwc_r
 .text._malloc_trim_r
                0x004066ac       0x9c c:/isystem/winideaopen9/gcc/arm/bin/../lib/gcc/arm-none-eabi/4.9.3/../../../../arm-none-eabi/lib/cortex-m7\libc.a(lib_a-freer.o)
                0x004066ac                _malloc_trim_r
 .text._free_r  0x00406748      0x1b0 c:/isystem/winideaopen9/gcc/arm/bin/../lib/gcc/arm-none-eabi/4.9.3/../../../../arm-none-eabi/lib/cortex-m7\libc.a(lib_a-freer.o)
                0x00406748                _free_r
 .text.__sfvwrite_r
                0x004068f8      0x324 c:/isystem/winideaopen9/gcc/arm/bin/../lib/gcc/arm-none-eabi/4.9.3/../../../../arm-none-eabi/lib/cortex-m7\libc.a(lib_a-fvwrite.o)
                0x004068f8                __sfvwrite_r
 .text._fwalk_reent
                0x00406c1c       0x50 c:/isystem/winideaopen9/gcc/arm/bin/../lib/gcc/arm-none-eabi/4.9.3/../../../../arm-none-eabi/lib/cortex-m7\libc.a(lib_a-fwalk.o)
                0x00406c1c                _fwalk_reent
 .text.__locale_charset
                0x00406c6c        0x8 c:/isystem/winideaopen9/gcc/arm/bin/../lib/gcc/arm-none-eabi/4.9.3/../../../../arm-none-eabi/lib/cortex-m7\libc.a(lib_a-locale.o)
                0x00406c6c                __locale_charset
 .text.__locale_mb_cur_max
                0x00406c74        0xc c:/isystem/winideaopen9/gcc/arm/bin/../lib/gcc/arm-none-eabi/4.9.3/../../../../arm-none-eabi/lib/cortex-m7\libc.a(lib_a-locale.o)
                0x00406c74                __locale_mb_cur_max
 .text._localeconv_r
                0x00406c80        0x8 c:/isystem/winideaopen9/gcc/arm/bin/../lib/gcc/arm-none-eabi/4.9.3/../../../../arm-none-eabi/lib/cortex-m7\libc.a(lib_a-locale.o)
                0x00406c80                _localeconv_r
 .text.__smakebuf_r
                0x00406c88       0xe4 c:/isystem/winideaopen9/gcc/arm/bin/../lib/gcc/arm-none-eabi/4.9.3/../../../../arm-none-eabi/lib/cortex-m7\libc.a(lib_a-makebuf.o)
                0x00406c88                __smakebuf_r
 .text.malloc   0x00406d6c       0x10 c:/isystem/winideaopen9/gcc/arm/bin/../lib/gcc/arm-none-eabi/4.9.3/../../../../arm-none-eabi/lib/cortex-m7\libc.a(lib_a-malloc.o)
                0x00406d6c                malloc
 .text._malloc_r
                0x00406d7c      0x558 c:/isystem/winideaopen9/gcc/arm/bin/../lib/gcc/arm-none-eabi/4.9.3/../../../../arm-none-eabi/lib/cortex-m7\libc.a(lib_a-mallocr.o)
                0x00406d7c                _malloc_r
 .text.memchr   0x004072d4       0x90 c:/isystem/winideaopen9/gcc/arm/bin/../lib/gcc/arm-none-eabi/4.9.3/../../../../arm-none-eabi/lib/cortex-m7\libc.a(lib_a-memchr.o)
                0x004072d4                memchr
 .text.memmove  0x00407364       0xc4 c:/isystem/winideaopen9/gcc/arm/bin/../lib/gcc/arm-none-eabi/4.9.3/../../../../arm-none-eabi/lib/cortex-m7\libc.a(lib_a-memmove.o)
                0x00407364                memmove
 .text.memset   0x00407428       0xa0 c:/isystem/winideaopen9/gcc/arm/bin/../lib/gcc/arm-none-eabi/4.9.3/../../../../arm-none-eabi/lib/cortex-m7\libc.a(lib_a-memset.o)
                0x00407428                memset
 .text.__malloc_lock
                0x004074c8        0x4 c:/isystem/winideaopen9/gcc/arm/bin/../lib/gcc/arm-none-eabi/4.9.3/../../../../arm-none-eabi/lib/cortex-m7\libc.a(lib_a-mlock.o)
                0x004074c8                __malloc_lock
 .text.__malloc_unlock
                0x004074cc        0x4 c:/isystem/winideaopen9/gcc/arm/bin/../lib/gcc/arm-none-eabi/4.9.3/../../../../arm-none-eabi/lib/cortex-m7\libc.a(lib_a-mlock.o)
                0x004074cc                __malloc_unlock
 .text._Balloc  0x004074d0       0x50 c:/isystem/winideaopen9/gcc/arm/bin/../lib/gcc/arm-none-eabi/4.9.3/../../../../arm-none-eabi/lib/cortex-m7\libc.a(lib_a-mprec.o)
                0x004074d0                _Balloc
 .text._Bfree   0x00407520       0x14 c:/isystem/winideaopen9/gcc/arm/bin/../lib/gcc/arm-none-eabi/4.9.3/../../../../arm-none-eabi/lib/cortex-m7\libc.a(lib_a-mprec.o)
                0x00407520                _Bfree
 .text.__multadd
                0x00407534       0x84 c:/isystem/winideaopen9/gcc/arm/bin/../lib/gcc/arm-none-eabi/4.9.3/../../../../arm-none-eabi/lib/cortex-m7\libc.a(lib_a-mprec.o)
                0x00407534                __multadd
 .text.__hi0bits
                0x004075b8       0x44 c:/isystem/winideaopen9/gcc/arm/bin/../lib/gcc/arm-none-eabi/4.9.3/../../../../arm-none-eabi/lib/cortex-m7\libc.a(lib_a-mprec.o)
                0x004075b8                __hi0bits
 .text.__lo0bits
                0x004075fc       0x64 c:/isystem/winideaopen9/gcc/arm/bin/../lib/gcc/arm-none-eabi/4.9.3/../../../../arm-none-eabi/lib/cortex-m7\libc.a(lib_a-mprec.o)
                0x004075fc                __lo0bits
 .text.__i2b    0x00407660       0x14 c:/isystem/winideaopen9/gcc/arm/bin/../lib/gcc/arm-none-eabi/4.9.3/../../../../arm-none-eabi/lib/cortex-m7\libc.a(lib_a-mprec.o)
                0x00407660                __i2b
 .text.__multiply
                0x00407674      0x144 c:/isystem/winideaopen9/gcc/arm/bin/../lib/gcc/arm-none-eabi/4.9.3/../../../../arm-none-eabi/lib/cortex-m7\libc.a(lib_a-mprec.o)
                0x00407674                __multiply
 .text.__pow5mult
                0x004077b8       0xa0 c:/isystem/winideaopen9/gcc/arm/bin/../lib/gcc/arm-none-eabi/4.9.3/../../../../arm-none-eabi/lib/cortex-m7\libc.a(lib_a-mprec.o)
                0x004077b8                __pow5mult
 .text.__lshift
                0x00407858       0xb4 c:/isystem/winideaopen9/gcc/arm/bin/../lib/gcc/arm-none-eabi/4.9.3/../../../../arm-none-eabi/lib/cortex-m7\libc.a(lib_a-mprec.o)
                0x00407858                __lshift
 .text.__mcmp   0x0040790c       0x48 c:/isystem/winideaopen9/gcc/arm/bin/../lib/gcc/arm-none-eabi/4.9.3/../../../../arm-none-eabi/lib/cortex-m7\libc.a(lib_a-mprec.o)
                0x0040790c                __mcmp
 .text.__mdiff  0x00407954       0xe4 c:/isystem/winideaopen9/gcc/arm/bin/../lib/gcc/arm-none-eabi/4.9.3/../../../../arm-none-eabi/lib/cortex-m7\libc.a(lib_a-mprec.o)
                0x00407954                __mdiff
 .text.__d2b    0x00407a38       0xb0 c:/isystem/winideaopen9/gcc/arm/bin/../lib/gcc/arm-none-eabi/4.9.3/../../../../arm-none-eabi/lib/cortex-m7\libc.a(lib_a-mprec.o)
                0x00407a38                __d2b
 .text._putc_r  0x00407ae8       0x58 c:/isystem/winideaopen9/gcc/arm/bin/../lib/gcc/arm-none-eabi/4.9.3/../../../../arm-none-eabi/lib/cortex-m7\libc.a(lib_a-putc.o)
                0x00407ae8                _putc_r
 .text._realloc_r
                0x00407b40      0x3f0 c:/isystem/winideaopen9/gcc/arm/bin/../lib/gcc/arm-none-eabi/4.9.3/../../../../arm-none-eabi/lib/cortex-m7\libc.a(lib_a-reallocr.o)
                0x00407b40                _realloc_r
 .text.__fpclassifyd
                0x00407f30       0x44 c:/isystem/winideaopen9/gcc/arm/bin/../lib/gcc/arm-none-eabi/4.9.3/../../../../arm-none-eabi/lib/cortex-m7\libc.a(lib_a-s_fpclassify.o)
                0x00407f30                __fpclassifyd
 .text._sbrk_r  0x00407f74       0x24 c:/isystem/winideaopen9/gcc/arm/bin/../lib/gcc/arm-none-eabi/4.9.3/../../../../arm-none-eabi/lib/cortex-m7\libc.a(lib_a-sbrkr.o)
                0x00407f74                _sbrk_r
 .text._raise_r
                0x00407f98       0x58 c:/isystem/winideaopen9/gcc/arm/bin/../lib/gcc/arm-none-eabi/4.9.3/../../../../arm-none-eabi/lib/cortex-m7\libc.a(lib_a-signal.o)
                0x00407f98                _raise_r
 .text.raise    0x00407ff0       0x10 c:/isystem/winideaopen9/gcc/arm/bin/../lib/gcc/arm-none-eabi/4.9.3/../../../../arm-none-eabi/lib/cortex-m7\libc.a(lib_a-signal.o)
                0x00407ff0                raise
 .text._kill_r  0x00408000       0x28 c:/isystem/winideaopen9/gcc/arm/bin/../lib/gcc/arm-none-eabi/4.9.3/../../../../arm-none-eabi/lib/cortex-m7\libc.a(lib_a-signalr.o)
                0x00408000                _kill_r
 .text._getpid_r
                0x00408028        0x4 c:/isystem/winideaopen9/gcc/arm/bin/../lib/gcc/arm-none-eabi/4.9.3/../../../../arm-none-eabi/lib/cortex-m7\libc.a(lib_a-signalr.o)
                0x00408028                _getpid_r
 .text.__sread  0x0040802c       0x24 c:/isystem/winideaopen9/gcc/arm/bin/../lib/gcc/arm-none-eabi/4.9.3/../../../../arm-none-eabi/lib/cortex-m7\libc.a(lib_a-stdio.o)
                0x0040802c                __sread
 .text.__swrite
                0x00408050       0x38 c:/isystem/winideaopen9/gcc/arm/bin/../lib/gcc/arm-none-eabi/4.9.3/../../../../arm-none-eabi/lib/cortex-m7\libc.a(lib_a-stdio.o)
                0x00408050                __swrite
 .text.__sseek  0x00408088       0x24 c:/isystem/winideaopen9/gcc/arm/bin/../lib/gcc/arm-none-eabi/4.9.3/../../../../arm-none-eabi/lib/cortex-m7\libc.a(lib_a-stdio.o)
                0x00408088                __sseek
 .text.__sclose
                0x004080ac        0x8 c:/isystem/winideaopen9/gcc/arm/bin/../lib/gcc/arm-none-eabi/4.9.3/../../../../arm-none-eabi/lib/cortex-m7\libc.a(lib_a-stdio.o)
                0x004080ac                __sclose
 .text.strlen   0x004080b4       0x5c c:/isystem/winideaopen9/gcc/arm/bin/../lib/gcc/arm-none-eabi/4.9.3/../../../../arm-none-eabi/lib/cortex-m7\libc.a(lib_a-strlen.o)
                0x004080b4                strlen
 .text.__swbuf_r
                0x00408110       0xa8 c:/isystem/winideaopen9/gcc/arm/bin/../lib/gcc/arm-none-eabi/4.9.3/../../../../arm-none-eabi/lib/cortex-m7\libc.a(lib_a-wbuf.o)
                0x00408110                __swbuf_r
 .text._wcrtomb_r
                0x004081b8       0x54 c:/isystem/winideaopen9/gcc/arm/bin/../lib/gcc/arm-none-eabi/4.9.3/../../../../arm-none-eabi/lib/cortex-m7\libc.a(lib_a-wcrtomb.o)
                0x004081b8                _wcrtomb_r
 .text.__ascii_wctomb
                0x0040820c       0x18 c:/isystem/winideaopen9/gcc/arm/bin/../lib/gcc/arm-none-eabi/4.9.3/../../../../arm-none-eabi/lib/cortex-m7\libc.a(lib_a-wctomb_r.o)
                0x0040820c                __ascii_wctomb
 .text._write_r
                0x00408224       0x28 c:/isystem/winideaopen9/gcc/arm/bin/../lib/gcc/arm-none-eabi/4.9.3/../../../../arm-none-eabi/lib/cortex-m7\libc.a(lib_a-writer.o)
                0x00408224                _write_r
 .text._calloc_r
                0x0040824c       0x60 c:/isystem/winideaopen9/gcc/arm/bin/../lib/gcc/arm-none-eabi/4.9.3/../../../../arm-none-eabi/lib/cortex-m7\libc.a(lib_a-callocr.o)
                0x0040824c                _calloc_r
 .text._close_r
                0x004082ac       0x24 c:/isystem/winideaopen9/gcc/arm/bin/../lib/gcc/arm-none-eabi/4.9.3/../../../../arm-none-eabi/lib/cortex-m7\libc.a(lib_a-closer.o)
                0x004082ac                _close_r
 .text._fclose_r
                0x004082d0       0x84 c:/isystem/winideaopen9/gcc/arm/bin/../lib/gcc/arm-none-eabi/4.9.3/../../../../arm-none-eabi/lib/cortex-m7\libc.a(lib_a-fclose.o)
                0x004082d0                _fclose_r
 .text._fstat_r
                0x00408354       0x28 c:/isystem/winideaopen9/gcc/arm/bin/../lib/gcc/arm-none-eabi/4.9.3/../../../../arm-none-eabi/lib/cortex-m7\libc.a(lib_a-fstatr.o)
                0x00408354                _fstat_r
 .text._isatty_r
                0x0040837c       0x24 c:/isystem/winideaopen9/gcc/arm/bin/../lib/gcc/arm-none-eabi/4.9.3/../../../../arm-none-eabi/lib/cortex-m7\libc.a(lib_a-isattyr.o)
                0x0040837c                _isatty_r
 .text._lseek_r
                0x004083a0       0x28 c:/isystem/winideaopen9/gcc/arm/bin/../lib/gcc/arm-none-eabi/4.9.3/../../../../arm-none-eabi/lib/cortex-m7\libc.a(lib_a-lseekr.o)
                0x004083a0                _lseek_r
 .text._read_r  0x004083c8       0x28 c:/isystem/winideaopen9/gcc/arm/bin/../lib/gcc/arm-none-eabi/4.9.3/../../../../arm-none-eabi/lib/cortex-m7\libc.a(lib_a-readr.o)
                0x004083c8                _read_r
 .text          0x004083f0      0x370 c:/isystem/winideaopen9/gcc/arm/bin/../lib/gcc/arm-none-eabi/4.9.3/cortex-m7\libgcc.a(_arm_addsubdf3.o)
                0x004083f0                __aeabi_drsub
                0x004083f8                __aeabi_dsub
                0x004083f8                __subdf3
                0x004083fc                __aeabi_dadd
                0x004083fc                __adddf3
                0x00408674                __floatunsidf
                0x00408674                __aeabi_ui2d
                0x00408694                __floatsidf
                0x00408694                __aeabi_i2d
                0x004086b8                __aeabi_f2d
                0x004086b8                __extendsfdf2
                0x004086f4                __floatundidf
                0x004086f4                __aeabi_ul2d
                0x00408704                __floatdidf
                0x00408704                __aeabi_l2d
 .text          0x00408760      0x424 c:/isystem/winideaopen9/gcc/arm/bin/../lib/gcc/arm-none-eabi/4.9.3/cortex-m7\libgcc.a(_arm_muldivdf3.o)
                0x00408760                __aeabi_dmul
                0x00408760                __muldf3
                0x004089b4                __divdf3
                0x004089b4                __aeabi_ddiv
 .text          0x00408b84      0x110 c:/isystem/winideaopen9/gcc/arm/bin/../lib/gcc/arm-none-eabi/4.9.3/cortex-m7\libgcc.a(_arm_cmpdf2.o)
                0x00408b84                __gtdf2
                0x00408b84                __gedf2
                0x00408b8c                __ltdf2
                0x00408b8c                __ledf2
                0x00408b94                __nedf2
                0x00408b94                __eqdf2
                0x00408b94                __cmpdf2
                0x00408c10                __aeabi_cdrcmple
                0x00408c20                __aeabi_cdcmpeq
                0x00408c20                __aeabi_cdcmple
                0x00408c30                __aeabi_dcmpeq
                0x00408c44                __aeabi_dcmplt
                0x00408c58                __aeabi_dcmple
                0x00408c6c                __aeabi_dcmpge
                0x00408c80                __aeabi_dcmpgt
 .text          0x00408c94       0x50 c:/isystem/winideaopen9/gcc/arm/bin/../lib/gcc/arm-none-eabi/4.9.3/cortex-m7\libgcc.a(_arm_fixdfsi.o)
                0x00408c94                __aeabi_d2iz
                0x00408c94                __fixdfsi
 .text          0x00408ce4       0x30 c:/isystem/winideaopen9/gcc/arm/bin/../lib/gcc/arm-none-eabi/4.9.3/cortex-m7\libgcc.a(_aeabi_uldivmod.o)
                0x00408ce4                __aeabi_uldivmod
 .text          0x00408d14       0x60 c:/isystem/winideaopen9/gcc/arm/bin/../lib/gcc/arm-none-eabi/4.9.3/cortex-m7\libgcc.a(bpabi.o)
                0x00408d14                __gnu_ldivmod_helper
                0x00408d44                __gnu_uldivmod_helper
 .text          0x00408d74        0x4 c:/isystem/winideaopen9/gcc/arm/bin/../lib/gcc/arm-none-eabi/4.9.3/cortex-m7\libgcc.a(_dvmd_tls.o)
                0x00408d74                __aeabi_idiv0
                0x00408d74                __aeabi_ldiv0
 .text          0x00408d78      0x284 c:/isystem/winideaopen9/gcc/arm/bin/../lib/gcc/arm-none-eabi/4.9.3/cortex-m7\libgcc.a(_divdi3.o)
                0x00408d78                __divdi3
 .text          0x00408ffc      0x248 c:/isystem/winideaopen9/gcc/arm/bin/../lib/gcc/arm-none-eabi/4.9.3/cortex-m7\libgcc.a(_udivdi3.o)
                0x00408ffc                __udivdi3
 *(.glue_7t)
 .glue_7t       0x00000000        0x0 linker stubs
 *(.glue_7)
 .glue_7        0x00000000        0x0 linker stubs
 *(.rodata .rodata* .gnu.linkonce.r.*)
 .rodata        0x00409244       0xf7 C:\Users\DIMMU\Documents\REPOS\ITESO\workspace\Debug\dbg_console.o
 *fill*         0x0040933b        0x1 
 .rodata        0x0040933c       0xa8 C:\Users\DIMMU\Documents\REPOS\ITESO\workspace\Debug\pmc.o
 .rodata        0x004093e4       0xea C:\Users\DIMMU\Documents\REPOS\ITESO\workspace\Debug\pio_it.o
 *fill*         0x004094ce        0x2 
 .rodata        0x004094d0       0x19 C:\Users\DIMMU\Documents\REPOS\ITESO\workspace\Debug\syscalls.o
 *fill*         0x004094e9        0x3 
 .rodata        0x004094ec       0xee C:\Users\DIMMU\Documents\REPOS\ITESO\workspace\Debug\timetick.o
 *fill*         0x004095da        0x2 
 .rodata        0x004095dc       0x1c C:\Users\DIMMU\Documents\REPOS\ITESO\workspace\Debug\led.o
 .rodata.str1.4
                0x004095f8       0x3f c:/isystem/winideaopen9/gcc/arm/bin/../lib/gcc/arm-none-eabi/4.9.3/../../../../arm-none-eabi/lib/cortex-m7\libc.a(lib_a-assert.o)
                                 0x43 (size before relaxing)
 *fill*         0x00409637        0x1 
 .rodata.str1.4
                0x00409638        0x2 c:/isystem/winideaopen9/gcc/arm/bin/../lib/gcc/arm-none-eabi/4.9.3/../../../../arm-none-eabi/lib/cortex-m7\libc.a(lib_a-impure.o)
 *fill*         0x0040963a        0x2 
 .rodata.zeroes.6869
                0x0040963c       0x10 c:/isystem/winideaopen9/gcc/arm/bin/../lib/gcc/arm-none-eabi/4.9.3/../../../../arm-none-eabi/lib/cortex-m7\libc.a(lib_a-vfiprintf.o)
 .rodata.str1.4
                0x0040964c       0x2f c:/isystem/winideaopen9/gcc/arm/bin/../lib/gcc/arm-none-eabi/4.9.3/../../../../arm-none-eabi/lib/cortex-m7\libc.a(lib_a-vfiprintf.o)
 *fill*         0x0040967b        0x1 
 .rodata.blanks.6868
                0x0040967c       0x10 c:/isystem/winideaopen9/gcc/arm/bin/../lib/gcc/arm-none-eabi/4.9.3/../../../../arm-none-eabi/lib/cortex-m7\libc.a(lib_a-vfiprintf.o)
 .rodata.zeroes.6926
                0x0040968c       0x10 c:/isystem/winideaopen9/gcc/arm/bin/../lib/gcc/arm-none-eabi/4.9.3/../../../../arm-none-eabi/lib/cortex-m7\libc.a(lib_a-vfprintf.o)
 .rodata.str1.4
                0x0040969c       0x12 c:/isystem/winideaopen9/gcc/arm/bin/../lib/gcc/arm-none-eabi/4.9.3/../../../../arm-none-eabi/lib/cortex-m7\libc.a(lib_a-vfprintf.o)
                                 0x42 (size before relaxing)
 *fill*         0x004096ae        0x2 
 .rodata.blanks.6925
                0x004096b0       0x10 c:/isystem/winideaopen9/gcc/arm/bin/../lib/gcc/arm-none-eabi/4.9.3/../../../../arm-none-eabi/lib/cortex-m7\libc.a(lib_a-vfprintf.o)
 .rodata.str1.4
                0x004096c0       0x10 c:/isystem/winideaopen9/gcc/arm/bin/../lib/gcc/arm-none-eabi/4.9.3/../../../../arm-none-eabi/lib/cortex-m7\libc.a(lib_a-dtoa.o)
                                 0x12 (size before relaxing)
 .rodata.str1.4
                0x004096d0        0xc c:/isystem/winideaopen9/gcc/arm/bin/../lib/gcc/arm-none-eabi/4.9.3/../../../../arm-none-eabi/lib/cortex-m7\libc.a(lib_a-locale.o)
                                 0x12 (size before relaxing)
 *fill*         0x004096dc        0x4 
 .rodata.__mprec_tens
                0x004096e0       0xc8 c:/isystem/winideaopen9/gcc/arm/bin/../lib/gcc/arm-none-eabi/4.9.3/../../../../arm-none-eabi/lib/cortex-m7\libc.a(lib_a-mprec.o)
                0x004096e0                __mprec_tens
 .rodata.p05.5302
                0x004097a8        0xc c:/isystem/winideaopen9/gcc/arm/bin/../lib/gcc/arm-none-eabi/4.9.3/../../../../arm-none-eabi/lib/cortex-m7\libc.a(lib_a-mprec.o)
 *fill*         0x004097b4        0x4 
 .rodata.__mprec_bigtens
                0x004097b8       0x28 c:/isystem/winideaopen9/gcc/arm/bin/../lib/gcc/arm-none-eabi/4.9.3/../../../../arm-none-eabi/lib/cortex-m7\libc.a(lib_a-mprec.o)
                0x004097b8                __mprec_bigtens
 *(.ARM.extab* .gnu.linkonce.armextab.*)
                0x004097e0                . = ALIGN (0x4)
 *(.init)
                0x004097e0                . = ALIGN (0x4)
                0x004097e0                __preinit_array_start = .
 *(.preinit_array)
                0x004097e0                __preinit_array_end = .
                0x004097e0                . = ALIGN (0x4)
                0x004097e0                __init_array_start = .
 *(SORT(.init_array.*))
 *(.init_array)
                0x004097e0                __init_array_end = .
                0x004097e0                . = ALIGN (0x4)
 *crtbegin.o(.ctors)
 *(EXCLUDE_FILE(*crtend.o) .ctors)
 *(SORT(.ctors.*))
 *crtend.o(.ctors)
                0x004097e0                . = ALIGN (0x4)
 *(.fini)
                0x004097e0                . = ALIGN (0x4)
                0x004097e0                __fini_array_start = .
 *(.fini_array)
 *(SORT(.fini_array.*))
                0x004097e0                __fini_array_end = .
 *crtbegin.o(.dtors)
 *(EXCLUDE_FILE(*crtend.o) .dtors)
 *(SORT(.dtors.*))
 *crtend.o(.dtors)
                0x004097e0                . = ALIGN (0x4)
                0x004097e0                _efixed = .
                0x004097e0                PROVIDE (__exidx_start, .)

.vfp11_veneer   0x004097e0        0x0
 .vfp11_veneer  0x00000000        0x0 linker stubs

.v4_bx          0x004097e0        0x0
 .v4_bx         0x00000000        0x0 linker stubs

.iplt           0x004097e0        0x0
 .iplt          0x00000000        0x0 C:\Users\DIMMU\Documents\REPOS\ITESO\workspace\Debug\dbg_console.o

.igot.plt       0x004097e0        0x0
 .igot.plt      0x00000000        0x0 C:\Users\DIMMU\Documents\REPOS\ITESO\workspace\Debug\dbg_console.o

.ARM.exidx      0x004097e0        0x8
 *(.ARM.exidx* .gnu.linkonce.armexidx.*)
 .ARM.exidx     0x004097e0        0x8 c:/isystem/winideaopen9/gcc/arm/bin/../lib/gcc/arm-none-eabi/4.9.3/cortex-m7\libgcc.a(_divdi3.o)
 .ARM.exidx     0x004097e8        0x0 c:/isystem/winideaopen9/gcc/arm/bin/../lib/gcc/arm-none-eabi/4.9.3/cortex-m7\libgcc.a(_udivdi3.o)
                                  0x8 (size before relaxing)
                0x004097e8                PROVIDE (__exidx_end, .)

.rel.dyn        0x004097e8        0x0
 .rel.iplt      0x00000000        0x0 C:\Users\DIMMU\Documents\REPOS\ITESO\workspace\Debug\dbg_console.o
                0x004097e8                . = ALIGN (0x4)
                0x004097e8                _etext = .

.relocate       0x20400000      0x8e4 load address 0x004097e8
                0x20400000                . = ALIGN (0x4)
                0x20400000                _srelocate = .
 *(.ramfunc .ramfunc.*)
 *(.data .data.*)
 .data          0x20400000        0x4 C:\Users\DIMMU\Documents\REPOS\ITESO\workspace\Debug\system_sam.o
                0x20400000                SystemCoreClock
 .data          0x20400004       0x40 C:\Users\DIMMU\Documents\REPOS\ITESO\workspace\Debug\main.o
                0x20400004                Tasks
                0x20400034                AvgMask2x2
 *fill*         0x20400044        0x4 
 .data.impure_data
                0x20400048      0x428 c:/isystem/winideaopen9/gcc/arm/bin/../lib/gcc/arm-none-eabi/4.9.3/../../../../arm-none-eabi/lib/cortex-m7\libc.a(lib_a-impure.o)
 .data._impure_ptr
                0x20400470        0x4 c:/isystem/winideaopen9/gcc/arm/bin/../lib/gcc/arm-none-eabi/4.9.3/../../../../arm-none-eabi/lib/cortex-m7\libc.a(lib_a-impure.o)
                0x20400470                _impure_ptr
 .data.lconv    0x20400474       0x38 c:/isystem/winideaopen9/gcc/arm/bin/../lib/gcc/arm-none-eabi/4.9.3/../../../../arm-none-eabi/lib/cortex-m7\libc.a(lib_a-locale.o)
 .data.lc_ctype_charset
                0x204004ac       0x20 c:/isystem/winideaopen9/gcc/arm/bin/../lib/gcc/arm-none-eabi/4.9.3/../../../../arm-none-eabi/lib/cortex-m7\libc.a(lib_a-locale.o)
 .data.__mb_cur_max
                0x204004cc        0x4 c:/isystem/winideaopen9/gcc/arm/bin/../lib/gcc/arm-none-eabi/4.9.3/../../../../arm-none-eabi/lib/cortex-m7\libc.a(lib_a-locale.o)
                0x204004cc                __mb_cur_max
 .data.__malloc_av_
                0x204004d0      0x408 c:/isystem/winideaopen9/gcc/arm/bin/../lib/gcc/arm-none-eabi/4.9.3/../../../../arm-none-eabi/lib/cortex-m7\libc.a(lib_a-mallocr.o)
                0x204004d0                __malloc_av_
 .data.__malloc_trim_threshold
                0x204008d8        0x4 c:/isystem/winideaopen9/gcc/arm/bin/../lib/gcc/arm-none-eabi/4.9.3/../../../../arm-none-eabi/lib/cortex-m7\libc.a(lib_a-mallocr.o)
                0x204008d8                __malloc_trim_threshold
 .data.__malloc_sbrk_base
                0x204008dc        0x4 c:/isystem/winideaopen9/gcc/arm/bin/../lib/gcc/arm-none-eabi/4.9.3/../../../../arm-none-eabi/lib/cortex-m7\libc.a(lib_a-mallocr.o)
                0x204008dc                __malloc_sbrk_base
 .data.__wctomb
                0x204008e0        0x4 c:/isystem/winideaopen9/gcc/arm/bin/../lib/gcc/arm-none-eabi/4.9.3/../../../../arm-none-eabi/lib/cortex-m7\libc.a(lib_a-wctomb_r.o)
                0x204008e0                __wctomb
                0x204008e4                . = ALIGN (0x4)
                0x204008e4                _erelocate = .

.bss            0x204008e4    0x1739c load address 0x0040a0cc
                0x204008e4                . = ALIGN (0x4)
                0x204008e4                _sbss = .
                0x204008e4                _szero = .
 *(.bss .bss.*)
 .bss           0x204008e4        0x6 C:\Users\DIMMU\Documents\REPOS\ITESO\workspace\Debug\dbg_console.o
 *fill*         0x204008ea        0x2 
 .bss           0x204008ec       0x44 C:\Users\DIMMU\Documents\REPOS\ITESO\workspace\Debug\pio_it.o
 .bss           0x20400930        0xc C:\Users\DIMMU\Documents\REPOS\ITESO\workspace\Debug\syscalls.o
 .bss           0x2040093c       0x18 C:\Users\DIMMU\Documents\REPOS\ITESO\workspace\Debug\timetick.o
 .bss           0x20400954        0x3 C:\Users\DIMMU\Documents\REPOS\ITESO\workspace\Debug\Tasks.o
                0x20400954                u8100ms_Ctr
                0x20400955                u8100ms_Ctr2
 *fill*         0x20400957        0x1 
 .bss.__malloc_max_total_mem
                0x20400958        0x4 c:/isystem/winideaopen9/gcc/arm/bin/../lib/gcc/arm-none-eabi/4.9.3/../../../../arm-none-eabi/lib/cortex-m7\libc.a(lib_a-mallocr.o)
                0x20400958                __malloc_max_total_mem
 .bss.__malloc_max_sbrked_mem
                0x2040095c        0x4 c:/isystem/winideaopen9/gcc/arm/bin/../lib/gcc/arm-none-eabi/4.9.3/../../../../arm-none-eabi/lib/cortex-m7\libc.a(lib_a-mallocr.o)
                0x2040095c                __malloc_max_sbrked_mem
 .bss.__malloc_top_pad
                0x20400960        0x4 c:/isystem/winideaopen9/gcc/arm/bin/../lib/gcc/arm-none-eabi/4.9.3/../../../../arm-none-eabi/lib/cortex-m7\libc.a(lib_a-mallocr.o)
                0x20400960                __malloc_top_pad
 .bss.__malloc_current_mallinfo
                0x20400964       0x28 c:/isystem/winideaopen9/gcc/arm/bin/../lib/gcc/arm-none-eabi/4.9.3/../../../../arm-none-eabi/lib/cortex-m7\libc.a(lib_a-mallocr.o)
                0x20400964                __malloc_current_mallinfo
 *(COMMON)
 COMMON         0x2040098c       0x14 C:\Users\DIMMU\Documents\REPOS\ITESO\workspace\Debug\timetick.o
                0x2040098c                gfunc_ptr
                0x20400990                DelayTimer
 COMMON         0x204009a0       0x3a C:\Users\DIMMU\Documents\REPOS\ITESO\workspace\Debug\app_scheduler.o
                0x204009a0                u8_50ms_Counter
                0x204009a4                task_ctrl_array
                0x204009d4                gu8Scheduler_Status
                0x204009d5                gu8Scheduler_Thread_ID_Backup
                0x204009d6                u8_10ms_Counter
                0x204009d7                u8_100ms_Counter
                0x204009d8                gu8Scheduler_Counter
                0x204009d9                gu8Scheduler_Thread_ID
 *fill*         0x204009da        0x2 
 COMMON         0x204009dc    0x172a0 C:\Users\DIMMU\Documents\REPOS\ITESO\workspace\Debug\main.o
                0x204009dc                tmp
                0x204009e0                ptrScaled
                0x204009e4                Lena_Image
                0x20417c74                i_index
                0x20417c76                j_index
                0x20417c78                ptrOriginal
 COMMON         0x20417c7c        0x4 c:/isystem/winideaopen9/gcc/arm/bin/../lib/gcc/arm-none-eabi/4.9.3/../../../../arm-none-eabi/lib/cortex-m7\libc.a(lib_a-reent.o)
                0x20417c7c                errno
                0x20417c80                . = ALIGN (0x4)
                0x20417c80                _ebss = .
                0x20417c80                _ezero = .

.four_byte_aligment
                0x20417c80    0x172c0 load address 0x00421468
                0x20417c80                . = ALIGN (0x4)
                0x20417c80                _sfour_byte_aligment = .
 *(.four_byte_aligment)
 .four_byte_aligment
                0x20417c80    0x172c0 C:\Users\DIMMU\Documents\REPOS\ITESO\workspace\Debug\main.o
                0x20417c80                Filtered2x2scaled
                0x20417c84                var_a
                0x20417c88                var_b
                0x20417c8c                var_c
                0x20417c90                var_d
                0x20417c94                f00
                0x20417c98                pImage
                0x20417c9c                pImageColAdd
                0x20417ca0                AvgMask2x2scaled
                0x20417cb0                Lena_Image_Filtered
                0x2042ef40                . = ALIGN (0x4)
                0x2042ef40                _efour_byte_aligment = .

.stack          0x2042ef40     0x2000 load address 0x00438728
                0x2042ef40                . = ALIGN (0x8)
                0x2042ef40                _sstack = .
                0x20430f40                . = (. + STACK_SIZE)
 *fill*         0x2042ef40     0x2000 
                0x20430f40                . = ALIGN (0x8)
                0x20430f40                _estack = .

.heap           0x20430f40     0x1000 load address 0x0043a728
                0x20430f40                . = ALIGN (0x8)
                0x20430f40                _sheap = .
                0x20431f40                . = (. + HEAP_SIZE)
 *fill*         0x20430f40     0x1000 
                0x20431f40                . = ALIGN (0x8)
                0x20431f40                _eheap = .

.my_heap        0x20450000    0x10000
                0x20450000                . = ALIGN (0x8)
                0x20450000                HEAP_LLD = .
                0x20450000                _smyheap = .
                0x20460000                . = (. + MY_HEAP_SIZE)
 *fill*         0x20450000    0x10000 
                0x20460000                . = ALIGN (0x8)
                0x20460000                _emyheap = .
                0x20460000                . = ALIGN (0x4)
                0x20460000                _end = .
                0x2044ffff                _ram_end_ = ((ORIGIN (ram) + 0x50000) - 0x1)
                0x20460000                _sdram_lma = .

sdram_region
 *(sdram_region)
LOAD c:/isystem/winideaopen9/gcc/arm/bin/../lib/gcc/arm-none-eabi/4.9.3/../../../../arm-none-eabi/lib/cortex-m7\libc.a
LOAD c:/isystem/winideaopen9/gcc/arm/bin/../lib/gcc/arm-none-eabi/4.9.3/cortex-m7\libgcc.a
LOAD c:/isystem/winideaopen9/gcc/arm/bin/../lib/gcc/arm-none-eabi/4.9.3/../../../../arm-none-eabi/lib/cortex-m7\libm.a
OUTPUT(BaseProject.elf elf32-littlearm)

.debug_info     0x00000000     0x7d22
 .debug_info    0x00000000     0x14dc C:\Users\DIMMU\Documents\REPOS\ITESO\workspace\Debug\dbg_console.o
 .debug_info    0x000014dc      0x4f5 C:\Users\DIMMU\Documents\REPOS\ITESO\workspace\Debug\board_lowlevel.o
 .debug_info    0x000019d1      0x59c C:\Users\DIMMU\Documents\REPOS\ITESO\workspace\Debug\exceptions.o
 .debug_info    0x00001f6d      0xa00 C:\Users\DIMMU\Documents\REPOS\ITESO\workspace\Debug\pio.o
 .debug_info    0x0000296d      0x327 C:\Users\DIMMU\Documents\REPOS\ITESO\workspace\Debug\mpu.o
 .debug_info    0x00002c94      0x78b C:\Users\DIMMU\Documents\REPOS\ITESO\workspace\Debug\pmc.o
 .debug_info    0x0000341f      0x1fd C:\Users\DIMMU\Documents\REPOS\ITESO\workspace\Debug\wdt.o
 .debug_info    0x0000361c      0xf6c C:\Users\DIMMU\Documents\REPOS\ITESO\workspace\Debug\pio_it.o
 .debug_info    0x00004588      0x266 C:\Users\DIMMU\Documents\REPOS\ITESO\workspace\Debug\fpu.o
 .debug_info    0x000047ee      0x4cc C:\Users\DIMMU\Documents\REPOS\ITESO\workspace\Debug\syscalls.o
 .debug_info    0x00004cba      0x515 C:\Users\DIMMU\Documents\REPOS\ITESO\workspace\Debug\system_sam.o
 .debug_info    0x000051cf      0xdca C:\Users\DIMMU\Documents\REPOS\ITESO\workspace\Debug\timetick.o
 .debug_info    0x00005f99      0x2d2 C:\Users\DIMMU\Documents\REPOS\ITESO\workspace\Debug\app_scheduler.o
 .debug_info    0x0000626b      0x120 C:\Users\DIMMU\Documents\REPOS\ITESO\workspace\Debug\Tasks.o
 .debug_info    0x0000638b      0x6f3 C:\Users\DIMMU\Documents\REPOS\ITESO\workspace\Debug\led.o
 .debug_info    0x00006a7e      0x8dc C:\Users\DIMMU\Documents\REPOS\ITESO\workspace\Debug\main.o
 .debug_info    0x0000735a      0x9c8 C:\Users\DIMMU\Documents\REPOS\ITESO\workspace\Debug\startup_sam.o

.debug_abbrev   0x00000000     0x193c
 .debug_abbrev  0x00000000      0x26e C:\Users\DIMMU\Documents\REPOS\ITESO\workspace\Debug\dbg_console.o
 .debug_abbrev  0x0000026e      0x12f C:\Users\DIMMU\Documents\REPOS\ITESO\workspace\Debug\board_lowlevel.o
 .debug_abbrev  0x0000039d      0x152 C:\Users\DIMMU\Documents\REPOS\ITESO\workspace\Debug\exceptions.o
 .debug_abbrev  0x000004ef      0x19d C:\Users\DIMMU\Documents\REPOS\ITESO\workspace\Debug\pio.o
 .debug_abbrev  0x0000068c      0x144 C:\Users\DIMMU\Documents\REPOS\ITESO\workspace\Debug\mpu.o
 .debug_abbrev  0x000007d0      0x1ce C:\Users\DIMMU\Documents\REPOS\ITESO\workspace\Debug\pmc.o
 .debug_abbrev  0x0000099e       0xdf C:\Users\DIMMU\Documents\REPOS\ITESO\workspace\Debug\wdt.o
 .debug_abbrev  0x00000a7d      0x22b C:\Users\DIMMU\Documents\REPOS\ITESO\workspace\Debug\pio_it.o
 .debug_abbrev  0x00000ca8      0x146 C:\Users\DIMMU\Documents\REPOS\ITESO\workspace\Debug\fpu.o
 .debug_abbrev  0x00000dee      0x15e C:\Users\DIMMU\Documents\REPOS\ITESO\workspace\Debug\syscalls.o
 .debug_abbrev  0x00000f4c      0x127 C:\Users\DIMMU\Documents\REPOS\ITESO\workspace\Debug\system_sam.o
 .debug_abbrev  0x00001073      0x23e C:\Users\DIMMU\Documents\REPOS\ITESO\workspace\Debug\timetick.o
 .debug_abbrev  0x000012b1      0x132 C:\Users\DIMMU\Documents\REPOS\ITESO\workspace\Debug\app_scheduler.o
 .debug_abbrev  0x000013e3       0x8a C:\Users\DIMMU\Documents\REPOS\ITESO\workspace\Debug\Tasks.o
 .debug_abbrev  0x0000146d      0x113 C:\Users\DIMMU\Documents\REPOS\ITESO\workspace\Debug\led.o
 .debug_abbrev  0x00001580      0x21c C:\Users\DIMMU\Documents\REPOS\ITESO\workspace\Debug\main.o
 .debug_abbrev  0x0000179c      0x1a0 C:\Users\DIMMU\Documents\REPOS\ITESO\workspace\Debug\startup_sam.o

.debug_aranges  0x00000000      0x220
 .debug_aranges
                0x00000000       0x20 C:\Users\DIMMU\Documents\REPOS\ITESO\workspace\Debug\dbg_console.o
 .debug_aranges
                0x00000020       0x20 C:\Users\DIMMU\Documents\REPOS\ITESO\workspace\Debug\board_lowlevel.o
 .debug_aranges
                0x00000040       0x20 C:\Users\DIMMU\Documents\REPOS\ITESO\workspace\Debug\exceptions.o
 .debug_aranges
                0x00000060       0x20 C:\Users\DIMMU\Documents\REPOS\ITESO\workspace\Debug\pio.o
 .debug_aranges
                0x00000080       0x20 C:\Users\DIMMU\Documents\REPOS\ITESO\workspace\Debug\mpu.o
 .debug_aranges
                0x000000a0       0x20 C:\Users\DIMMU\Documents\REPOS\ITESO\workspace\Debug\pmc.o
 .debug_aranges
                0x000000c0       0x20 C:\Users\DIMMU\Documents\REPOS\ITESO\workspace\Debug\wdt.o
 .debug_aranges
                0x000000e0       0x20 C:\Users\DIMMU\Documents\REPOS\ITESO\workspace\Debug\pio_it.o
 .debug_aranges
                0x00000100       0x20 C:\Users\DIMMU\Documents\REPOS\ITESO\workspace\Debug\fpu.o
 .debug_aranges
                0x00000120       0x20 C:\Users\DIMMU\Documents\REPOS\ITESO\workspace\Debug\syscalls.o
 .debug_aranges
                0x00000140       0x20 C:\Users\DIMMU\Documents\REPOS\ITESO\workspace\Debug\system_sam.o
 .debug_aranges
                0x00000160       0x20 C:\Users\DIMMU\Documents\REPOS\ITESO\workspace\Debug\timetick.o
 .debug_aranges
                0x00000180       0x20 C:\Users\DIMMU\Documents\REPOS\ITESO\workspace\Debug\app_scheduler.o
 .debug_aranges
                0x000001a0       0x20 C:\Users\DIMMU\Documents\REPOS\ITESO\workspace\Debug\Tasks.o
 .debug_aranges
                0x000001c0       0x20 C:\Users\DIMMU\Documents\REPOS\ITESO\workspace\Debug\led.o
 .debug_aranges
                0x000001e0       0x20 C:\Users\DIMMU\Documents\REPOS\ITESO\workspace\Debug\main.o
 .debug_aranges
                0x00000200       0x20 C:\Users\DIMMU\Documents\REPOS\ITESO\workspace\Debug\startup_sam.o

.debug_macro    0x00000000    0x1cc48
 .debug_macro   0x00000000      0x737 C:\Users\DIMMU\Documents\REPOS\ITESO\workspace\Debug\dbg_console.o
 .debug_macro   0x00000737      0x86e C:\Users\DIMMU\Documents\REPOS\ITESO\workspace\Debug\dbg_console.o
 .debug_macro   0x00000fa5       0x22 C:\Users\DIMMU\Documents\REPOS\ITESO\workspace\Debug\dbg_console.o
 .debug_macro   0x00000fc7       0x44 C:\Users\DIMMU\Documents\REPOS\ITESO\workspace\Debug\dbg_console.o
 .debug_macro   0x0000100b       0xe3 C:\Users\DIMMU\Documents\REPOS\ITESO\workspace\Debug\dbg_console.o
 .debug_macro   0x000010ee       0x22 C:\Users\DIMMU\Documents\REPOS\ITESO\workspace\Debug\dbg_console.o
 .debug_macro   0x00001110      0x1df C:\Users\DIMMU\Documents\REPOS\ITESO\workspace\Debug\dbg_console.o
 .debug_macro   0x000012ef       0x4a C:\Users\DIMMU\Documents\REPOS\ITESO\workspace\Debug\dbg_console.o
 .debug_macro   0x00001339       0x3b C:\Users\DIMMU\Documents\REPOS\ITESO\workspace\Debug\dbg_console.o
 .debug_macro   0x00001374       0x18 C:\Users\DIMMU\Documents\REPOS\ITESO\workspace\Debug\dbg_console.o
 .debug_macro   0x0000138c       0x26 C:\Users\DIMMU\Documents\REPOS\ITESO\workspace\Debug\dbg_console.o
 .debug_macro   0x000013b2      0xf9a C:\Users\DIMMU\Documents\REPOS\ITESO\workspace\Debug\dbg_console.o
 .debug_macro   0x0000234c      0x16c C:\Users\DIMMU\Documents\REPOS\ITESO\workspace\Debug\dbg_console.o
 .debug_macro   0x000024b8      0x24a C:\Users\DIMMU\Documents\REPOS\ITESO\workspace\Debug\dbg_console.o
 .debug_macro   0x00002702      0xa00 C:\Users\DIMMU\Documents\REPOS\ITESO\workspace\Debug\dbg_console.o
 .debug_macro   0x00003102      0x1b4 C:\Users\DIMMU\Documents\REPOS\ITESO\workspace\Debug\dbg_console.o
 .debug_macro   0x000032b6      0x328 C:\Users\DIMMU\Documents\REPOS\ITESO\workspace\Debug\dbg_console.o
 .debug_macro   0x000035de      0x15a C:\Users\DIMMU\Documents\REPOS\ITESO\workspace\Debug\dbg_console.o
 .debug_macro   0x00003738      0xe71 C:\Users\DIMMU\Documents\REPOS\ITESO\workspace\Debug\dbg_console.o
 .debug_macro   0x000045a9       0x1c C:\Users\DIMMU\Documents\REPOS\ITESO\workspace\Debug\dbg_console.o
 .debug_macro   0x000045c5      0x67f C:\Users\DIMMU\Documents\REPOS\ITESO\workspace\Debug\dbg_console.o
 .debug_macro   0x00004c44      0x310 C:\Users\DIMMU\Documents\REPOS\ITESO\workspace\Debug\dbg_console.o
 .debug_macro   0x00004f54      0x4c7 C:\Users\DIMMU\Documents\REPOS\ITESO\workspace\Debug\dbg_console.o
 .debug_macro   0x0000541b      0x26e C:\Users\DIMMU\Documents\REPOS\ITESO\workspace\Debug\dbg_console.o
 .debug_macro   0x00005689     0x1324 C:\Users\DIMMU\Documents\REPOS\ITESO\workspace\Debug\dbg_console.o
 .debug_macro   0x000069ad      0x280 C:\Users\DIMMU\Documents\REPOS\ITESO\workspace\Debug\dbg_console.o
 .debug_macro   0x00006c2d     0x2ba3 C:\Users\DIMMU\Documents\REPOS\ITESO\workspace\Debug\dbg_console.o
 .debug_macro   0x000097d0     0x101d C:\Users\DIMMU\Documents\REPOS\ITESO\workspace\Debug\dbg_console.o
 .debug_macro   0x0000a7ed      0xe01 C:\Users\DIMMU\Documents\REPOS\ITESO\workspace\Debug\dbg_console.o
 .debug_macro   0x0000b5ee      0x3a4 C:\Users\DIMMU\Documents\REPOS\ITESO\workspace\Debug\dbg_console.o
 .debug_macro   0x0000b992       0xa0 C:\Users\DIMMU\Documents\REPOS\ITESO\workspace\Debug\dbg_console.o
 .debug_macro   0x0000ba32       0x76 C:\Users\DIMMU\Documents\REPOS\ITESO\workspace\Debug\dbg_console.o
 .debug_macro   0x0000baa8      0x3fb C:\Users\DIMMU\Documents\REPOS\ITESO\workspace\Debug\dbg_console.o
 .debug_macro   0x0000bea3       0x64 C:\Users\DIMMU\Documents\REPOS\ITESO\workspace\Debug\dbg_console.o
 .debug_macro   0x0000bf07      0x276 C:\Users\DIMMU\Documents\REPOS\ITESO\workspace\Debug\dbg_console.o
 .debug_macro   0x0000c17d      0x1c4 C:\Users\DIMMU\Documents\REPOS\ITESO\workspace\Debug\dbg_console.o
 .debug_macro   0x0000c341      0x23b C:\Users\DIMMU\Documents\REPOS\ITESO\workspace\Debug\dbg_console.o
 .debug_macro   0x0000c57c      0x516 C:\Users\DIMMU\Documents\REPOS\ITESO\workspace\Debug\dbg_console.o
 .debug_macro   0x0000ca92      0x62d C:\Users\DIMMU\Documents\REPOS\ITESO\workspace\Debug\dbg_console.o
 .debug_macro   0x0000d0bf      0x6a9 C:\Users\DIMMU\Documents\REPOS\ITESO\workspace\Debug\dbg_console.o
 .debug_macro   0x0000d768       0x4c C:\Users\DIMMU\Documents\REPOS\ITESO\workspace\Debug\dbg_console.o
 .debug_macro   0x0000d7b4      0x45a C:\Users\DIMMU\Documents\REPOS\ITESO\workspace\Debug\dbg_console.o
 .debug_macro   0x0000dc0e      0x1fb C:\Users\DIMMU\Documents\REPOS\ITESO\workspace\Debug\dbg_console.o
 .debug_macro   0x0000de09      0x87d C:\Users\DIMMU\Documents\REPOS\ITESO\workspace\Debug\dbg_console.o
 .debug_macro   0x0000e686     0x1547 C:\Users\DIMMU\Documents\REPOS\ITESO\workspace\Debug\dbg_console.o
 .debug_macro   0x0000fbcd       0x40 C:\Users\DIMMU\Documents\REPOS\ITESO\workspace\Debug\dbg_console.o
 .debug_macro   0x0000fc0d       0x76 C:\Users\DIMMU\Documents\REPOS\ITESO\workspace\Debug\dbg_console.o
 .debug_macro   0x0000fc83      0xda0 C:\Users\DIMMU\Documents\REPOS\ITESO\workspace\Debug\dbg_console.o
 .debug_macro   0x00010a23       0x82 C:\Users\DIMMU\Documents\REPOS\ITESO\workspace\Debug\dbg_console.o
 .debug_macro   0x00010aa5       0x76 C:\Users\DIMMU\Documents\REPOS\ITESO\workspace\Debug\dbg_console.o
 .debug_macro   0x00010b1b       0x4c C:\Users\DIMMU\Documents\REPOS\ITESO\workspace\Debug\dbg_console.o
 .debug_macro   0x00010b67      0x126 C:\Users\DIMMU\Documents\REPOS\ITESO\workspace\Debug\dbg_console.o
 .debug_macro   0x00010c8d      0x126 C:\Users\DIMMU\Documents\REPOS\ITESO\workspace\Debug\dbg_console.o
 .debug_macro   0x00010db3      0x126 C:\Users\DIMMU\Documents\REPOS\ITESO\workspace\Debug\dbg_console.o
 .debug_macro   0x00010ed9       0x6a C:\Users\DIMMU\Documents\REPOS\ITESO\workspace\Debug\dbg_console.o
 .debug_macro   0x00010f43       0x6a C:\Users\DIMMU\Documents\REPOS\ITESO\workspace\Debug\dbg_console.o
 .debug_macro   0x00010fad      0x313 C:\Users\DIMMU\Documents\REPOS\ITESO\workspace\Debug\dbg_console.o
 .debug_macro   0x000112c0       0xb2 C:\Users\DIMMU\Documents\REPOS\ITESO\workspace\Debug\dbg_console.o
 .debug_macro   0x00011372       0xb2 C:\Users\DIMMU\Documents\REPOS\ITESO\workspace\Debug\dbg_console.o
 .debug_macro   0x00011424       0xb2 C:\Users\DIMMU\Documents\REPOS\ITESO\workspace\Debug\dbg_console.o
 .debug_macro   0x000114d6      0x112 C:\Users\DIMMU\Documents\REPOS\ITESO\workspace\Debug\dbg_console.o
 .debug_macro   0x000115e8      0x112 C:\Users\DIMMU\Documents\REPOS\ITESO\workspace\Debug\dbg_console.o
 .debug_macro   0x000116fa      0x2cd C:\Users\DIMMU\Documents\REPOS\ITESO\workspace\Debug\dbg_console.o
 .debug_macro   0x000119c7       0xb8 C:\Users\DIMMU\Documents\REPOS\ITESO\workspace\Debug\dbg_console.o
 .debug_macro   0x00011a7f       0x5e C:\Users\DIMMU\Documents\REPOS\ITESO\workspace\Debug\dbg_console.o
 .debug_macro   0x00011add       0x40 C:\Users\DIMMU\Documents\REPOS\ITESO\workspace\Debug\dbg_console.o
 .debug_macro   0x00011b1d       0x4c C:\Users\DIMMU\Documents\REPOS\ITESO\workspace\Debug\dbg_console.o
 .debug_macro   0x00011b69       0xa0 C:\Users\DIMMU\Documents\REPOS\ITESO\workspace\Debug\dbg_console.o
 .debug_macro   0x00011c09      0x494 C:\Users\DIMMU\Documents\REPOS\ITESO\workspace\Debug\dbg_console.o
 .debug_macro   0x0001209d      0x126 C:\Users\DIMMU\Documents\REPOS\ITESO\workspace\Debug\dbg_console.o
 .debug_macro   0x000121c3       0x4c C:\Users\DIMMU\Documents\REPOS\ITESO\workspace\Debug\dbg_console.o
 .debug_macro   0x0001220f      0x313 C:\Users\DIMMU\Documents\REPOS\ITESO\workspace\Debug\dbg_console.o
 .debug_macro   0x00012522       0x6a C:\Users\DIMMU\Documents\REPOS\ITESO\workspace\Debug\dbg_console.o
 .debug_macro   0x0001258c       0xb8 C:\Users\DIMMU\Documents\REPOS\ITESO\workspace\Debug\dbg_console.o
 .debug_macro   0x00012644       0x76 C:\Users\DIMMU\Documents\REPOS\ITESO\workspace\Debug\dbg_console.o
 .debug_macro   0x000126ba       0x6a C:\Users\DIMMU\Documents\REPOS\ITESO\workspace\Debug\dbg_console.o
 .debug_macro   0x00012724       0x2e C:\Users\DIMMU\Documents\REPOS\ITESO\workspace\Debug\dbg_console.o
 .debug_macro   0x00012752      0x9b1 C:\Users\DIMMU\Documents\REPOS\ITESO\workspace\Debug\dbg_console.o
 .debug_macro   0x00013103       0x6a C:\Users\DIMMU\Documents\REPOS\ITESO\workspace\Debug\dbg_console.o
 .debug_macro   0x0001316d       0x88 C:\Users\DIMMU\Documents\REPOS\ITESO\workspace\Debug\dbg_console.o
 .debug_macro   0x000131f5       0x58 C:\Users\DIMMU\Documents\REPOS\ITESO\workspace\Debug\dbg_console.o
 .debug_macro   0x0001324d       0xa6 C:\Users\DIMMU\Documents\REPOS\ITESO\workspace\Debug\dbg_console.o
 .debug_macro   0x000132f3       0x16 C:\Users\DIMMU\Documents\REPOS\ITESO\workspace\Debug\dbg_console.o
 .debug_macro   0x00013309       0xe2 C:\Users\DIMMU\Documents\REPOS\ITESO\workspace\Debug\dbg_console.o
 .debug_macro   0x000133eb       0x4c C:\Users\DIMMU\Documents\REPOS\ITESO\workspace\Debug\dbg_console.o
 .debug_macro   0x00013437       0x16 C:\Users\DIMMU\Documents\REPOS\ITESO\workspace\Debug\dbg_console.o
 .debug_macro   0x0001344d       0x4c C:\Users\DIMMU\Documents\REPOS\ITESO\workspace\Debug\dbg_console.o
 .debug_macro   0x00013499       0x2e C:\Users\DIMMU\Documents\REPOS\ITESO\workspace\Debug\dbg_console.o
 .debug_macro   0x000134c7      0x19e C:\Users\DIMMU\Documents\REPOS\ITESO\workspace\Debug\dbg_console.o
 .debug_macro   0x00013665      0x19e C:\Users\DIMMU\Documents\REPOS\ITESO\workspace\Debug\dbg_console.o
 .debug_macro   0x00013803      0x19e C:\Users\DIMMU\Documents\REPOS\ITESO\workspace\Debug\dbg_console.o
 .debug_macro   0x000139a1      0x19e C:\Users\DIMMU\Documents\REPOS\ITESO\workspace\Debug\dbg_console.o
 .debug_macro   0x00013b3f      0x19e C:\Users\DIMMU\Documents\REPOS\ITESO\workspace\Debug\dbg_console.o
 .debug_macro   0x00013cdd       0x1c C:\Users\DIMMU\Documents\REPOS\ITESO\workspace\Debug\dbg_console.o
 .debug_macro   0x00013cf9       0x2e C:\Users\DIMMU\Documents\REPOS\ITESO\workspace\Debug\dbg_console.o
 .debug_macro   0x00013d27       0x22 C:\Users\DIMMU\Documents\REPOS\ITESO\workspace\Debug\dbg_console.o
 .debug_macro   0x00013d49       0x1c C:\Users\DIMMU\Documents\REPOS\ITESO\workspace\Debug\dbg_console.o
 .debug_macro   0x00013d65       0x52 C:\Users\DIMMU\Documents\REPOS\ITESO\workspace\Debug\dbg_console.o
 .debug_macro   0x00013db7       0x10 C:\Users\DIMMU\Documents\REPOS\ITESO\workspace\Debug\dbg_console.o
 .debug_macro   0x00013dc7       0x1c C:\Users\DIMMU\Documents\REPOS\ITESO\workspace\Debug\dbg_console.o
 .debug_macro   0x00013de3       0x4c C:\Users\DIMMU\Documents\REPOS\ITESO\workspace\Debug\dbg_console.o
 .debug_macro   0x00013e2f       0x4c C:\Users\DIMMU\Documents\REPOS\ITESO\workspace\Debug\dbg_console.o
 .debug_macro   0x00013e7b       0x4c C:\Users\DIMMU\Documents\REPOS\ITESO\workspace\Debug\dbg_console.o
 .debug_macro   0x00013ec7      0x329 C:\Users\DIMMU\Documents\REPOS\ITESO\workspace\Debug\dbg_console.o
 .debug_macro   0x000141f0     0x1028 C:\Users\DIMMU\Documents\REPOS\ITESO\workspace\Debug\dbg_console.o
 .debug_macro   0x00015218      0x107 C:\Users\DIMMU\Documents\REPOS\ITESO\workspace\Debug\dbg_console.o
 .debug_macro   0x0001531f      0x166 C:\Users\DIMMU\Documents\REPOS\ITESO\workspace\Debug\dbg_console.o
 .debug_macro   0x00015485       0x58 C:\Users\DIMMU\Documents\REPOS\ITESO\workspace\Debug\dbg_console.o
 .debug_macro   0x000154dd       0x35 C:\Users\DIMMU\Documents\REPOS\ITESO\workspace\Debug\dbg_console.o
 .debug_macro   0x00015512       0x9c C:\Users\DIMMU\Documents\REPOS\ITESO\workspace\Debug\dbg_console.o
 .debug_macro   0x000155ae       0x16 C:\Users\DIMMU\Documents\REPOS\ITESO\workspace\Debug\dbg_console.o
 .debug_macro   0x000155c4       0x35 C:\Users\DIMMU\Documents\REPOS\ITESO\workspace\Debug\dbg_console.o
 .debug_macro   0x000155f9       0x52 C:\Users\DIMMU\Documents\REPOS\ITESO\workspace\Debug\dbg_console.o
 .debug_macro   0x0001564b       0x16 C:\Users\DIMMU\Documents\REPOS\ITESO\workspace\Debug\dbg_console.o
 .debug_macro   0x00015661       0x43 C:\Users\DIMMU\Documents\REPOS\ITESO\workspace\Debug\dbg_console.o
 .debug_macro   0x000156a4      0x180 C:\Users\DIMMU\Documents\REPOS\ITESO\workspace\Debug\dbg_console.o
 .debug_macro   0x00015824      0x29d C:\Users\DIMMU\Documents\REPOS\ITESO\workspace\Debug\dbg_console.o
 .debug_macro   0x00015ac1       0x16 C:\Users\DIMMU\Documents\REPOS\ITESO\workspace\Debug\dbg_console.o
 .debug_macro   0x00015ad7       0x29 C:\Users\DIMMU\Documents\REPOS\ITESO\workspace\Debug\dbg_console.o
 .debug_macro   0x00015b00       0x22 C:\Users\DIMMU\Documents\REPOS\ITESO\workspace\Debug\dbg_console.o
 .debug_macro   0x00015b22      0x159 C:\Users\DIMMU\Documents\REPOS\ITESO\workspace\Debug\dbg_console.o
 .debug_macro   0x00015c7b       0x5e C:\Users\DIMMU\Documents\REPOS\ITESO\workspace\Debug\dbg_console.o
 .debug_macro   0x00015cd9       0x91 C:\Users\DIMMU\Documents\REPOS\ITESO\workspace\Debug\dbg_console.o
 .debug_macro   0x00015d6a      0x19e C:\Users\DIMMU\Documents\REPOS\ITESO\workspace\Debug\dbg_console.o
 .debug_macro   0x00015f08       0x3a C:\Users\DIMMU\Documents\REPOS\ITESO\workspace\Debug\dbg_console.o
 .debug_macro   0x00015f42       0x52 C:\Users\DIMMU\Documents\REPOS\ITESO\workspace\Debug\dbg_console.o
 .debug_macro   0x00015f94       0x1c C:\Users\DIMMU\Documents\REPOS\ITESO\workspace\Debug\dbg_console.o
 .debug_macro   0x00015fb0       0x10 C:\Users\DIMMU\Documents\REPOS\ITESO\workspace\Debug\dbg_console.o
 .debug_macro   0x00015fc0       0x10 C:\Users\DIMMU\Documents\REPOS\ITESO\workspace\Debug\dbg_console.o
 .debug_macro   0x00015fd0       0x22 C:\Users\DIMMU\Documents\REPOS\ITESO\workspace\Debug\dbg_console.o
 .debug_macro   0x00015ff2       0xbe C:\Users\DIMMU\Documents\REPOS\ITESO\workspace\Debug\dbg_console.o
 .debug_macro   0x000160b0       0x16 C:\Users\DIMMU\Documents\REPOS\ITESO\workspace\Debug\dbg_console.o
 .debug_macro   0x000160c6      0x197 C:\Users\DIMMU\Documents\REPOS\ITESO\workspace\Debug\dbg_console.o
 .debug_macro   0x0001625d       0x93 C:\Users\DIMMU\Documents\REPOS\ITESO\workspace\Debug\dbg_console.o
 .debug_macro   0x000162f0       0x2e C:\Users\DIMMU\Documents\REPOS\ITESO\workspace\Debug\dbg_console.o
 .debug_macro   0x0001631e       0x2e C:\Users\DIMMU\Documents\REPOS\ITESO\workspace\Debug\dbg_console.o
 .debug_macro   0x0001634c       0x16 C:\Users\DIMMU\Documents\REPOS\ITESO\workspace\Debug\dbg_console.o
 .debug_macro   0x00016362       0x76 C:\Users\DIMMU\Documents\REPOS\ITESO\workspace\Debug\dbg_console.o
 .debug_macro   0x000163d8       0x10 C:\Users\DIMMU\Documents\REPOS\ITESO\workspace\Debug\dbg_console.o
 .debug_macro   0x000163e8       0x52 C:\Users\DIMMU\Documents\REPOS\ITESO\workspace\Debug\dbg_console.o
 .debug_macro   0x0001643a       0x16 C:\Users\DIMMU\Documents\REPOS\ITESO\workspace\Debug\dbg_console.o
 .debug_macro   0x00016450       0x10 C:\Users\DIMMU\Documents\REPOS\ITESO\workspace\Debug\dbg_console.o
 .debug_macro   0x00016460       0x10 C:\Users\DIMMU\Documents\REPOS\ITESO\workspace\Debug\dbg_console.o
 .debug_macro   0x00016470       0x10 C:\Users\DIMMU\Documents\REPOS\ITESO\workspace\Debug\dbg_console.o
 .debug_macro   0x00016480       0x35 C:\Users\DIMMU\Documents\REPOS\ITESO\workspace\Debug\dbg_console.o
 .debug_macro   0x000164b5      0x122 C:\Users\DIMMU\Documents\REPOS\ITESO\workspace\Debug\dbg_console.o
 .debug_macro   0x000165d7      0x452 C:\Users\DIMMU\Documents\REPOS\ITESO\workspace\Debug\dbg_console.o
 .debug_macro   0x00016a29      0x701 C:\Users\DIMMU\Documents\REPOS\ITESO\workspace\Debug\board_lowlevel.o
 .debug_macro   0x0001712a      0x664 C:\Users\DIMMU\Documents\REPOS\ITESO\workspace\Debug\exceptions.o
 .debug_macro   0x0001778e      0x664 C:\Users\DIMMU\Documents\REPOS\ITESO\workspace\Debug\pio.o
 .debug_macro   0x00017df2      0x664 C:\Users\DIMMU\Documents\REPOS\ITESO\workspace\Debug\mpu.o
 .debug_macro   0x00018456      0x67a C:\Users\DIMMU\Documents\REPOS\ITESO\workspace\Debug\pmc.o
 .debug_macro   0x00018ad0       0x10 C:\Users\DIMMU\Documents\REPOS\ITESO\workspace\Debug\pmc.o
 .debug_macro   0x00018ae0      0x664 C:\Users\DIMMU\Documents\REPOS\ITESO\workspace\Debug\wdt.o
 .debug_macro   0x00019144      0x674 C:\Users\DIMMU\Documents\REPOS\ITESO\workspace\Debug\pio_it.o
 .debug_macro   0x000197b8      0x539 C:\Users\DIMMU\Documents\REPOS\ITESO\workspace\Debug\fpu.o
 .debug_macro   0x00019cf1      0x71f C:\Users\DIMMU\Documents\REPOS\ITESO\workspace\Debug\syscalls.o
 .debug_macro   0x0001a410       0x10 C:\Users\DIMMU\Documents\REPOS\ITESO\workspace\Debug\syscalls.o
 .debug_macro   0x0001a420      0x241 C:\Users\DIMMU\Documents\REPOS\ITESO\workspace\Debug\syscalls.o
 .debug_macro   0x0001a661      0x460 C:\Users\DIMMU\Documents\REPOS\ITESO\workspace\Debug\system_sam.o
 .debug_macro   0x0001aac1      0x711 C:\Users\DIMMU\Documents\REPOS\ITESO\workspace\Debug\timetick.o
 .debug_macro   0x0001b1d2      0x66e C:\Users\DIMMU\Documents\REPOS\ITESO\workspace\Debug\app_scheduler.o
 .debug_macro   0x0001b840       0x58 C:\Users\DIMMU\Documents\REPOS\ITESO\workspace\Debug\app_scheduler.o
 .debug_macro   0x0001b898       0x50 C:\Users\DIMMU\Documents\REPOS\ITESO\workspace\Debug\app_scheduler.o
 .debug_macro   0x0001b8e8       0x68 C:\Users\DIMMU\Documents\REPOS\ITESO\workspace\Debug\Tasks.o
 .debug_macro   0x0001b950      0x701 C:\Users\DIMMU\Documents\REPOS\ITESO\workspace\Debug\led.o
 .debug_macro   0x0001c051      0x73b C:\Users\DIMMU\Documents\REPOS\ITESO\workspace\Debug\main.o
 .debug_macro   0x0001c78c       0x5e C:\Users\DIMMU\Documents\REPOS\ITESO\workspace\Debug\main.o
 .debug_macro   0x0001c7ea       0x16 C:\Users\DIMMU\Documents\REPOS\ITESO\workspace\Debug\main.o
 .debug_macro   0x0001c800      0x448 C:\Users\DIMMU\Documents\REPOS\ITESO\workspace\Debug\startup_sam.o

.debug_line     0x00000000    0x10d43
 .debug_line    0x00000000     0x13b5 C:\Users\DIMMU\Documents\REPOS\ITESO\workspace\Debug\dbg_console.o
 .debug_line    0x000013b5     0x1273 C:\Users\DIMMU\Documents\REPOS\ITESO\workspace\Debug\board_lowlevel.o
 .debug_line    0x00002628     0x10b6 C:\Users\DIMMU\Documents\REPOS\ITESO\workspace\Debug\exceptions.o
 .debug_line    0x000036de     0x1101 C:\Users\DIMMU\Documents\REPOS\ITESO\workspace\Debug\pio.o
 .debug_line    0x000047df     0x1088 C:\Users\DIMMU\Documents\REPOS\ITESO\workspace\Debug\mpu.o
 .debug_line    0x00005867     0x1202 C:\Users\DIMMU\Documents\REPOS\ITESO\workspace\Debug\pmc.o
 .debug_line    0x00006a69     0x105b C:\Users\DIMMU\Documents\REPOS\ITESO\workspace\Debug\wdt.o
 .debug_line    0x00007ac4     0x1100 C:\Users\DIMMU\Documents\REPOS\ITESO\workspace\Debug\pio_it.o
 .debug_line    0x00008bc4      0xc8a C:\Users\DIMMU\Documents\REPOS\ITESO\workspace\Debug\fpu.o
 .debug_line    0x0000984e     0x1266 C:\Users\DIMMU\Documents\REPOS\ITESO\workspace\Debug\syscalls.o
 .debug_line    0x0000aab4      0xc1b C:\Users\DIMMU\Documents\REPOS\ITESO\workspace\Debug\system_sam.o
 .debug_line    0x0000b6cf     0x124c C:\Users\DIMMU\Documents\REPOS\ITESO\workspace\Debug\timetick.o
 .debug_line    0x0000c91b     0x1117 C:\Users\DIMMU\Documents\REPOS\ITESO\workspace\Debug\app_scheduler.o
 .debug_line    0x0000da32      0x225 C:\Users\DIMMU\Documents\REPOS\ITESO\workspace\Debug\Tasks.o
 .debug_line    0x0000dc57     0x11d7 C:\Users\DIMMU\Documents\REPOS\ITESO\workspace\Debug\led.o
 .debug_line    0x0000ee2e     0x138f C:\Users\DIMMU\Documents\REPOS\ITESO\workspace\Debug\main.o
 .debug_line    0x000101bd      0xb86 C:\Users\DIMMU\Documents\REPOS\ITESO\workspace\Debug\startup_sam.o

.debug_str      0x00000000    0x79653
 .debug_str     0x00000000    0x76e83 C:\Users\DIMMU\Documents\REPOS\ITESO\workspace\Debug\dbg_console.o
                              0x77457 (size before relaxing)
 .debug_str     0x00076e83      0x208 C:\Users\DIMMU\Documents\REPOS\ITESO\workspace\Debug\board_lowlevel.o
                              0x76b21 (size before relaxing)
 .debug_str     0x0007708b       0xa8 C:\Users\DIMMU\Documents\REPOS\ITESO\workspace\Debug\exceptions.o
                              0x73c14 (size before relaxing)
 .debug_str     0x00077133      0x1d6 C:\Users\DIMMU\Documents\REPOS\ITESO\workspace\Debug\pio.o
                              0x73ea5 (size before relaxing)
 .debug_str     0x00077309      0x18a C:\Users\DIMMU\Documents\REPOS\ITESO\workspace\Debug\mpu.o
                              0x73b5f (size before relaxing)
 .debug_str     0x00077493      0x453 C:\Users\DIMMU\Documents\REPOS\ITESO\workspace\Debug\pmc.o
                              0x73e5b (size before relaxing)
 .debug_str     0x000778e6       0xd8 C:\Users\DIMMU\Documents\REPOS\ITESO\workspace\Debug\wdt.o
                              0x73a88 (size before relaxing)
 .debug_str     0x000779be      0x49a C:\Users\DIMMU\Documents\REPOS\ITESO\workspace\Debug\pio_it.o
                              0x7435c (size before relaxing)
 .debug_str     0x00077e58       0xea C:\Users\DIMMU\Documents\REPOS\ITESO\workspace\Debug\fpu.o
                              0x70dec (size before relaxing)
 .debug_str     0x00077f42      0x5e2 C:\Users\DIMMU\Documents\REPOS\ITESO\workspace\Debug\syscalls.o
                              0x76f44 (size before relaxing)
 .debug_str     0x00078524      0x24d C:\Users\DIMMU\Documents\REPOS\ITESO\workspace\Debug\system_sam.o
                              0x6e230 (size before relaxing)
 .debug_str     0x00078771      0x219 C:\Users\DIMMU\Documents\REPOS\ITESO\workspace\Debug\timetick.o
                              0x77193 (size before relaxing)
 .debug_str     0x0007898a      0x37b C:\Users\DIMMU\Documents\REPOS\ITESO\workspace\Debug\app_scheduler.o
                              0x73d38 (size before relaxing)
 .debug_str     0x00078d05       0xcc C:\Users\DIMMU\Documents\REPOS\ITESO\workspace\Debug\Tasks.o
                               0x3171 (size before relaxing)
 .debug_str     0x00078dd1       0xb4 C:\Users\DIMMU\Documents\REPOS\ITESO\workspace\Debug\led.o
                              0x76c7d (size before relaxing)
 .debug_str     0x00078e85      0x1c6 C:\Users\DIMMU\Documents\REPOS\ITESO\workspace\Debug\main.o
                              0x76dc2 (size before relaxing)
 .debug_str     0x0007904b      0x608 C:\Users\DIMMU\Documents\REPOS\ITESO\workspace\Debug\startup_sam.o
                              0x6e5f5 (size before relaxing)

.comment        0x00000000       0x70
 .comment       0x00000000       0x70 C:\Users\DIMMU\Documents\REPOS\ITESO\workspace\Debug\dbg_console.o
                                 0x71 (size before relaxing)
 .comment       0x00000000       0x71 C:\Users\DIMMU\Documents\REPOS\ITESO\workspace\Debug\board_lowlevel.o
 .comment       0x00000000       0x71 C:\Users\DIMMU\Documents\REPOS\ITESO\workspace\Debug\exceptions.o
 .comment       0x00000000       0x71 C:\Users\DIMMU\Documents\REPOS\ITESO\workspace\Debug\pio.o
 .comment       0x00000000       0x71 C:\Users\DIMMU\Documents\REPOS\ITESO\workspace\Debug\mpu.o
 .comment       0x00000000       0x71 C:\Users\DIMMU\Documents\REPOS\ITESO\workspace\Debug\pmc.o
 .comment       0x00000000       0x71 C:\Users\DIMMU\Documents\REPOS\ITESO\workspace\Debug\wdt.o
 .comment       0x00000000       0x71 C:\Users\DIMMU\Documents\REPOS\ITESO\workspace\Debug\pio_it.o
 .comment       0x00000000       0x71 C:\Users\DIMMU\Documents\REPOS\ITESO\workspace\Debug\fpu.o
 .comment       0x00000000       0x71 C:\Users\DIMMU\Documents\REPOS\ITESO\workspace\Debug\syscalls.o
 .comment       0x00000000       0x71 C:\Users\DIMMU\Documents\REPOS\ITESO\workspace\Debug\system_sam.o
 .comment       0x00000000       0x71 C:\Users\DIMMU\Documents\REPOS\ITESO\workspace\Debug\timetick.o
 .comment       0x00000000       0x71 C:\Users\DIMMU\Documents\REPOS\ITESO\workspace\Debug\app_scheduler.o
 .comment       0x00000000       0x71 C:\Users\DIMMU\Documents\REPOS\ITESO\workspace\Debug\Tasks.o
 .comment       0x00000000       0x71 C:\Users\DIMMU\Documents\REPOS\ITESO\workspace\Debug\led.o
 .comment       0x00000000       0x71 C:\Users\DIMMU\Documents\REPOS\ITESO\workspace\Debug\main.o
 .comment       0x00000000       0x71 C:\Users\DIMMU\Documents\REPOS\ITESO\workspace\Debug\startup_sam.o

.ARM.attributes
                0x00000000       0x35
 .ARM.attributes
                0x00000000       0x37 C:\Users\DIMMU\Documents\REPOS\ITESO\workspace\Debug\dbg_console.o
 .ARM.attributes
                0x00000037       0x37 C:\Users\DIMMU\Documents\REPOS\ITESO\workspace\Debug\board_lowlevel.o
 .ARM.attributes
                0x0000006e       0x37 C:\Users\DIMMU\Documents\REPOS\ITESO\workspace\Debug\exceptions.o
 .ARM.attributes
                0x000000a5       0x37 C:\Users\DIMMU\Documents\REPOS\ITESO\workspace\Debug\pio.o
 .ARM.attributes
                0x000000dc       0x37 C:\Users\DIMMU\Documents\REPOS\ITESO\workspace\Debug\mpu.o
 .ARM.attributes
                0x00000113       0x37 C:\Users\DIMMU\Documents\REPOS\ITESO\workspace\Debug\pmc.o
 .ARM.attributes
                0x0000014a       0x37 C:\Users\DIMMU\Documents\REPOS\ITESO\workspace\Debug\wdt.o
 .ARM.attributes
                0x00000181       0x37 C:\Users\DIMMU\Documents\REPOS\ITESO\workspace\Debug\pio_it.o
 .ARM.attributes
                0x000001b8       0x37 C:\Users\DIMMU\Documents\REPOS\ITESO\workspace\Debug\fpu.o
 .ARM.attributes
                0x000001ef       0x37 C:\Users\DIMMU\Documents\REPOS\ITESO\workspace\Debug\syscalls.o
 .ARM.attributes
                0x00000226       0x37 C:\Users\DIMMU\Documents\REPOS\ITESO\workspace\Debug\system_sam.o
 .ARM.attributes
                0x0000025d       0x37 C:\Users\DIMMU\Documents\REPOS\ITESO\workspace\Debug\timetick.o
 .ARM.attributes
                0x00000294       0x37 C:\Users\DIMMU\Documents\REPOS\ITESO\workspace\Debug\app_scheduler.o
 .ARM.attributes
                0x000002cb       0x37 C:\Users\DIMMU\Documents\REPOS\ITESO\workspace\Debug\Tasks.o
 .ARM.attributes
                0x00000302       0x37 C:\Users\DIMMU\Documents\REPOS\ITESO\workspace\Debug\led.o
 .ARM.attributes
                0x00000339       0x37 C:\Users\DIMMU\Documents\REPOS\ITESO\workspace\Debug\main.o
 .ARM.attributes
                0x00000370       0x37 C:\Users\DIMMU\Documents\REPOS\ITESO\workspace\Debug\startup_sam.o
 .ARM.attributes
                0x000003a7       0x33 c:/isystem/winideaopen9/gcc/arm/bin/../lib/gcc/arm-none-eabi/4.9.3/../../../../arm-none-eabi/lib/cortex-m7\libc.a(lib_a-assert.o)
 .ARM.attributes
                0x000003da       0x33 c:/isystem/winideaopen9/gcc/arm/bin/../lib/gcc/arm-none-eabi/4.9.3/../../../../arm-none-eabi/lib/cortex-m7\libc.a(lib_a-fiprintf.o)
 .ARM.attributes
                0x0000040d       0x33 c:/isystem/winideaopen9/gcc/arm/bin/../lib/gcc/arm-none-eabi/4.9.3/../../../../arm-none-eabi/lib/cortex-m7\libc.a(lib_a-impure.o)
 .ARM.attributes
                0x00000440       0x21 c:/isystem/winideaopen9/gcc/arm/bin/../lib/gcc/arm-none-eabi/4.9.3/../../../../arm-none-eabi/lib/cortex-m7\libc.a(lib_a-memcpy.o)
 .ARM.attributes
                0x00000461       0x33 c:/isystem/winideaopen9/gcc/arm/bin/../lib/gcc/arm-none-eabi/4.9.3/../../../../arm-none-eabi/lib/cortex-m7\libc.a(lib_a-printf.o)
 .ARM.attributes
                0x00000494       0x33 c:/isystem/winideaopen9/gcc/arm/bin/../lib/gcc/arm-none-eabi/4.9.3/../../../../arm-none-eabi/lib/cortex-m7\libc.a(lib_a-putchar.o)
 .ARM.attributes
                0x000004c7       0x33 c:/isystem/winideaopen9/gcc/arm/bin/../lib/gcc/arm-none-eabi/4.9.3/../../../../arm-none-eabi/lib/cortex-m7\libc.a(lib_a-setvbuf.o)
 .ARM.attributes
                0x000004fa       0x33 c:/isystem/winideaopen9/gcc/arm/bin/../lib/gcc/arm-none-eabi/4.9.3/../../../../arm-none-eabi/lib/cortex-m7\libc.a(lib_a-vfiprintf.o)
 .ARM.attributes
                0x0000052d       0x33 c:/isystem/winideaopen9/gcc/arm/bin/../lib/gcc/arm-none-eabi/4.9.3/../../../../arm-none-eabi/lib/cortex-m7\libc.a(lib_a-vfprintf.o)
 .ARM.attributes
                0x00000560       0x33 c:/isystem/winideaopen9/gcc/arm/bin/../lib/gcc/arm-none-eabi/4.9.3/../../../../arm-none-eabi/lib/cortex-m7\libc.a(lib_a-wsetup.o)
 .ARM.attributes
                0x00000593       0x33 c:/isystem/winideaopen9/gcc/arm/bin/../lib/gcc/arm-none-eabi/4.9.3/../../../../arm-none-eabi/lib/cortex-m7\libc.a(lib_a-abort.o)
 .ARM.attributes
                0x000005c6       0x33 c:/isystem/winideaopen9/gcc/arm/bin/../lib/gcc/arm-none-eabi/4.9.3/../../../../arm-none-eabi/lib/cortex-m7\libc.a(lib_a-dtoa.o)
 .ARM.attributes
                0x000005f9       0x33 c:/isystem/winideaopen9/gcc/arm/bin/../lib/gcc/arm-none-eabi/4.9.3/../../../../arm-none-eabi/lib/cortex-m7\libc.a(lib_a-fflush.o)
 .ARM.attributes
                0x0000062c       0x33 c:/isystem/winideaopen9/gcc/arm/bin/../lib/gcc/arm-none-eabi/4.9.3/../../../../arm-none-eabi/lib/cortex-m7\libc.a(lib_a-findfp.o)
 .ARM.attributes
                0x0000065f       0x33 c:/isystem/winideaopen9/gcc/arm/bin/../lib/gcc/arm-none-eabi/4.9.3/../../../../arm-none-eabi/lib/cortex-m7\libc.a(lib_a-fputwc.o)
 .ARM.attributes
                0x00000692       0x33 c:/isystem/winideaopen9/gcc/arm/bin/../lib/gcc/arm-none-eabi/4.9.3/../../../../arm-none-eabi/lib/cortex-m7\libc.a(lib_a-freer.o)
 .ARM.attributes
                0x000006c5       0x33 c:/isystem/winideaopen9/gcc/arm/bin/../lib/gcc/arm-none-eabi/4.9.3/../../../../arm-none-eabi/lib/cortex-m7\libc.a(lib_a-fvwrite.o)
 .ARM.attributes
                0x000006f8       0x33 c:/isystem/winideaopen9/gcc/arm/bin/../lib/gcc/arm-none-eabi/4.9.3/../../../../arm-none-eabi/lib/cortex-m7\libc.a(lib_a-fwalk.o)
 .ARM.attributes
                0x0000072b       0x33 c:/isystem/winideaopen9/gcc/arm/bin/../lib/gcc/arm-none-eabi/4.9.3/../../../../arm-none-eabi/lib/cortex-m7\libc.a(lib_a-locale.o)
 .ARM.attributes
                0x0000075e       0x33 c:/isystem/winideaopen9/gcc/arm/bin/../lib/gcc/arm-none-eabi/4.9.3/../../../../arm-none-eabi/lib/cortex-m7\libc.a(lib_a-makebuf.o)
 .ARM.attributes
                0x00000791       0x33 c:/isystem/winideaopen9/gcc/arm/bin/../lib/gcc/arm-none-eabi/4.9.3/../../../../arm-none-eabi/lib/cortex-m7\libc.a(lib_a-malloc.o)
 .ARM.attributes
                0x000007c4       0x33 c:/isystem/winideaopen9/gcc/arm/bin/../lib/gcc/arm-none-eabi/4.9.3/../../../../arm-none-eabi/lib/cortex-m7\libc.a(lib_a-mallocr.o)
 .ARM.attributes
                0x000007f7       0x33 c:/isystem/winideaopen9/gcc/arm/bin/../lib/gcc/arm-none-eabi/4.9.3/../../../../arm-none-eabi/lib/cortex-m7\libc.a(lib_a-memchr.o)
 .ARM.attributes
                0x0000082a       0x33 c:/isystem/winideaopen9/gcc/arm/bin/../lib/gcc/arm-none-eabi/4.9.3/../../../../arm-none-eabi/lib/cortex-m7\libc.a(lib_a-memmove.o)
 .ARM.attributes
                0x0000085d       0x33 c:/isystem/winideaopen9/gcc/arm/bin/../lib/gcc/arm-none-eabi/4.9.3/../../../../arm-none-eabi/lib/cortex-m7\libc.a(lib_a-memset.o)
 .ARM.attributes
                0x00000890       0x33 c:/isystem/winideaopen9/gcc/arm/bin/../lib/gcc/arm-none-eabi/4.9.3/../../../../arm-none-eabi/lib/cortex-m7\libc.a(lib_a-mlock.o)
 .ARM.attributes
                0x000008c3       0x33 c:/isystem/winideaopen9/gcc/arm/bin/../lib/gcc/arm-none-eabi/4.9.3/../../../../arm-none-eabi/lib/cortex-m7\libc.a(lib_a-mprec.o)
 .ARM.attributes
                0x000008f6       0x33 c:/isystem/winideaopen9/gcc/arm/bin/../lib/gcc/arm-none-eabi/4.9.3/../../../../arm-none-eabi/lib/cortex-m7\libc.a(lib_a-putc.o)
 .ARM.attributes
                0x00000929       0x33 c:/isystem/winideaopen9/gcc/arm/bin/../lib/gcc/arm-none-eabi/4.9.3/../../../../arm-none-eabi/lib/cortex-m7\libc.a(lib_a-reallocr.o)
 .ARM.attributes
                0x0000095c       0x33 c:/isystem/winideaopen9/gcc/arm/bin/../lib/gcc/arm-none-eabi/4.9.3/../../../../arm-none-eabi/lib/cortex-m7\libc.a(lib_a-s_fpclassify.o)
 .ARM.attributes
                0x0000098f       0x33 c:/isystem/winideaopen9/gcc/arm/bin/../lib/gcc/arm-none-eabi/4.9.3/../../../../arm-none-eabi/lib/cortex-m7\libc.a(lib_a-sbrkr.o)
 .ARM.attributes
                0x000009c2       0x33 c:/isystem/winideaopen9/gcc/arm/bin/../lib/gcc/arm-none-eabi/4.9.3/../../../../arm-none-eabi/lib/cortex-m7\libc.a(lib_a-signal.o)
 .ARM.attributes
                0x000009f5       0x33 c:/isystem/winideaopen9/gcc/arm/bin/../lib/gcc/arm-none-eabi/4.9.3/../../../../arm-none-eabi/lib/cortex-m7\libc.a(lib_a-signalr.o)
 .ARM.attributes
                0x00000a28       0x33 c:/isystem/winideaopen9/gcc/arm/bin/../lib/gcc/arm-none-eabi/4.9.3/../../../../arm-none-eabi/lib/cortex-m7\libc.a(lib_a-stdio.o)
 .ARM.attributes
                0x00000a5b       0x33 c:/isystem/winideaopen9/gcc/arm/bin/../lib/gcc/arm-none-eabi/4.9.3/../../../../arm-none-eabi/lib/cortex-m7\libc.a(lib_a-strlen.o)
 .ARM.attributes
                0x00000a8e       0x33 c:/isystem/winideaopen9/gcc/arm/bin/../lib/gcc/arm-none-eabi/4.9.3/../../../../arm-none-eabi/lib/cortex-m7\libc.a(lib_a-wbuf.o)
 .ARM.attributes
                0x00000ac1       0x33 c:/isystem/winideaopen9/gcc/arm/bin/../lib/gcc/arm-none-eabi/4.9.3/../../../../arm-none-eabi/lib/cortex-m7\libc.a(lib_a-wcrtomb.o)
 .ARM.attributes
                0x00000af4       0x33 c:/isystem/winideaopen9/gcc/arm/bin/../lib/gcc/arm-none-eabi/4.9.3/../../../../arm-none-eabi/lib/cortex-m7\libc.a(lib_a-wctomb_r.o)
 .ARM.attributes
                0x00000b27       0x33 c:/isystem/winideaopen9/gcc/arm/bin/../lib/gcc/arm-none-eabi/4.9.3/../../../../arm-none-eabi/lib/cortex-m7\libc.a(lib_a-writer.o)
 .ARM.attributes
                0x00000b5a       0x33 c:/isystem/winideaopen9/gcc/arm/bin/../lib/gcc/arm-none-eabi/4.9.3/../../../../arm-none-eabi/lib/cortex-m7\libc.a(lib_a-callocr.o)
 .ARM.attributes
                0x00000b8d       0x33 c:/isystem/winideaopen9/gcc/arm/bin/../lib/gcc/arm-none-eabi/4.9.3/../../../../arm-none-eabi/lib/cortex-m7\libc.a(lib_a-closer.o)
 .ARM.attributes
                0x00000bc0       0x33 c:/isystem/winideaopen9/gcc/arm/bin/../lib/gcc/arm-none-eabi/4.9.3/../../../../arm-none-eabi/lib/cortex-m7\libc.a(lib_a-fclose.o)
 .ARM.attributes
                0x00000bf3       0x33 c:/isystem/winideaopen9/gcc/arm/bin/../lib/gcc/arm-none-eabi/4.9.3/../../../../arm-none-eabi/lib/cortex-m7\libc.a(lib_a-fstatr.o)
 .ARM.attributes
                0x00000c26       0x33 c:/isystem/winideaopen9/gcc/arm/bin/../lib/gcc/arm-none-eabi/4.9.3/../../../../arm-none-eabi/lib/cortex-m7\libc.a(lib_a-isattyr.o)
 .ARM.attributes
                0x00000c59       0x33 c:/isystem/winideaopen9/gcc/arm/bin/../lib/gcc/arm-none-eabi/4.9.3/../../../../arm-none-eabi/lib/cortex-m7\libc.a(lib_a-lseekr.o)
 .ARM.attributes
                0x00000c8c       0x33 c:/isystem/winideaopen9/gcc/arm/bin/../lib/gcc/arm-none-eabi/4.9.3/../../../../arm-none-eabi/lib/cortex-m7\libc.a(lib_a-readr.o)
 .ARM.attributes
                0x00000cbf       0x33 c:/isystem/winideaopen9/gcc/arm/bin/../lib/gcc/arm-none-eabi/4.9.3/../../../../arm-none-eabi/lib/cortex-m7\libc.a(lib_a-reent.o)
 .ARM.attributes
                0x00000cf2       0x23 c:/isystem/winideaopen9/gcc/arm/bin/../lib/gcc/arm-none-eabi/4.9.3/cortex-m7\libgcc.a(_arm_addsubdf3.o)
 .ARM.attributes
                0x00000d15       0x23 c:/isystem/winideaopen9/gcc/arm/bin/../lib/gcc/arm-none-eabi/4.9.3/cortex-m7\libgcc.a(_arm_muldivdf3.o)
 .ARM.attributes
                0x00000d38       0x23 c:/isystem/winideaopen9/gcc/arm/bin/../lib/gcc/arm-none-eabi/4.9.3/cortex-m7\libgcc.a(_arm_cmpdf2.o)
 .ARM.attributes
                0x00000d5b       0x23 c:/isystem/winideaopen9/gcc/arm/bin/../lib/gcc/arm-none-eabi/4.9.3/cortex-m7\libgcc.a(_arm_fixdfsi.o)
 .ARM.attributes
                0x00000d7e       0x23 c:/isystem/winideaopen9/gcc/arm/bin/../lib/gcc/arm-none-eabi/4.9.3/cortex-m7\libgcc.a(_aeabi_uldivmod.o)
 .ARM.attributes
                0x00000da1       0x33 c:/isystem/winideaopen9/gcc/arm/bin/../lib/gcc/arm-none-eabi/4.9.3/cortex-m7\libgcc.a(bpabi.o)
 .ARM.attributes
                0x00000dd4       0x23 c:/isystem/winideaopen9/gcc/arm/bin/../lib/gcc/arm-none-eabi/4.9.3/cortex-m7\libgcc.a(_dvmd_tls.o)
 .ARM.attributes
                0x00000df7       0x33 c:/isystem/winideaopen9/gcc/arm/bin/../lib/gcc/arm-none-eabi/4.9.3/cortex-m7\libgcc.a(_divdi3.o)
 .ARM.attributes
                0x00000e2a       0x33 c:/isystem/winideaopen9/gcc/arm/bin/../lib/gcc/arm-none-eabi/4.9.3/cortex-m7\libgcc.a(_udivdi3.o)

.debug_frame    0x00000000     0x2624
 .debug_frame   0x00000000      0x1a4 C:\Users\DIMMU\Documents\REPOS\ITESO\workspace\Debug\dbg_console.o
 .debug_frame   0x000001a4       0x50 C:\Users\DIMMU\Documents\REPOS\ITESO\workspace\Debug\board_lowlevel.o
 .debug_frame   0x000001f4       0xcc C:\Users\DIMMU\Documents\REPOS\ITESO\workspace\Debug\exceptions.o
 .debug_frame   0x000002c0      0x294 C:\Users\DIMMU\Documents\REPOS\ITESO\workspace\Debug\pio.o
 .debug_frame   0x00000554       0xf4 C:\Users\DIMMU\Documents\REPOS\ITESO\workspace\Debug\mpu.o
 .debug_frame   0x00000648      0x35c C:\Users\DIMMU\Documents\REPOS\ITESO\workspace\Debug\pmc.o
 .debug_frame   0x000009a4       0xd8 C:\Users\DIMMU\Documents\REPOS\ITESO\workspace\Debug\wdt.o
 .debug_frame   0x00000a7c      0x1f0 C:\Users\DIMMU\Documents\REPOS\ITESO\workspace\Debug\pio_it.o
 .debug_frame   0x00000c6c       0xa8 C:\Users\DIMMU\Documents\REPOS\ITESO\workspace\Debug\fpu.o