Archive member included because of file (symbol)

c:/isystem/winideaopen9/gcc/arm/bin/../lib/gcc/arm-none-eabi/4.9.3/../../../../arm-none-eabi/lib/cortex-m7\libc.a(lib_a-assert.o)
                              C:\Users\uidv3807\Documents\BaseSystemSE\workspace\Debug\pmc.o (__assert_func)
c:/isystem/winideaopen9/gcc/arm/bin/../lib/gcc/arm-none-eabi/4.9.3/../../../../arm-none-eabi/lib/cortex-m7\libc.a(lib_a-fiprintf.o)
                              c:/isystem/winideaopen9/gcc/arm/bin/../lib/gcc/arm-none-eabi/4.9.3/../../../../arm-none-eabi/lib/cortex-m7\libc.a(lib_a-assert.o) (fiprintf)
c:/isystem/winideaopen9/gcc/arm/bin/../lib/gcc/arm-none-eabi/4.9.3/../../../../arm-none-eabi/lib/cortex-m7\libc.a(lib_a-impure.o)
                              C:\Users\uidv3807\Documents\BaseSystemSE\workspace\Debug\dbg_console.o (_impure_ptr)
c:/isystem/winideaopen9/gcc/arm/bin/../lib/gcc/arm-none-eabi/4.9.3/../../../../arm-none-eabi/lib/cortex-m7\libc.a(lib_a-memcpy.o)
                              C:\Users\uidv3807\Documents\BaseSystemSE\workspace\Debug\board_memories.o (memcpy)
c:/isystem/winideaopen9/gcc/arm/bin/../lib/gcc/arm-none-eabi/4.9.3/../../../../arm-none-eabi/lib/cortex-m7\libc.a(lib_a-printf.o)
                              C:\Users\uidv3807\Documents\BaseSystemSE\workspace\Debug\dbg_console.o (printf)
c:/isystem/winideaopen9/gcc/arm/bin/../lib/gcc/arm-none-eabi/4.9.3/../../../../arm-none-eabi/lib/cortex-m7\libc.a(lib_a-putchar.o)
                              C:\Users\uidv3807\Documents\BaseSystemSE\workspace\Debug\dbg_console.o (putchar)
c:/isystem/winideaopen9/gcc/arm/bin/../lib/gcc/arm-none-eabi/4.9.3/../../../../arm-none-eabi/lib/cortex-m7\libc.a(lib_a-setvbuf.o)
                              C:\Users\uidv3807\Documents\BaseSystemSE\workspace\Debug\dbg_console.o (setvbuf)
c:/isystem/winideaopen9/gcc/arm/bin/../lib/gcc/arm-none-eabi/4.9.3/../../../../arm-none-eabi/lib/cortex-m7\libc.a(lib_a-vfiprintf.o)
                              c:/isystem/winideaopen9/gcc/arm/bin/../lib/gcc/arm-none-eabi/4.9.3/../../../../arm-none-eabi/lib/cortex-m7\libc.a(lib_a-fiprintf.o) (_vfiprintf_r)
c:/isystem/winideaopen9/gcc/arm/bin/../lib/gcc/arm-none-eabi/4.9.3/../../../../arm-none-eabi/lib/cortex-m7\libc.a(lib_a-vfprintf.o)
                              c:/isystem/winideaopen9/gcc/arm/bin/../lib/gcc/arm-none-eabi/4.9.3/../../../../arm-none-eabi/lib/cortex-m7\libc.a(lib_a-printf.o) (_vfprintf_r)
c:/isystem/winideaopen9/gcc/arm/bin/../lib/gcc/arm-none-eabi/4.9.3/../../../../arm-none-eabi/lib/cortex-m7\libc.a(lib_a-wsetup.o)
                              c:/isystem/winideaopen9/gcc/arm/bin/../lib/gcc/arm-none-eabi/4.9.3/../../../../arm-none-eabi/lib/cortex-m7\libc.a(lib_a-vfiprintf.o) (__swsetup_r)
c:/isystem/winideaopen9/gcc/arm/bin/../lib/gcc/arm-none-eabi/4.9.3/../../../../arm-none-eabi/lib/cortex-m7\libc.a(lib_a-abort.o)
                              c:/isystem/winideaopen9/gcc/arm/bin/../lib/gcc/arm-none-eabi/4.9.3/../../../../arm-none-eabi/lib/cortex-m7\libc.a(lib_a-assert.o) (abort)
c:/isystem/winideaopen9/gcc/arm/bin/../lib/gcc/arm-none-eabi/4.9.3/../../../../arm-none-eabi/lib/cortex-m7\libc.a(lib_a-dtoa.o)
                              c:/isystem/winideaopen9/gcc/arm/bin/../lib/gcc/arm-none-eabi/4.9.3/../../../../arm-none-eabi/lib/cortex-m7\libc.a(lib_a-vfprintf.o) (_dtoa_r)
c:/isystem/winideaopen9/gcc/arm/bin/../lib/gcc/arm-none-eabi/4.9.3/../../../../arm-none-eabi/lib/cortex-m7\libc.a(lib_a-fflush.o)
                              c:/isystem/winideaopen9/gcc/arm/bin/../lib/gcc/arm-none-eabi/4.9.3/../../../../arm-none-eabi/lib/cortex-m7\libc.a(lib_a-setvbuf.o) (_fflush_r)
c:/isystem/winideaopen9/gcc/arm/bin/../lib/gcc/arm-none-eabi/4.9.3/../../../../arm-none-eabi/lib/cortex-m7\libc.a(lib_a-findfp.o)
                              c:/isystem/winideaopen9/gcc/arm/bin/../lib/gcc/arm-none-eabi/4.9.3/../../../../arm-none-eabi/lib/cortex-m7\libc.a(lib_a-setvbuf.o) (_cleanup_r)
c:/isystem/winideaopen9/gcc/arm/bin/../lib/gcc/arm-none-eabi/4.9.3/../../../../arm-none-eabi/lib/cortex-m7\libc.a(lib_a-fputwc.o)
                              c:/isystem/winideaopen9/gcc/arm/bin/../lib/gcc/arm-none-eabi/4.9.3/../../../../arm-none-eabi/lib/cortex-m7\libc.a(lib_a-vfiprintf.o) (_fputwc_r)
c:/isystem/winideaopen9/gcc/arm/bin/../lib/gcc/arm-none-eabi/4.9.3/../../../../arm-none-eabi/lib/cortex-m7\libc.a(lib_a-freer.o)
                              c:/isystem/winideaopen9/gcc/arm/bin/../lib/gcc/arm-none-eabi/4.9.3/../../../../arm-none-eabi/lib/cortex-m7\libc.a(lib_a-setvbuf.o) (_free_r)
c:/isystem/winideaopen9/gcc/arm/bin/../lib/gcc/arm-none-eabi/4.9.3/../../../../arm-none-eabi/lib/cortex-m7\libc.a(lib_a-fvwrite.o)
                              c:/isystem/winideaopen9/gcc/arm/bin/../lib/gcc/arm-none-eabi/4.9.3/../../../../arm-none-eabi/lib/cortex-m7\libc.a(lib_a-vfiprintf.o) (__sfvwrite_r)
[...]
Memory Configuration

Name             Origin             Length             Attributes
rom              0x00400000         0x00200000         xr
ram              0x20400000         0x00050000         xrw
ram_heap         0x20450000         0x00010000         xrw
sdram            0x70000000         0x00200000         xrw
*default*        0x00000000         0xffffffff

Linker script and memory map

LOAD C:\Users\uidv3807\Documents\BaseSystemSE\workspace\Debug\dbg_console.o
LOAD C:\Users\uidv3807\Documents\BaseSystemSE\workspace\Debug\board_lowlevel.o
LOAD C:\Users\uidv3807\Documents\BaseSystemSE\workspace\Debug\board_memories.o
LOAD C:\Users\uidv3807\Documents\BaseSystemSE\workspace\Debug\exceptions.o
LOAD C:\Users\uidv3807\Documents\BaseSystemSE\workspace\Debug\pio.o
LOAD C:\Users\uidv3807\Documents\BaseSystemSE\workspace\Debug\mpu.o
LOAD C:\Users\uidv3807\Documents\BaseSystemSE\workspace\Debug\pmc.o
LOAD C:\Users\uidv3807\Documents\BaseSystemSE\workspace\Debug\uart.o
LOAD C:\Users\uidv3807\Documents\BaseSystemSE\workspace\Debug\wdt.o
LOAD C:\Users\uidv3807\Documents\BaseSystemSE\workspace\Debug\pio_it.o
LOAD C:\Users\uidv3807\Documents\BaseSystemSE\workspace\Debug\supc.o
LOAD C:\Users\uidv3807\Documents\BaseSystemSE\workspace\Debug\tc.o
LOAD C:\Users\uidv3807\Documents\BaseSystemSE\workspace\Debug\xdma_hardware_interface.o
LOAD C:\Users\uidv3807\Documents\BaseSystemSE\workspace\Debug\xdmac.o
LOAD C:\Users\uidv3807\Documents\BaseSystemSE\workspace\Debug\xdmad.o
LOAD C:\Users\uidv3807\Documents\BaseSystemSE\workspace\Debug\afec.o
LOAD C:\Users\uidv3807\Documents\BaseSystemSE\workspace\Debug\afe_dma.o
LOAD C:\Users\uidv3807\Documents\BaseSystemSE\workspace\Debug\pwmc.o
LOAD C:\Users\uidv3807\Documents\BaseSystemSE\workspace\Debug\syscalls.o
LOAD C:\Users\uidv3807\Documents\BaseSystemSE\workspace\Debug\system_sam.o
LOAD C:\Users\uidv3807\Documents\BaseSystemSE\workspace\Debug\timetick.o
LOAD C:\Users\uidv3807\Documents\BaseSystemSE\workspace\Debug\app_scheduler.o
LOAD C:\Users\uidv3807\Documents\BaseSystemSE\workspace\Debug\Tasks.o
LOAD C:\Users\uidv3807\Documents\BaseSystemSE\workspace\Debug\led.o
LOAD C:\Users\uidv3807\Documents\BaseSystemSE\workspace\Debug\main.o
LOAD C:\Users\uidv3807\Documents\BaseSystemSE\workspace\Debug\startup_sam.o
                0x00002000                STACK_SIZE = DEFINED (STACK_SIZE)?STACK_SIZE:0x2000
                0x00001000                HEAP_SIZE = DEFINED (HEAP_SIZE)?HEAP_SIZE:0x1000
                0x00010000                MY_HEAP_SIZE = DEFINED (MY_HEAP_SIZE)?MY_HEAP_SIZE:0x10000

.text           0x00400000     0xcfb0
                0x00400000                . = ALIGN (0x4)
                0x00400000                _sfixed = .
 *(.vectors .vectors.*)
 .vectors       0x00400000      0x140 C:\Users\uidv3807\Documents\BaseSystemSE\workspace\Debug\startup_sam.o
                0x00400000                exception_table
 *(.text .text.* .gnu.linkonce.t.*)
 .text          0x00400140      0x56c C:\Users\uidv3807\Documents\BaseSystemSE\workspace\Debug\dbg_console.o
                0x00400140                DBG_Configure
                0x004001f0                DBG_PutChar
                0x00400244                DBG_GetChar
                0x00400288                DBG_IsRxReady
                0x004002c0                DBG_DumpFrame
                0x00400304                DBG_DumpMemory
                0x00400468                DBG_GetInteger
                0x00400538                DBG_GetIntegerMinMax
                0x00400598                DBG_GetHexa32
                0x00400640                puts
                0x0040066c                gets
 .text          0x004006ac      0x19c C:\Users\uidv3807\Documents\BaseSystemSE\workspace\Debug\board_lowlevel.o
                0x004006ac                _SetupMemoryRegion
                0x00400838                LowLevelInit
 .text          0x00400848       0xf8 C:\Users\uidv3807\Documents\BaseSystemSE\workspace\Debug\exceptions.o
                0x00400848                NMI_Handler
                0x00400850                PWM0_Handler
                0x00400858                AFEC0_Handler
                0x004008e0                HardFault_Handler
                0x004008f4                MemManage_Handler
                0x0040090c                BusFault_Handler
                0x00400928                UsageFault_Handler
 .text          0x00400940      0x540 C:\Users\uidv3807\Documents\BaseSystemSE\workspace\Debug\pio.o
                0x00400bb0                PIO_Configure
                0x00400d14                PIO_Set
                0x00400d30                PIO_Clear
                0x00400d4c                PIO_Get
                0x00400d94                PIO_GetOutputDataStatus
                0x00400dc0                PIO_SetDebounceFilter
                0x00400dfc                PIO_EnableWriteProtect
                0x00400e20                PIO_DisableWriteProtect
                0x00400e44                PIO_GetWriteProtectViolationInfo
                0x00400e64                PIO_SetPinType
 .text          0x00400e80       0xf0 C:\Users\uidv3807\Documents\BaseSystemSE\workspace\Debug\mpu.o
                0x00400e80                MPU_Enable
                0x00400e9c                MPU_SetRegionNum
                0x00400eb8                MPU_DisableRegion
                0x00400ed4                MPU_SetRegion
                0x00400ef8                MPU_CalMPURegionSize
                0x00400f38                MPU_UpdateRegions
 .text          0x00400f70      0x76c C:\Users\uidv3807\Documents\BaseSystemSE\workspace\Debug\pmc.o
                0x00401044                PMC_EnablePeripheral
                0x004010d4                PMC_DisablePeripheral
                0x00401164                PMC_EnableAllPeripherals
                0x004011a4                PMC_DisableAllPeripherals
                0x004011e0                PMC_IsPeriphEnabled
                0x0040123c                PMC_EnableExtOsc
                0x004012b8                PMC_DisableExtOsc
                0x004012f4                PMC_SelectExtOsc
                0x00401360                PMC_SelectExtBypassOsc
                0x004013cc                PMC_EnableIntRC4_8_12MHz
                0x00401458                PMC_DisableIntRC4_8_12MHz
                0x0040149c                PMC_SetPllaClock
                0x004014f4                PMC_SetMckSelection
                0x00401538                PMC_DisableAllClocks
                0x00401588                PMC_ConfigureMckWithPlla
                0x004015c0                PMC_EnableXT32KFME
                0x004015ec                PMC_ConfigurePCK0
                0x0040163c                PMC_ConfigurePCK1
                0x0040168c                PMC_ConfigurePCK2
 .text          0x004016dc       0xa8 C:\Users\uidv3807\Documents\BaseSystemSE\workspace\Debug\wdt.o
                0x004016dc                WDT_Enable
                0x004016f8                WDT_Disable
                0x00401714                WDT_Restart
                0x00401730                WDT_GetStatus
                0x0040174c                WDT_GetPeriod
 .text          0x00401784      0x4ac C:\Users\uidv3807\Documents\BaseSystemSE\workspace\Debug\pio_it.o
                0x00401870                PioInterruptHandler
                0x00401920                PIOA_Handler
                0x00401934                PIOB_Handler
                0x00401948                PIOC_Handler
                0x0040195c                PIOD_Handler
                0x00401970                PIOE_Handler
                0x00401984                PIO_InitializeInterrupts
                0x00401a8c                PIO_ConfigureIt
                0x00401b68                PIO_EnableIt
                0x00401bf8                PIO_DisableIt
 .text          0x00401c30       0xec C:\Users\uidv3807\Documents\BaseSystemSE\workspace\Debug\xdma_hardware_interface.o
                0x00401c30                XDMAIF_Get_ChannelNumber
                0x00401cb8                XDMAIF_IsValidatedPeripherOnDma
 .text          0x00401d1c      0xba4 C:\Users\uidv3807\Documents\BaseSystemSE\workspace\Debug\xdmac.o
                0x00401d1c                XDMAC_GetType
                0x00401d50                XDMAC_GetConfig
                0x00401d84                XDMAC_GetArbiter
                0x00401db8                XDMAC_EnableGIt
                0x00401df4                XDMAC_DisableGIt
                0x00401e30                XDMAC_GetGItMask
                0x00401e64                XDMAC_GetGIsr
                0x00401e98                XDMAC_GetMaskedGIsr
                0x00401ed8                XDMAC_EnableChannel
                0x00401f28                XDMAC_EnableChannels
                0x00401f5c                XDMAC_DisableChannel
                0x00401fac                XDMAC_DisableChannels
                0x00401fe0                XDMAC_GetGlobalChStatus
                0x00402014                XDMAC_SuspendReadChannel
                0x0040206c                XDMAC_SuspendWriteChannel
                0x004020c4                XDMAC_SuspendReadWriteChannel
                0x00402114                XDMAC_ResumeReadWriteChannel
                0x00402168                XDMAC_SoftwareTransferReq
                0x004021bc                XDMAC_GetSoftwareTransferStatus
                0x004021f0                XDMAC_SoftwareFlushReq
                0x0040225c                XDMAC_EnableChannelIt
                0x004022b8                XDMAC_DisableChannelIt
                0x00402314                XDMAC_GetChannelItMask
                0x0040236c                XDMAC_GetChannelIsr
                0x004023c4                XDMAC_GetMaskChannelIsr
                0x00402434                XDMAC_SetSourceAddr
                0x00402490                XDMAC_SetDestinationAddr
                0x004024ec                XDMAC_SetDescriptorAddr
                0x0040256c                XDMAC_SetDescriptorControl
                0x004025c8                XDMAC_SetMicroblockControl
                0x00402628                XDMAC_SetBlockControl
                0x00402688                XDMAC_SetChannelConfig
                0x004026e4                XDMAC_GetChannelConfig
                0x0040273c                XDMAC_SetDataStride_MemPattern
                0x00402798                XDMAC_SetSourceMicroBlockStride
                0x004027f8                XDMAC_SetDestinationMicroBlockStride
                0x00402858                XDMAC_GetChDestinationAddr
                0x004028b0                XDMAC_Handler
 .text          0x004028c0      0xb84 C:\Users\uidv3807\Documents\BaseSystemSE\workspace\Debug\xdmad.o
                0x00402b80                XDMAD_Initialize
                0x00402ccc                XDMAD_AllocateChannel
                0x00402d24                XDMAD_FreeChannel
                0x00402db0                XDMAD_SetCallback
                0x00402e40                XDMAD_PrepareChannel
                0x00402f54                XDMAD_Handler
                0x004030a8                XDMAD_IsTransferDone
                0x00403130                XDMAD_ConfigureTransfer
                0x00403300                XDMAD_StartTransfer
                0x004033c0                XDMAD_StopTransfer
 .text          0x00403444      0x780 C:\Users\uidv3807\Documents\BaseSystemSE\workspace\Debug\afec.o
                0x00403444                AFEC_Initialize
                0x00403468                AFEC_SetClock
                0x004034c8                AFEC_SetTiming
                0x00403510                AFEC_SetTrigger
                0x00403548                AFEC_SetSleepMode
                0x00403580                AFEC_SetFastWakeup
                0x004035b8                AFEC_SetSequenceMode
                0x004035f0                AFEC_SetSequence
                0x00403614                AFEC_SetSequenceByList
                0x004036b4                AFEC_SetAnalogChange
                0x004036ec                AFEC_SetTriggerEnable
                0x00403724                AFEC_SetTagEnable
                0x0040375c                AFEC_SetNumberOfBits
                0x0040377c                AFEC_SetCompareChannel
                0x004037e8                AFEC_SetCompareMode
                0x00403818                AFEC_SetResolution
                0x00403848                AFEC_SetSignMode
                0x00403878                AFEC_SetComparisonWindow
                0x00403894                AFEC_GetConvertedData
                0x004038d8                AFEC_SetStartupTime
                0x00403a50                AFEC_SetTrackingTime
                0x00403af8                AFEC_SetAnalogOffset
                0x00403b3c                AFEC_SetAnalogControl
                0x00403b58                AFEC0_Init
 .text          0x00403bc4      0x4e4 C:\Users\uidv3807\Documents\BaseSystemSE\workspace\Debug\afe_dma.o
                0x00403f00                Afe_Dma_Init
                0x00403f50                TASK_AFEC_DMA
                0x00403fc0                Afe_ConfigureDma
                0x00403ffc                Afe_SendData
 .text          0x004040a8      0x7b8 C:\Users\uidv3807\Documents\BaseSystemSE\workspace\Debug\pwmc.o
                0x00404170                PWMC_ConfigureChannel
                0x00404214                PWMC_ConfigureChannelExt
                0x00404328                PWMC_ConfigureClocks
                0x004043ac                PWMC_SetPeriod
                0x004043fc                PWMC_SetDutyCycle
                0x00404474                PWMC_SetDeadTime
                0x0040452c                PWMC_ConfigureSyncChannel
                0x00404558                PWMC_SetSyncChannelUpdatePeriod
                0x00404588                PWMC_SetSyncChannelUpdateUnlock
                0x004045a0                PWMC_EnableChannel
                0x004045c4                PWMC_DisableChannel
                0x004045e8                PWMC_EnableChannelIt
                0x0040460c                PWMC_GetStatus2
                0x00404624                PWMC_DisableChannelIt
                0x00404648                PWMC_EnableIt
                0x0040466c                PWMC_DisableIt
                0x00404690                PWMC_SetOverrideValue
                0x004046ac                PWMC_EnableOverrideOutput
                0x004046d8                PWMC_OutputOverrideSelection
                0x004046f4                PWMC_DisableOverrideOutput
                0x00404720                PWMC_SetFaultMode
                0x0040473c                PWMC_FaultClear
                0x00404758                PWMC_SetFaultProtectionValue
                0x00404774                PWMC_EnableFaultProtection
                0x00404790                PWMC_ConfigureComparisonUnit
                0x00404810                PWMC_ConfigureEventLineMode
 .text          0x00404860      0x164 C:\Users\uidv3807\Documents\BaseSystemSE\workspace\Debug\syscalls.o
                0x00404860                _sbrk
                0x004048a0                link
                0x004048bc                _close
                0x004048d4                _fstat
                0x004048f4                _isatty
                0x0040490c                _lseek
                0x00404928                _read
                0x00404944                _write
                0x00404980                _exit
                0x00404998                _kill
                0x004049b0                _getpid
 .text          0x004049c4      0x378 C:\Users\uidv3807\Documents\BaseSystemSE\workspace\Debug\system_sam.o
                0x004049c4                SystemInit
                0x00404ad0                SystemCoreClockUpdate
                0x00404c38                system_init_flash
                0x00404ccc                sysclk_enable_usb
                0x00404d08                sysclk_disable_usb
 .text          0x00404d3c      0x33c C:\Users\uidv3807\Documents\BaseSystemSE\workspace\Debug\timetick.o
                0x00404dd4                SysTick_Handler
                0x00404e5c                SetTimeEvent
                0x00404e78                TimeTick_Configure
                0x00404f38                GetDelayInTicks
                0x00404f84                GetTicks
                0x00404fb8                Wait
                0x00405018                Sleep
 .text          0x00405078      0x26c C:\Users\uidv3807\Documents\BaseSystemSE\workspace\Debug\app_scheduler.o
                0x00405078                vfnScheduler_Callback
                0x004051a4                vfnScheduler_Init
                0x00405228                vfnScheduler_Start
                0x00405244                vfnScheduler_Stop
                0x0040525c                vfnTask_Scheduler
 .text          0x004052e4      0x138 C:\Users\uidv3807\Documents\BaseSystemSE\workspace\Debug\Tasks.o
                0x004052e4                PWM0_Init
                0x00405360                vfnTsk_1ms
                0x0040536c                vfnTsk_2msA
                0x00405378                vfnTsk_2msB
                0x00405384                vfnTsk_10ms
                0x004053c8                vfnTsk_50ms
                0x004053d4                vfnTsk_100ms
 .text          0x0040541c      0x168 C:\Users\uidv3807\Documents\BaseSystemSE\workspace\Debug\led.o
                0x0040541c                LED_Configure
                0x00405454                LED_Set
                0x004054b8                LED_Clear
                0x0040551c                LED_Toggle
 .text          0x00405584      0x174 C:\Users\uidv3807\Documents\BaseSystemSE\workspace\Debug\main.o
                0x00405674                main
 .text          0x004056f8       0xe0 C:\Users\uidv3807\Documents\BaseSystemSE\workspace\Debug\startup_sam.o
                0x00405738                Reset_Handler
                0x004057d0                DebugMon_Handler
                0x004057d0                UART3_Handler
                0x004057d0                UART2_Handler
                0x004057d0                TRNG_Handler
                0x004057d0                TC2_Handler
                0x004057d0                AFEC1_Handler
                0x004057d0                PendSV_Handler
                0x004057d0                TC7_Handler
                0x004057d0                QSPI_Handler
                0x004057d0                ISI_Handler
                0x004057d0                TC9_Handler
                0x004057d0                RSWDT_Handler
                0x004057d0                MCAN1_Handler
                0x004057d0                USART0_Handler
                0x004057d0                RTT_Handler
                0x004057d0                USBHS_Handler
                0x004057d0                CCF_Handler
                0x004057d0                RTC_Handler
                0x004057d0                TC6_Handler
                0x004057d0                WDT_Handler
                0x004057d0                TC4_Handler
                0x004057d0                TC1_Handler
                0x004057d0                HSMCI_Handler
                0x004057d0                UART1_Handler
                0x004057d0                DACC_Handler
                0x004057d0                TC3_Handler
                0x004057d0                Dummy_Handler
                0x004057d0                TWIHS1_Handler
                0x004057d0                UART4_Handler
                0x004057d0                PWM1_Handler
                0x004057d0                USART1_Handler
                0x004057d0                CCW_Handler
                0x004057d0                TC11_Handler
                0x004057d0                SSC_Handler
                0x004057d0                ACC_Handler
                0x004057d0                PMC_Handler
                0x004057d0                GMAC_Handler
                0x004057d0                SUPC_Handler
                0x004057d0                SVC_Handler
                0x004057d0                TC8_Handler
                0x004057d0                GMACQ2_Handler
                0x004057d0                EFC_Handler
                0x004057d0                USART2_Handler
                0x004057d0                SDRAMC_Handler
                0x004057d0                SPI1_Handler
                0x004057d0                MCAN0_Handler
                0x004057d0                TC10_Handler
                0x004057d0                TWIHS2_Handler
                0x004057d0                MLB_Handler
                0x004057d0                UART0_Handler
                0x004057d0                GMACQ1_Handler
                0x004057d0                MCAN1_Line1_Handler
                0x004057d0                FPU_Handler
                0x004057d0                RSTC_Handler
                0x004057d0                TC0_Handler
                0x004057d0                MCAN0_Line1_Handler
                0x004057d0                TC5_Handler
                0x004057d0                AES_Handler
                0x004057d0                ICM_Handler
                0x004057d0                TWIHS0_Handler
                0x004057d0                SPI0_Handler
 .text.__assert_func
                0x004057d8       0x3c c:/isystem/winideaopen9/gcc/arm/bin/../lib/gcc/arm-none-eabi/4.9.3/../../../../arm-none-eabi/lib/cortex-m7\libc.a(lib_a-assert.o)
                0x004057d8                __assert_func
 .text.fiprintf
                0x00405814       0x28 c:/isystem/winideaopen9/gcc/arm/bin/../lib/gcc/arm-none-eabi/4.9.3/../../../../arm-none-eabi/lib/cortex-m7\libc.a(lib_a-fiprintf.o)
                0x00405814                fiprintf
 .text          0x0040583c      0x134 c:/isystem/winideaopen9/gcc/arm/bin/../lib/gcc/arm-none-eabi/4.9.3/../../../../arm-none-eabi/lib/cortex-m7\libc.a(lib_a-memcpy.o)
                0x0040583c                memcpy
 .text.printf   0x00405970       0x28 c:/isystem/winideaopen9/gcc/arm/bin/../lib/gcc/arm-none-eabi/4.9.3/../../../../arm-none-eabi/lib/cortex-m7\libc.a(lib_a-printf.o)
                0x00405970                printf
 .text.putchar  0x00405998       0x10 c:/isystem/winideaopen9/gcc/arm/bin/../lib/gcc/arm-none-eabi/4.9.3/../../../../arm-none-eabi/lib/cortex-m7\libc.a(lib_a-putchar.o)
                0x00405998                putchar
 .text.setvbuf  0x004059a8       0xfc c:/isystem/winideaopen9/gcc/arm/bin/../lib/gcc/arm-none-eabi/4.9.3/../../../../arm-none-eabi/lib/cortex-m7\libc.a(lib_a-setvbuf.o)
                0x004059a8                setvbuf
 .text.__sprint_r.part.0
                0x00405aa4       0x78 c:/isystem/winideaopen9/gcc/arm/bin/../lib/gcc/arm-none-eabi/4.9.3/../../../../arm-none-eabi/lib/cortex-m7\libc.a(lib_a-vfiprintf.o)
 .text.__sprint_r
                0x00405b1c       0x18 c:/isystem/winideaopen9/gcc/arm/bin/../lib/gcc/arm-none-eabi/4.9.3/../../../../arm-none-eabi/lib/cortex-m7\libc.a(lib_a-vfiprintf.o)
                0x00405b1c                __sprint_r
 .text._vfiprintf_r
                0x00405b34      0xbf4 c:/isystem/winideaopen9/gcc/arm/bin/../lib/gcc/arm-none-eabi/4.9.3/../../../../arm-none-eabi/lib/cortex-m7\libc.a(lib_a-vfiprintf.o)
                0x00405b34                _vfiprintf_r
 .text.__sbprintf
                0x00406728       0x80 c:/isystem/winideaopen9/gcc/arm/bin/../lib/gcc/arm-none-eabi/4.9.3/../../../../arm-none-eabi/lib/cortex-m7\libc.a(lib_a-vfiprintf.o)
 .text._vfprintf_r
                0x004067a8     0x1554 c:/isystem/winideaopen9/gcc/arm/bin/../lib/gcc/arm-none-eabi/4.9.3/../../../../arm-none-eabi/lib/cortex-m7\libc.a(lib_a-vfprintf.o)
                0x004067a8                _vfprintf_r
 .text.__sbprintf
                0x00407cfc       0x80 c:/isystem/winideaopen9/gcc/arm/bin/../lib/gcc/arm-none-eabi/4.9.3/../../../../arm-none-eabi/lib/cortex-m7\libc.a(lib_a-vfprintf.o)
 .text.__swsetup_r
                0x00407d7c       0xc4 c:/isystem/winideaopen9/gcc/arm/bin/../lib/gcc/arm-none-eabi/4.9.3/../../../../arm-none-eabi/lib/cortex-m7\libc.a(lib_a-wsetup.o)
                0x00407d7c                __swsetup_r
 .text.abort    0x00407e40       0x10 c:/isystem/winideaopen9/gcc/arm/bin/../lib/gcc/arm-none-eabi/4.9.3/../../../../arm-none-eabi/lib/cortex-m7\libc.a(lib_a-abort.o)
                0x00407e40                abort
 .text.quorem   0x00407e50      0x140 c:/isystem/winideaopen9/gcc/arm/bin/../lib/gcc/arm-none-eabi/4.9.3/../../../../arm-none-eabi/lib/cortex-m7\libc.a(lib_a-dtoa.o)
 .text._dtoa_r  0x00407f90      0xee8 c:/isystem/winideaopen9/gcc/arm/bin/../lib/gcc/arm-none-eabi/4.9.3/../../../../arm-none-eabi/lib/cortex-m7\libc.a(lib_a-dtoa.o)
                0x00407f90                _dtoa_r
 .text.__sflush_r
                0x00408e78      0x148 c:/isystem/winideaopen9/gcc/arm/bin/../lib/gcc/arm-none-eabi/4.9.3/../../../../arm-none-eabi/lib/cortex-m7\libc.a(lib_a-fflush.o)
                0x00408e78                __sflush_r
 .text._fflush_r
                0x00408fc0       0x2c c:/isystem/winideaopen9/gcc/arm/bin/../lib/gcc/arm-none-eabi/4.9.3/../../../../arm-none-eabi/lib/cortex-m7\libc.a(lib_a-fflush.o)
                0x00408fc0                _fflush_r
 .text._cleanup_r
                0x00408fec        0xc c:/isystem/winideaopen9/gcc/arm/bin/../lib/gcc/arm-none-eabi/4.9.3/../../../../arm-none-eabi/lib/cortex-m7\libc.a(lib_a-findfp.o)
                0x00408fec                _cleanup_r
 .text.__sinit.part.1
                0x00408ff8       0xfc c:/isystem/winideaopen9/gcc/arm/bin/../lib/gcc/arm-none-eabi/4.9.3/../../../../arm-none-eabi/lib/cortex-m7\libc.a(lib_a-findfp.o)
 .text.__sinit  0x004090f4        0xc c:/isystem/winideaopen9/gcc/arm/bin/../lib/gcc/arm-none-eabi/4.9.3/../../../../arm-none-eabi/lib/cortex-m7\libc.a(lib_a-findfp.o)
                0x004090f4                __sinit
 .text.__sfp_lock_acquire
                0x00409100        0x4 c:/isystem/winideaopen9/gcc/arm/bin/../lib/gcc/arm-none-eabi/4.9.3/../../../../arm-none-eabi/lib/cortex-m7\libc.a(lib_a-findfp.o)
                0x00409100                __sfp_lock_acquire
 .text.__sfp_lock_release
                0x00409104        0x4 c:/isystem/winideaopen9/gcc/arm/bin/../lib/gcc/arm-none-eabi/4.9.3/../../../../arm-none-eabi/lib/cortex-m7\libc.a(lib_a-findfp.o)
                0x00409104                __sfp_lock_release
 .text.__fputwc
                0x00409108       0xb0 c:/isystem/winideaopen9/gcc/arm/bin/../lib/gcc/arm-none-eabi/4.9.3/../../../../arm-none-eabi/lib/cortex-m7\libc.a(lib_a-fputwc.o)
                0x00409108                __fputwc
 .text._fputwc_r
                0x004091b8       0x24 c:/isystem/winideaopen9/gcc/arm/bin/../lib/gcc/arm-none-eabi/4.9.3/../../../../arm-none-eabi/lib/cortex-m7\libc.a(lib_a-fputwc.o)
                0x004091b8                _fputwc_r
 .text._malloc_trim_r
                0x004091dc       0x9c c:/isystem/winideaopen9/gcc/arm/bin/../lib/gcc/arm-none-eabi/4.9.3/../../../../arm-none-eabi/lib/cortex-m7\libc.a(lib_a-freer.o)
                0x004091dc                _malloc_trim_r
 .text._free_r  0x00409278      0x1b0 c:/isystem/winideaopen9/gcc/arm/bin/../lib/gcc/arm-none-eabi/4.9.3/../../../../arm-none-eabi/lib/cortex-m7\libc.a(lib_a-freer.o)
                0x00409278                _free_r
 .text.__sfvwrite_r
                0x00409428      0x324 c:/isystem/winideaopen9/gcc/arm/bin/../lib/gcc/arm-none-eabi/4.9.3/../../../../arm-none-eabi/lib/cortex-m7\libc.a(lib_a-fvwrite.o)
                0x00409428                __sfvwrite_r
 .text._fwalk_reent
                0x0040974c       0x50 c:/isystem/winideaopen9/gcc/arm/bin/../lib/gcc/arm-none-eabi/4.9.3/../../../../arm-none-eabi/lib/cortex-m7\libc.a(lib_a-fwalk.o)
                0x0040974c                _fwalk_reent
 .text.__locale_charset
                0x0040979c        0x8 c:/isystem/winideaopen9/gcc/arm/bin/../lib/gcc/arm-none-eabi/4.9.3/../../../../arm-none-eabi/lib/cortex-m7\libc.a(lib_a-locale.o)
                0x0040979c                __locale_charset
 .text.__locale_mb_cur_max
                0x004097a4        0xc c:/isystem/winideaopen9/gcc/arm/bin/../lib/gcc/arm-none-eabi/4.9.3/../../../../arm-none-eabi/lib/cortex-m7\libc.a(lib_a-locale.o)
                0x004097a4                __locale_mb_cur_max
 .text._localeconv_r
                0x004097b0        0x8 c:/isystem/winideaopen9/gcc/arm/bin/../lib/gcc/arm-none-eabi/4.9.3/../../../../arm-none-eabi/lib/cortex-m7\libc.a(lib_a-locale.o)
                0x004097b0                _localeconv_r
 .text.__smakebuf_r
                0x004097b8       0xe4 c:/isystem/winideaopen9/gcc/arm/bin/../lib/gcc/arm-none-eabi/4.9.3/../../../../arm-none-eabi/lib/cortex-m7\libc.a(lib_a-makebuf.o)
                0x004097b8                __smakebuf_r
 .text.malloc   0x0040989c       0x10 c:/isystem/winideaopen9/gcc/arm/bin/../lib/gcc/arm-none-eabi/4.9.3/../../../../arm-none-eabi/lib/cortex-m7\libc.a(lib_a-malloc.o)
                0x0040989c                malloc
 .text._malloc_r
                0x004098ac      0x558 c:/isystem/winideaopen9/gcc/arm/bin/../lib/gcc/arm-none-eabi/4.9.3/../../../../arm-none-eabi/lib/cortex-m7\libc.a(lib_a-mallocr.o)
                0x004098ac                _malloc_r
 .text.memchr   0x00409e04       0x90 c:/isystem/winideaopen9/gcc/arm/bin/../lib/gcc/arm-none-eabi/4.9.3/../../../../arm-none-eabi/lib/cortex-m7\libc.a(lib_a-memchr.o)
                0x00409e04                memchr
 .text.memmove  0x00409e94       0xc4 c:/isystem/winideaopen9/gcc/arm/bin/../lib/gcc/arm-none-eabi/4.9.3/../../../../arm-none-eabi/lib/cortex-m7\libc.a(lib_a-memmove.o)
                0x00409e94                memmove
 .text.memset   0x00409f58       0xa0 c:/isystem/winideaopen9/gcc/arm/bin/../lib/gcc/arm-none-eabi/4.9.3/../../../../arm-none-eabi/lib/cortex-m7\libc.a(lib_a-memset.o)
                0x00409f58                memset
 .text.__malloc_lock
                0x00409ff8        0x4 c:/isystem/winideaopen9/gcc/arm/bin/../lib/gcc/arm-none-eabi/4.9.3/../../../../arm-none-eabi/lib/cortex-m7\libc.a(lib_a-mlock.o)
                0x00409ff8                __malloc_lock
 .text.__malloc_unlock
                0x00409ffc        0x4 c:/isystem/winideaopen9/gcc/arm/bin/../lib/gcc/arm-none-eabi/4.9.3/../../../../arm-none-eabi/lib/cortex-m7\libc.a(lib_a-mlock.o)
                0x00409ffc                __malloc_unlock
 .text._Balloc  0x0040a000       0x50 c:/isystem/winideaopen9/gcc/arm/bin/../lib/gcc/arm-none-eabi/4.9.3/../../../../arm-none-eabi/lib/cortex-m7\libc.a(lib_a-mprec.o)
                0x0040a000                _Balloc
 .text._Bfree   0x0040a050       0x14 c:/isystem/winideaopen9/gcc/arm/bin/../lib/gcc/arm-none-eabi/4.9.3/../../../../arm-none-eabi/lib/cortex-m7\libc.a(lib_a-mprec.o)
                0x0040a050                _Bfree
 .text.__multadd
                0x0040a064       0x84 c:/isystem/winideaopen9/gcc/arm/bin/../lib/gcc/arm-none-eabi/4.9.3/../../../../arm-none-eabi/lib/cortex-m7\libc.a(lib_a-mprec.o)
                0x0040a064                __multadd
 .text.__hi0bits
                0x0040a0e8       0x44 c:/isystem/winideaopen9/gcc/arm/bin/../lib/gcc/arm-none-eabi/4.9.3/../../../../arm-none-eabi/lib/cortex-m7\libc.a(lib_a-mprec.o)
                0x0040a0e8                __hi0bits
 .text.__lo0bits
                0x0040a12c       0x64 c:/isystem/winideaopen9/gcc/arm/bin/../lib/gcc/arm-none-eabi/4.9.3/../../../../arm-none-eabi/lib/cortex-m7\libc.a(lib_a-mprec.o)
                0x0040a12c                __lo0bits
 .text.__i2b    0x0040a190       0x14 c:/isystem/winideaopen9/gcc/arm/bin/../lib/gcc/arm-none-eabi/4.9.3/../../../../arm-none-eabi/lib/cortex-m7\libc.a(lib_a-mprec.o)
                0x0040a190                __i2b
 .text.__multiply
                0x0040a1a4      0x144 c:/isystem/winideaopen9/gcc/arm/bin/../lib/gcc/arm-none-eabi/4.9.3/../../../../arm-none-eabi/lib/cortex-m7\libc.a(lib_a-mprec.o)
                0x0040a1a4                __multiply
 .text.__pow5mult
                0x0040a2e8       0xa0 c:/isystem/winideaopen9/gcc/arm/bin/../lib/gcc/arm-none-eabi/4.9.3/../../../../arm-none-eabi/lib/cortex-m7\libc.a(lib_a-mprec.o)
                0x0040a2e8                __pow5mult
 .text.__lshift
                0x0040a388       0xb4 c:/isystem/winideaopen9/gcc/arm/bin/../lib/gcc/arm-none-eabi/4.9.3/../../../../arm-none-eabi/lib/cortex-m7\libc.a(lib_a-mprec.o)
                0x0040a388                __lshift
 .text.__mcmp   0x0040a43c       0x48 c:/isystem/winideaopen9/gcc/arm/bin/../lib/gcc/arm-none-eabi/4.9.3/../../../../arm-none-eabi/lib/cortex-m7\libc.a(lib_a-mprec.o)
                0x0040a43c                __mcmp
 .text.__mdiff  0x0040a484       0xe4 c:/isystem/winideaopen9/gcc/arm/bin/../lib/gcc/arm-none-eabi/4.9.3/../../../../arm-none-eabi/lib/cortex-m7\libc.a(lib_a-mprec.o)
                0x0040a484                __mdiff
 .text.__d2b    0x0040a568       0xb0 c:/isystem/winideaopen9/gcc/arm/bin/../lib/gcc/arm-none-eabi/4.9.3/../../../../arm-none-eabi/lib/cortex-m7\libc.a(lib_a-mprec.o)
                0x0040a568                __d2b
 .text._putc_r  0x0040a618       0x58 c:/isystem/winideaopen9/gcc/arm/bin/../lib/gcc/arm-none-eabi/4.9.3/../../../../arm-none-eabi/lib/cortex-m7\libc.a(lib_a-putc.o)
                0x0040a618                _putc_r
 .text._realloc_r
                0x0040a670      0x3f0 c:/isystem/winideaopen9/gcc/arm/bin/../lib/gcc/arm-none-eabi/4.9.3/../../../../arm-none-eabi/lib/cortex-m7\libc.a(lib_a-reallocr.o)
                0x0040a670                _realloc_r
 .text.__fpclassifyd
                0x0040aa60       0x44 c:/isystem/winideaopen9/gcc/arm/bin/../lib/gcc/arm-none-eabi/4.9.3/../../../../arm-none-eabi/lib/cortex-m7\libc.a(lib_a-s_fpclassify.o)
                0x0040aa60                __fpclassifyd
 .text._sbrk_r  0x0040aaa4       0x24 c:/isystem/winideaopen9/gcc/arm/bin/../lib/gcc/arm-none-eabi/4.9.3/../../../../arm-none-eabi/lib/cortex-m7\libc.a(lib_a-sbrkr.o)
                0x0040aaa4                _sbrk_r
 .text._raise_r
                0x0040aac8       0x58 c:/isystem/winideaopen9/gcc/arm/bin/../lib/gcc/arm-none-eabi/4.9.3/../../../../arm-none-eabi/lib/cortex-m7\libc.a(lib_a-signal.o)
                0x0040aac8                _raise_r
 .text.raise    0x0040ab20       0x10 c:/isystem/winideaopen9/gcc/arm/bin/../lib/gcc/arm-none-eabi/4.9.3/../../../../arm-none-eabi/lib/cortex-m7\libc.a(lib_a-signal.o)
                0x0040ab20                raise
 .text._kill_r  0x0040ab30       0x28 c:/isystem/winideaopen9/gcc/arm/bin/../lib/gcc/arm-none-eabi/4.9.3/../../../../arm-none-eabi/lib/cortex-m7\libc.a(lib_a-signalr.o)
                0x0040ab30                _kill_r
 .text._getpid_r
                0x0040ab58        0x4 c:/isystem/winideaopen9/gcc/arm/bin/../lib/gcc/arm-none-eabi/4.9.3/../../../../arm-none-eabi/lib/cortex-m7\libc.a(lib_a-signalr.o)
                0x0040ab58                _getpid_r
 .text.__sread  0x0040ab5c       0x24 c:/isystem/winideaopen9/gcc/arm/bin/../lib/gcc/arm-none-eabi/4.9.3/../../../../arm-none-eabi/lib/cortex-m7\libc.a(lib_a-stdio.o)
                0x0040ab5c                __sread
 .text.__swrite
                0x0040ab80       0x38 c:/isystem/winideaopen9/gcc/arm/bin/../lib/gcc/arm-none-eabi/4.9.3/../../../../arm-none-eabi/lib/cortex-m7\libc.a(lib_a-stdio.o)
                0x0040ab80                __swrite
 .text.__sseek  0x0040abb8       0x24 c:/isystem/winideaopen9/gcc/arm/bin/../lib/gcc/arm-none-eabi/4.9.3/../../../../arm-none-eabi/lib/cortex-m7\libc.a(lib_a-stdio.o)
                0x0040abb8                __sseek
 .text.__sclose
                0x0040abdc        0x8 c:/isystem/winideaopen9/gcc/arm/bin/../lib/gcc/arm-none-eabi/4.9.3/../../../../arm-none-eabi/lib/cortex-m7\libc.a(lib_a-stdio.o)
                0x0040abdc                __sclose
 .text.strlen   0x0040abe4       0x5c c:/isystem/winideaopen9/gcc/arm/bin/../lib/gcc/arm-none-eabi/4.9.3/../../../../arm-none-eabi/lib/cortex-m7\libc.a(lib_a-strlen.o)
                0x0040abe4                strlen
 .text.__swbuf_r
                0x0040ac40       0xa8 c:/isystem/winideaopen9/gcc/arm/bin/../lib/gcc/arm-none-eabi/4.9.3/../../../../arm-none-eabi/lib/cortex-m7\libc.a(lib_a-wbuf.o)
                0x0040ac40                __swbuf_r
 .text._wcrtomb_r
                0x0040ace8       0x54 c:/isystem/winideaopen9/gcc/arm/bin/../lib/gcc/arm-none-eabi/4.9.3/../../../../arm-none-eabi/lib/cortex-m7\libc.a(lib_a-wcrtomb.o)
                0x0040ace8                _wcrtomb_r
 .text.__ascii_wctomb
                0x0040ad3c       0x18 c:/isystem/winideaopen9/gcc/arm/bin/../lib/gcc/arm-none-eabi/4.9.3/../../../../arm-none-eabi/lib/cortex-m7\libc.a(lib_a-wctomb_r.o)
                0x0040ad3c                __ascii_wctomb
 .text._write_r
                0x0040ad54       0x28 c:/isystem/winideaopen9/gcc/arm/bin/../lib/gcc/arm-none-eabi/4.9.3/../../../../arm-none-eabi/lib/cortex-m7\libc.a(lib_a-writer.o)
                0x0040ad54                _write_r
 .text._calloc_r
                0x0040ad7c       0x60 c:/isystem/winideaopen9/gcc/arm/bin/../lib/gcc/arm-none-eabi/4.9.3/../../../../arm-none-eabi/lib/cortex-m7\libc.a(lib_a-callocr.o)
                0x0040ad7c                _calloc_r
 .text._close_r
                0x0040addc       0x24 c:/isystem/winideaopen9/gcc/arm/bin/../lib/gcc/arm-none-eabi/4.9.3/../../../../arm-none-eabi/lib/cortex-m7\libc.a(lib_a-closer.o)
                0x0040addc                _close_r
 .text._fclose_r
                0x0040ae00       0x84 c:/isystem/winideaopen9/gcc/arm/bin/../lib/gcc/arm-none-eabi/4.9.3/../../../../arm-none-eabi/lib/cortex-m7\libc.a(lib_a-fclose.o)
                0x0040ae00                _fclose_r
 .text._fstat_r
                0x0040ae84       0x28 c:/isystem/winideaopen9/gcc/arm/bin/../lib/gcc/arm-none-eabi/4.9.3/../../../../arm-none-eabi/lib/cortex-m7\libc.a(lib_a-fstatr.o)
                0x0040ae84                _fstat_r
 .text._isatty_r
                0x0040aeac       0x24 c:/isystem/winideaopen9/gcc/arm/bin/../lib/gcc/arm-none-eabi/4.9.3/../../../../arm-none-eabi/lib/cortex-m7\libc.a(lib_a-isattyr.o)
                0x0040aeac                _isatty_r
 .text._lseek_r
                0x0040aed0       0x28 c:/isystem/winideaopen9/gcc/arm/bin/../lib/gcc/arm-none-eabi/4.9.3/../../../../arm-none-eabi/lib/cortex-m7\libc.a(lib_a-lseekr.o)
                0x0040aed0                _lseek_r
 .text._read_r  0x0040aef8       0x28 c:/isystem/winideaopen9/gcc/arm/bin/../lib/gcc/arm-none-eabi/4.9.3/../../../../arm-none-eabi/lib/cortex-m7\libc.a(lib_a-readr.o)
                0x0040aef8                _read_r
 .text          0x0040af20      0x370 c:/isystem/winideaopen9/gcc/arm/bin/../lib/gcc/arm-none-eabi/4.9.3/cortex-m7\libgcc.a(_arm_addsubdf3.o)
                0x0040af20                __aeabi_drsub
                0x0040af28                __aeabi_dsub
                0x0040af28                __subdf3
                0x0040af2c                __aeabi_dadd
                0x0040af2c                __adddf3
                0x0040b1a4                __floatunsidf
                0x0040b1a4                __aeabi_ui2d
                0x0040b1c4                __floatsidf
                0x0040b1c4                __aeabi_i2d
                0x0040b1e8                __aeabi_f2d
                0x0040b1e8                __extendsfdf2
                0x0040b224                __floatundidf
                0x0040b224                __aeabi_ul2d
                0x0040b234                __floatdidf
                0x0040b234                __aeabi_l2d
 .text          0x0040b290      0x424 c:/isystem/winideaopen9/gcc/arm/bin/../lib/gcc/arm-none-eabi/4.9.3/cortex-m7\libgcc.a(_arm_muldivdf3.o)
                0x0040b290                __aeabi_dmul
                0x0040b290                __muldf3
                0x0040b4e4                __divdf3
                0x0040b4e4                __aeabi_ddiv
 .text          0x0040b6b4      0x110 c:/isystem/winideaopen9/gcc/arm/bin/../lib/gcc/arm-none-eabi/4.9.3/cortex-m7\libgcc.a(_arm_cmpdf2.o)
                0x0040b6b4                __gtdf2
                0x0040b6b4                __gedf2
                0x0040b6bc                __ltdf2
                0x0040b6bc                __ledf2
                0x0040b6c4                __nedf2
                0x0040b6c4                __eqdf2
                0x0040b6c4                __cmpdf2
                0x0040b740                __aeabi_cdrcmple
                0x0040b750                __aeabi_cdcmpeq
                0x0040b750                __aeabi_cdcmple
                0x0040b760                __aeabi_dcmpeq
                0x0040b774                __aeabi_dcmplt
                0x0040b788                __aeabi_dcmple
                0x0040b79c                __aeabi_dcmpge
                0x0040b7b0                __aeabi_dcmpgt
 .text          0x0040b7c4       0x50 c:/isystem/winideaopen9/gcc/arm/bin/../lib/gcc/arm-none-eabi/4.9.3/cortex-m7\libgcc.a(_arm_fixdfsi.o)
                0x0040b7c4                __aeabi_d2iz
                0x0040b7c4                __fixdfsi
 .text          0x0040b814       0x30 c:/isystem/winideaopen9/gcc/arm/bin/../lib/gcc/arm-none-eabi/4.9.3/cortex-m7\libgcc.a(_aeabi_uldivmod.o)
                0x0040b814                __aeabi_uldivmod
 .text          0x0040b844       0x60 c:/isystem/winideaopen9/gcc/arm/bin/../lib/gcc/arm-none-eabi/4.9.3/cortex-m7\libgcc.a(bpabi.o)
                0x0040b844                __gnu_ldivmod_helper
                0x0040b874                __gnu_uldivmod_helper
 .text          0x0040b8a4        0x4 c:/isystem/winideaopen9/gcc/arm/bin/../lib/gcc/arm-none-eabi/4.9.3/cortex-m7\libgcc.a(_dvmd_tls.o)
                0x0040b8a4                __aeabi_idiv0
                0x0040b8a4                __aeabi_ldiv0
 .text          0x0040b8a8      0x284 c:/isystem/winideaopen9/gcc/arm/bin/../lib/gcc/arm-none-eabi/4.9.3/cortex-m7\libgcc.a(_divdi3.o)
                0x0040b8a8                __divdi3
 .text          0x0040bb2c      0x248 c:/isystem/winideaopen9/gcc/arm/bin/../lib/gcc/arm-none-eabi/4.9.3/cortex-m7\libgcc.a(_udivdi3.o)
                0x0040bb2c                __udivdi3
 *(.glue_7t)
 .glue_7t       0x00000000        0x0 linker stubs
 *(.glue_7)
 .glue_7        0x00000000        0x0 linker stubs
 *(.rodata .rodata* .gnu.linkonce.r.*)
 .rodata        0x0040bd74       0xf7 C:\Users\uidv3807\Documents\BaseSystemSE\workspace\Debug\dbg_console.o
 *fill*         0x0040be6b        0x1 
 .rodata        0x0040be6c       0xac C:\Users\uidv3807\Documents\BaseSystemSE\workspace\Debug\pmc.o
 .rodata        0x0040bf18       0xee C:\Users\uidv3807\Documents\BaseSystemSE\workspace\Debug\pio_it.o
 *fill*         0x0040c006        0x2 
 .rodata        0x0040c008      0x21c C:\Users\uidv3807\Documents\BaseSystemSE\workspace\Debug\xdma_hardware_interface.o
 .rodata        0x0040c224      0x403 C:\Users\uidv3807\Documents\BaseSystemSE\workspace\Debug\xdmac.o
 *fill*         0x0040c627        0x1 
 .rodata        0x0040c628      0x1db C:\Users\uidv3807\Documents\BaseSystemSE\workspace\Debug\xdmad.o
 *fill*         0x0040c803        0x1 
 .rodata        0x0040c804       0xb9 C:\Users\uidv3807\Documents\BaseSystemSE\workspace\Debug\afec.o
 *fill*         0x0040c8bd        0x3 
 .rodata        0x0040c8c0       0x30 C:\Users\uidv3807\Documents\BaseSystemSE\workspace\Debug\afe_dma.o
 .rodata        0x0040c8f0      0x2f8 C:\Users\uidv3807\Documents\BaseSystemSE\workspace\Debug\pwmc.o
 .rodata        0x0040cbe8       0x19 C:\Users\uidv3807\Documents\BaseSystemSE\workspace\Debug\syscalls.o
 *fill*         0x0040cc01        0x3 
 .rodata        0x0040cc04       0xf2 C:\Users\uidv3807\Documents\BaseSystemSE\workspace\Debug\timetick.o
 *fill*         0x0040ccf6        0x2 
 .rodata        0x0040ccf8       0x1c C:\Users\uidv3807\Documents\BaseSystemSE\workspace\Debug\led.o
 .rodata        0x0040cd14       0xb2 C:\Users\uidv3807\Documents\BaseSystemSE\workspace\Debug\main.o
 *fill*         0x0040cdc6        0x2 
 .rodata.str1.4
                0x0040cdc8       0x3f c:/isystem/winideaopen9/gcc/arm/bin/../lib/gcc/arm-none-eabi/4.9.3/../../../../arm-none-eabi/lib/cortex-m7\libc.a(lib_a-assert.o)
                                 0x43 (size before relaxing)
 *fill*         0x0040ce07        0x1 
 .rodata.str1.4
                0x0040ce08        0x2 c:/isystem/winideaopen9/gcc/arm/bin/../lib/gcc/arm-none-eabi/4.9.3/../../../../arm-none-eabi/lib/cortex-m7\libc.a(lib_a-impure.o)
 *fill*         0x0040ce0a        0x2 
 .rodata.zeroes.6869
                0x0040ce0c       0x10 c:/isystem/winideaopen9/gcc/arm/bin/../lib/gcc/arm-none-eabi/4.9.3/../../../../arm-none-eabi/lib/cortex-m7\libc.a(lib_a-vfiprintf.o)
 .rodata.str1.4
                0x0040ce1c       0x2f c:/isystem/winideaopen9/gcc/arm/bin/../lib/gcc/arm-none-eabi/4.9.3/../../../../arm-none-eabi/lib/cortex-m7\libc.a(lib_a-vfiprintf.o)
 *fill*         0x0040ce4b        0x1 
 .rodata.blanks.6868
                0x0040ce4c       0x10 c:/isystem/winideaopen9/gcc/arm/bin/../lib/gcc/arm-none-eabi/4.9.3/../../../../arm-none-eabi/lib/cortex-m7\libc.a(lib_a-vfiprintf.o)
 .rodata.zeroes.6926
                0x0040ce5c       0x10 c:/isystem/winideaopen9/gcc/arm/bin/../lib/gcc/arm-none-eabi/4.9.3/../../../../arm-none-eabi/lib/cortex-m7\libc.a(lib_a-vfprintf.o)
 .rodata.str1.4
                0x0040ce6c       0x12 c:/isystem/winideaopen9/gcc/arm/bin/../lib/gcc/arm-none-eabi/4.9.3/../../../../arm-none-eabi/lib/cortex-m7\libc.a(lib_a-vfprintf.o)
                                 0x42 (size before relaxing)
 *fill*         0x0040ce7e        0x2 
 .rodata.blanks.6925
                0x0040ce80       0x10 c:/isystem/winideaopen9/gcc/arm/bin/../lib/gcc/arm-none-eabi/4.9.3/../../../../arm-none-eabi/lib/cortex-m7\libc.a(lib_a-vfprintf.o)
 .rodata.str1.4
                0x0040ce90       0x10 c:/isystem/winideaopen9/gcc/arm/bin/../lib/gcc/arm-none-eabi/4.9.3/../../../../arm-none-eabi/lib/cortex-m7\libc.a(lib_a-dtoa.o)
                                 0x12 (size before relaxing)
 .rodata.str1.4
                0x0040cea0        0xc c:/isystem/winideaopen9/gcc/arm/bin/../lib/gcc/arm-none-eabi/4.9.3/../../../../arm-none-eabi/lib/cortex-m7\libc.a(lib_a-locale.o)
                                 0x12 (size before relaxing)
 *fill*         0x0040ceac        0x4 
 .rodata.__mprec_tens
                0x0040ceb0       0xc8 c:/isystem/winideaopen9/gcc/arm/bin/../lib/gcc/arm-none-eabi/4.9.3/../../../../arm-none-eabi/lib/cortex-m7\libc.a(lib_a-mprec.o)
                0x0040ceb0                __mprec_tens
 .rodata.p05.5302
                0x0040cf78        0xc c:/isystem/winideaopen9/gcc/arm/bin/../lib/gcc/arm-none-eabi/4.9.3/../../../../arm-none-eabi/lib/cortex-m7\libc.a(lib_a-mprec.o)
 *fill*         0x0040cf84        0x4 
 .rodata.__mprec_bigtens
                0x0040cf88       0x28 c:/isystem/winideaopen9/gcc/arm/bin/../lib/gcc/arm-none-eabi/4.9.3/../../../../arm-none-eabi/lib/cortex-m7\libc.a(lib_a-mprec.o)
                0x0040cf88                __mprec_bigtens
 *(.ARM.extab* .gnu.linkonce.armextab.*)
                0x0040cfb0                . = ALIGN (0x4)
 *(.init)
                0x0040cfb0                . = ALIGN (0x4)
                0x0040cfb0                __preinit_array_start = .
 *(.preinit_array)
                0x0040cfb0                __preinit_array_end = .
                0x0040cfb0                . = ALIGN (0x4)
                0x0040cfb0                __init_array_start = .
 *(SORT(.init_array.*))
 *(.init_array)
                0x0040cfb0                __init_array_end = .
                0x0040cfb0                . = ALIGN (0x4)
 *crtbegin.o(.ctors)
 *(EXCLUDE_FILE(*crtend.o) .ctors)
 *(SORT(.ctors.*))
 *crtend.o(.ctors)
                0x0040cfb0                . = ALIGN (0x4)
 *(.fini)
                0x0040cfb0                . = ALIGN (0x4)
                0x0040cfb0                __fini_array_start = .
 *(.fini_array)
 *(SORT(.fini_array.*))
                0x0040cfb0                __fini_array_end = .
 *crtbegin.o(.dtors)
 *(EXCLUDE_FILE(*crtend.o) .dtors)
 *(SORT(.dtors.*))
 *crtend.o(.dtors)
                0x0040cfb0                . = ALIGN (0x4)
                0x0040cfb0                _efixed = .
                0x0040cfb0                PROVIDE (__exidx_start, .)

.vfp11_veneer   0x0040cfb0        0x0
 .vfp11_veneer  0x00000000        0x0 linker stubs

.v4_bx          0x0040cfb0        0x0
 .v4_bx         0x00000000        0x0 linker stubs

.iplt           0x0040cfb0        0x0
 .iplt          0x00000000        0x0 C:\Users\uidv3807\Documents\BaseSystemSE\workspace\Debug\dbg_console.o

.igot.plt       0x0040cfb0        0x0
 .igot.plt      0x00000000        0x0 C:\Users\uidv3807\Documents\BaseSystemSE\workspace\Debug\dbg_console.o

.ARM.exidx      0x0040cfb0        0x8
 *(.ARM.exidx* .gnu.linkonce.armexidx.*)
 .ARM.exidx     0x0040cfb0        0x8 c:/isystem/winideaopen9/gcc/arm/bin/../lib/gcc/arm-none-eabi/4.9.3/cortex-m7\libgcc.a(_divdi3.o)
 .ARM.exidx     0x0040cfb8        0x0 c:/isystem/winideaopen9/gcc/arm/bin/../lib/gcc/arm-none-eabi/4.9.3/cortex-m7\libgcc.a(_udivdi3.o)
                                  0x8 (size before relaxing)
                0x0040cfb8                PROVIDE (__exidx_end, .)

.rel.dyn        0x0040cfb8        0x0
 .rel.iplt      0x00000000        0x0 C:\Users\uidv3807\Documents\BaseSystemSE\workspace\Debug\dbg_console.o
                0x0040cfb8                . = ALIGN (0x4)
                0x0040cfb8                _etext = .

.relocate       0x20400000      0x8d4 load address 0x0040cfb8
                0x20400000                . = ALIGN (0x4)
                0x20400000                _srelocate = .
 *(.ramfunc .ramfunc.*)
 *(.data .data.*)
 .data          0x20400000        0x2 C:\Users\uidv3807\Documents\BaseSystemSE\workspace\Debug\afe_dma.o
                0x20400000                BuffSize
 *fill*         0x20400002        0x2 
 .data          0x20400004        0x4 C:\Users\uidv3807\Documents\BaseSystemSE\workspace\Debug\system_sam.o
                0x20400004                SystemCoreClock
 .data          0x20400008       0x30 C:\Users\uidv3807\Documents\BaseSystemSE\workspace\Debug\main.o
                0x20400008                Tasks
 .data.impure_data
                0x20400038      0x428 c:/isystem/winideaopen9/gcc/arm/bin/../lib/gcc/arm-none-eabi/4.9.3/../../../../arm-none-eabi/lib/cortex-m7\libc.a(lib_a-impure.o)
 .data._impure_ptr
                0x20400460        0x4 c:/isystem/winideaopen9/gcc/arm/bin/../lib/gcc/arm-none-eabi/4.9.3/../../../../arm-none-eabi/lib/cortex-m7\libc.a(lib_a-impure.o)
                0x20400460                _impure_ptr
 .data.lconv    0x20400464       0x38 c:/isystem/winideaopen9/gcc/arm/bin/../lib/gcc/arm-none-eabi/4.9.3/../../../../arm-none-eabi/lib/cortex-m7\libc.a(lib_a-locale.o)
 .data.lc_ctype_charset
                0x2040049c       0x20 c:/isystem/winideaopen9/gcc/arm/bin/../lib/gcc/arm-none-eabi/4.9.3/../../../../arm-none-eabi/lib/cortex-m7\libc.a(lib_a-locale.o)
 .data.__mb_cur_max
                0x204004bc        0x4 c:/isystem/winideaopen9/gcc/arm/bin/../lib/gcc/arm-none-eabi/4.9.3/../../../../arm-none-eabi/lib/cortex-m7\libc.a(lib_a-locale.o)
                0x204004bc                __mb_cur_max
 .data.__malloc_av_
                0x204004c0      0x408 c:/isystem/winideaopen9/gcc/arm/bin/../lib/gcc/arm-none-eabi/4.9.3/../../../../arm-none-eabi/lib/cortex-m7\libc.a(lib_a-mallocr.o)
                0x204004c0                __malloc_av_
 .data.__malloc_trim_threshold
                0x204008c8        0x4 c:/isystem/winideaopen9/gcc/arm/bin/../lib/gcc/arm-none-eabi/4.9.3/../../../../arm-none-eabi/lib/cortex-m7\libc.a(lib_a-mallocr.o)
                0x204008c8                __malloc_trim_threshold
 .data.__malloc_sbrk_base
                0x204008cc        0x4 c:/isystem/winideaopen9/gcc/arm/bin/../lib/gcc/arm-none-eabi/4.9.3/../../../../arm-none-eabi/lib/cortex-m7\libc.a(lib_a-mallocr.o)
                0x204008cc                __malloc_sbrk_base
 .data.__wctomb
                0x204008d0        0x4 c:/isystem/winideaopen9/gcc/arm/bin/../lib/gcc/arm-none-eabi/4.9.3/../../../../arm-none-eabi/lib/cortex-m7\libc.a(lib_a-wctomb_r.o)
                0x204008d0                __wctomb
                0x204008d4                . = ALIGN (0x4)
                0x204008d4                _erelocate = .

.bss            0x204008d4      0x2d8 load address 0x0040d88c
                0x204008d4                . = ALIGN (0x4)
                0x204008d4                _sbss = .
                0x204008d4                _szero = .
 *(.bss .bss.*)
 .bss           0x204008d4        0x6 C:\Users\uidv3807\Documents\BaseSystemSE\workspace\Debug\dbg_console.o
 *fill*         0x204008da        0x2 
 .bss           0x204008dc       0x44 C:\Users\uidv3807\Documents\BaseSystemSE\workspace\Debug\pio_it.o
 .bss           0x20400920        0x6 C:\Users\uidv3807\Documents\BaseSystemSE\workspace\Debug\xdmad.o
 *fill*         0x20400926        0x2 
 .bss           0x20400928        0xc C:\Users\uidv3807\Documents\BaseSystemSE\workspace\Debug\afec.o
 .bss           0x20400934        0xe C:\Users\uidv3807\Documents\BaseSystemSE\workspace\Debug\afe_dma.o
                0x20400940                BfrCnt
 *fill*         0x20400942        0x2 
 .bss           0x20400944        0xc C:\Users\uidv3807\Documents\BaseSystemSE\workspace\Debug\syscalls.o
 .bss           0x20400950       0x18 C:\Users\uidv3807\Documents\BaseSystemSE\workspace\Debug\timetick.o
 .bss           0x20400968        0x8 C:\Users\uidv3807\Documents\BaseSystemSE\workspace\Debug\Tasks.o
                0x2040096d                u8100ms_Ctr
                0x2040096e                u8100ms_Ctr2
 .bss.__malloc_max_total_mem
                0x20400970        0x4 c:/isystem/winideaopen9/gcc/arm/bin/../lib/gcc/arm-none-eabi/4.9.3/../../../../arm-none-eabi/lib/cortex-m7\libc.a(lib_a-mallocr.o)
                0x20400970                __malloc_max_total_mem
 .bss.__malloc_max_sbrked_mem
                0x20400974        0x4 c:/isystem/winideaopen9/gcc/arm/bin/../lib/gcc/arm-none-eabi/4.9.3/../../../../arm-none-eabi/lib/cortex-m7\libc.a(lib_a-mallocr.o)
                0x20400974                __malloc_max_sbrked_mem
 .bss.__malloc_top_pad
                0x20400978        0x4 c:/isystem/winideaopen9/gcc/arm/bin/../lib/gcc/arm-none-eabi/4.9.3/../../../../arm-none-eabi/lib/cortex-m7\libc.a(lib_a-mallocr.o)
                0x20400978                __malloc_top_pad
 .bss.__malloc_current_mallinfo
                0x2040097c       0x28 c:/isystem/winideaopen9/gcc/arm/bin/../lib/gcc/arm-none-eabi/4.9.3/../../../../arm-none-eabi/lib/cortex-m7\libc.a(lib_a-mallocr.o)
                0x2040097c                __malloc_current_mallinfo
 *(COMMON)
 COMMON         0x204009a4      0x1b0 C:\Users\uidv3807\Documents\BaseSystemSE\workspace\Debug\afe_dma.o
                0x204009a4                _AfeCommand
                0x204009b4                _AfeDma
                0x204009c4                _sXdmad
                0x20400b50                BuffAddr
 COMMON         0x20400b54       0x14 C:\Users\uidv3807\Documents\BaseSystemSE\workspace\Debug\timetick.o
                0x20400b54                gfunc_ptr
                0x20400b58                DelayTimer
 COMMON         0x20400b68       0x3a C:\Users\uidv3807\Documents\BaseSystemSE\workspace\Debug\app_scheduler.o
                0x20400b68                u8_50ms_Counter
                0x20400b6c                task_ctrl_array
                0x20400b9c                gu8Scheduler_Status
                0x20400b9d                gu8Scheduler_Thread_ID_Backup
                0x20400b9e                u8_10ms_Counter
                0x20400b9f                u8_100ms_Counter
                0x20400ba0                gu8Scheduler_Counter
                0x20400ba1                gu8Scheduler_Thread_ID
 *fill*         0x20400ba2        0x2 
 COMMON         0x20400ba4        0x4 C:\Users\uidv3807\Documents\BaseSystemSE\workspace\Debug\main.o
                0x20400ba4                u32AfecBuff
 COMMON         0x20400ba8        0x4 c:/isystem/winideaopen9/gcc/arm/bin/../lib/gcc/arm-none-eabi/4.9.3/../../../../arm-none-eabi/lib/cortex-m7\libc.a(lib_a-reent.o)
                0x20400ba8                errno
                0x20400bac                . = ALIGN (0x4)
                0x20400bac                _ebss = .
                0x20400bac                _ezero = .

.stack          0x20400bac     0x2004 load address 0x0040db64
                0x20400bb0                . = ALIGN (0x8)
 *fill*         0x20400bac        0x4 
                0x20400bb0                _sstack = .
                0x20402bb0                . = (. + STACK_SIZE)
 *fill*         0x20400bb0     0x2000 
                0x20402bb0                . = ALIGN (0x8)
                0x20402bb0                _estack = .

.heap           0x20402bb0     0x1000 load address 0x0040fb68
                0x20402bb0                . = ALIGN (0x8)
                0x20402bb0                _sheap = .
                0x20403bb0                . = (. + HEAP_SIZE)
 *fill*         0x20402bb0     0x1000 
                0x20403bb0                . = ALIGN (0x8)
                0x20403bb0                _eheap = .

.my_heap        0x20450000    0x10000
                0x20450000                . = ALIGN (0x8)
                0x20450000                HEAP_LLD = .
                0x20450000                _smyheap = .
                0x20460000                . = (. + MY_HEAP_SIZE)
 *fill*         0x20450000    0x10000 
                0x20460000                . = ALIGN (0x8)
                0x20460000                _emyheap = .
                0x20460000                . = ALIGN (0x4)
                0x20460000                _end = .
                0x2044ffff                _ram_end_ = ((ORIGIN (ram) + 0x50000) - 0x1)
                0x20460000                _sdram_lma = .

sdram_region
 *(sdram_region)
LOAD c:/isystem/winideaopen9/gcc/arm/bin/../lib/gcc/arm-none-eabi/4.9.3/../../../../arm-none-eabi/lib/cortex-m7\libc.a
LOAD c:/isystem/winideaopen9/gcc/arm/bin/../lib/gcc/arm-none-eabi/4.9.3/cortex-m7\libgcc.a
LOAD c:/isystem/winideaopen9/gcc/arm/bin/../lib/gcc/arm-none-eabi/4.9.3/../../../../arm-none-eabi/lib/cortex-m7\libm.a
OUTPUT(BaseProject.elf elf32-littlearm)

.debug_info     0x00000000     0xe14b
 .debug_info    0x00000000     0x14dc C:\Users\uidv3807\Documents\BaseSystemSE\workspace\Debug\dbg_console.o
 .debug_info    0x000014dc      0x4f5 C:\Users\uidv3807\Documents\BaseSystemSE\workspace\Debug\board_lowlevel.o
 .debug_info    0x000019d1      0x5be C:\Users\uidv3807\Documents\BaseSystemSE\workspace\Debug\exceptions.o
 .debug_info    0x00001f8f      0xa00 C:\Users\uidv3807\Documents\BaseSystemSE\workspace\Debug\pio.o
 .debug_info    0x0000298f      0x327 C:\Users\uidv3807\Documents\BaseSystemSE\workspace\Debug\mpu.o
 .debug_info    0x00002cb6      0x78b C:\Users\uidv3807\Documents\BaseSystemSE\workspace\Debug\pmc.o
 .debug_info    0x00003441      0x1fd C:\Users\uidv3807\Documents\BaseSystemSE\workspace\Debug\wdt.o
 .debug_info    0x0000363e      0xf6c C:\Users\uidv3807\Documents\BaseSystemSE\workspace\Debug\pio_it.o
 .debug_info    0x000045aa      0x410 C:\Users\uidv3807\Documents\BaseSystemSE\workspace\Debug\xdma_hardware_interface.o
 .debug_info    0x000049ba     0x1083 C:\Users\uidv3807\Documents\BaseSystemSE\workspace\Debug\xdmac.o
 .debug_info    0x00005a3d     0x1117 C:\Users\uidv3807\Documents\BaseSystemSE\workspace\Debug\xdmad.o
 .debug_info    0x00006b54      0xe90 C:\Users\uidv3807\Documents\BaseSystemSE\workspace\Debug\afec.o
 .debug_info    0x000079e4     0x1228 C:\Users\uidv3807\Documents\BaseSystemSE\workspace\Debug\afe_dma.o
 .debug_info    0x00008c0c      0xeba C:\Users\uidv3807\Documents\BaseSystemSE\workspace\Debug\pwmc.o
 .debug_info    0x00009ac6      0x4cc C:\Users\uidv3807\Documents\BaseSystemSE\workspace\Debug\syscalls.o
 .debug_info    0x00009f92      0x515 C:\Users\uidv3807\Documents\BaseSystemSE\workspace\Debug\system_sam.o
 .debug_info    0x0000a4a7      0xdca C:\Users\uidv3807\Documents\BaseSystemSE\workspace\Debug\timetick.o
 .debug_info    0x0000b271      0x2d2 C:\Users\uidv3807\Documents\BaseSystemSE\workspace\Debug\app_scheduler.o
 .debug_info    0x0000b543      0xdf8 C:\Users\uidv3807\Documents\BaseSystemSE\workspace\Debug\Tasks.o
 .debug_info    0x0000c33b      0x6f3 C:\Users\uidv3807\Documents\BaseSystemSE\workspace\Debug\led.o
 .debug_info    0x0000ca2e      0xd55 C:\Users\uidv3807\Documents\BaseSystemSE\workspace\Debug\main.o
 .debug_info    0x0000d783      0x9c8 C:\Users\uidv3807\Documents\BaseSystemSE\workspace\Debug\startup_sam.o

.debug_abbrev   0x00000000     0x2543
 .debug_abbrev  0x00000000      0x26e C:\Users\uidv3807\Documents\BaseSystemSE\workspace\Debug\dbg_console.o
 .debug_abbrev  0x0000026e      0x12f C:\Users\uidv3807\Documents\BaseSystemSE\workspace\Debug\board_lowlevel.o
 .debug_abbrev  0x0000039d      0x152 C:\Users\uidv3807\Documents\BaseSystemSE\workspace\Debug\exceptions.o
 .debug_abbrev  0x000004ef      0x19d C:\Users\uidv3807\Documents\BaseSystemSE\workspace\Debug\pio.o
 .debug_abbrev  0x0000068c      0x144 C:\Users\uidv3807\Documents\BaseSystemSE\workspace\Debug\mpu.o
 .debug_abbrev  0x000007d0      0x1ce C:\Users\uidv3807\Documents\BaseSystemSE\workspace\Debug\pmc.o
 .debug_abbrev  0x0000099e       0xdf C:\Users\uidv3807\Documents\BaseSystemSE\workspace\Debug\wdt.o
 .debug_abbrev  0x00000a7d      0x22b C:\Users\uidv3807\Documents\BaseSystemSE\workspace\Debug\pio_it.o
 .debug_abbrev  0x00000ca8       0xfb C:\Users\uidv3807\Documents\BaseSystemSE\workspace\Debug\xdma_hardware_interface.o
 .debug_abbrev  0x00000da3      0x1bf C:\Users\uidv3807\Documents\BaseSystemSE\workspace\Debug\xdmac.o
 .debug_abbrev  0x00000f62      0x301 C:\Users\uidv3807\Documents\BaseSystemSE\workspace\Debug\xdmad.o
 .debug_abbrev  0x00001263      0x1e5 C:\Users\uidv3807\Documents\BaseSystemSE\workspace\Debug\afec.o
 .debug_abbrev  0x00001448      0x2ea C:\Users\uidv3807\Documents\BaseSystemSE\workspace\Debug\afe_dma.o
 .debug_abbrev  0x00001732      0x1a4 C:\Users\uidv3807\Documents\BaseSystemSE\workspace\Debug\pwmc.o
 .debug_abbrev  0x000018d6      0x15e C:\Users\uidv3807\Documents\BaseSystemSE\workspace\Debug\syscalls.o
 .debug_abbrev  0x00001a34      0x127 C:\Users\uidv3807\Documents\BaseSystemSE\workspace\Debug\system_sam.o
 .debug_abbrev  0x00001b5b      0x23e C:\Users\uidv3807\Documents\BaseSystemSE\workspace\Debug\timetick.o
 .debug_abbrev  0x00001d99      0x132 C:\Users\uidv3807\Documents\BaseSystemSE\workspace\Debug\app_scheduler.o
 .debug_abbrev  0x00001ecb      0x190 C:\Users\uidv3807\Documents\BaseSystemSE\workspace\Debug\Tasks.o
 .debug_abbrev  0x0000205b      0x113 C:\Users\uidv3807\Documents\BaseSystemSE\workspace\Debug\led.o
 .debug_abbrev  0x0000216e      0x235 C:\Users\uidv3807\Documents\BaseSystemSE\workspace\Debug\main.o
 .debug_abbrev  0x000023a3      0x1a0 C:\Users\uidv3807\Documents\BaseSystemSE\workspace\Debug\startup_sam.o

.debug_aranges  0x00000000      0x2c0
 .debug_aranges
                0x00000000       0x20 C:\Users\uidv3807\Documents\BaseSystemSE\workspace\Debug\dbg_console.o
 .debug_aranges
                0x00000020       0x20 C:\Users\uidv3807\Documents\BaseSystemSE\workspace\Debug\board_lowlevel.o
 .debug_aranges
                0x00000040       0x20 C:\Users\uidv3807\Documents\BaseSystemSE\workspace\Debug\exceptions.o
 .debug_aranges
                0x00000060       0x20 C:\Users\uidv3807\Documents\BaseSystemSE\workspace\Debug\pio.o
 .debug_aranges
                0x00000080       0x20 C:\Users\uidv3807\Documents\BaseSystemSE\workspace\Debug\mpu.o
 .debug_aranges
                0x000000a0       0x20 C:\Users\uidv3807\Documents\BaseSystemSE\workspace\Debug\pmc.o
 .debug_aranges
                0x000000c0       0x20 C:\Users\uidv3807\Documents\BaseSystemSE\workspace\Debug\wdt.o
 .debug_aranges
                0x000000e0       0x20 C:\Users\uidv3807\Documents\BaseSystemSE\workspace\Debug\pio_it.o
 .debug_aranges
                0x00000100       0x20 C:\Users\uidv3807\Documents\BaseSystemSE\workspace\Debug\xdma_hardware_interface.o
 .debug_aranges
                0x00000120       0x20 C:\Users\uidv3807\Documents\BaseSystemSE\workspace\Debug\xdmac.o
 .debug_aranges
                0x00000140       0x20 C:\Users\uidv3807\Documents\BaseSystemSE\workspace\Debug\xdmad.o
 .debug_aranges
                0x00000160       0x20 C:\Users\uidv3807\Documents\BaseSystemSE\workspace\Debug\afec.o
 .debug_aranges
                0x00000180       0x20 C:\Users\uidv3807\Documents\BaseSystemSE\workspace\Debug\afe_dma.o
 .debug_aranges
                0x000001a0       0x20 C:\Users\uidv3807\Documents\BaseSystemSE\workspace\Debug\pwmc.o
 .debug_aranges
                0x000001c0       0x20 C:\Users\uidv3807\Documents\BaseSystemSE\workspace\Debug\syscalls.o
 .debug_aranges
                0x000001e0       0x20 C:\Users\uidv3807\Documents\BaseSystemSE\workspace\Debug\system_sam.o
 .debug_aranges
                0x00000200       0x20 C:\Users\uidv3807\Documents\BaseSystemSE\workspace\Debug\timetick.o
 .debug_aranges
                0x00000220       0x20 C:\Users\uidv3807\Documents\BaseSystemSE\workspace\Debug\app_scheduler.o
 .debug_aranges
                0x00000240       0x20 C:\Users\uidv3807\Documents\BaseSystemSE\workspace\Debug\Tasks.o
 .debug_aranges
                0x00000260       0x20 C:\Users\uidv3807\Documents\BaseSystemSE\workspace\Debug\led.o
 .debug_aranges
                0x00000280       0x20 C:\Users\uidv3807\Documents\BaseSystemSE\workspace\Debug\main.o
 .debug_aranges
                0x000002a0       0x20 C:\Users\uidv3807\Documents\BaseSystemSE\workspace\Debug\startup_sam.o

.debug_macro    0x00000000    0x1f901
 .debug_macro   0x00000000      0x761 C:\Users\uidv3807\Documents\BaseSystemSE\workspace\Debug\dbg_console.o
 .debug_macro   0x00000761      0x86e C:\Users\uidv3807\Documents\BaseSystemSE\workspace\Debug\dbg_console.o
 .debug_macro   0x00000fcf       0x22 C:\Users\uidv3807\Documents\BaseSystemSE\workspace\Debug\dbg_console.o
 .debug_macro   0x00000ff1       0x44 C:\Users\uidv3807\Documents\BaseSystemSE\workspace\Debug\dbg_console.o
 .debug_macro   0x00001035       0xe3 C:\Users\uidv3807\Documents\BaseSystemSE\workspace\Debug\dbg_console.o
 .debug_macro   0x00001118       0x22 C:\Users\uidv3807\Documents\BaseSystemSE\workspace\Debug\dbg_console.o
 .debug_macro   0x0000113a      0x1df C:\Users\uidv3807\Documents\BaseSystemSE\workspace\Debug\dbg_console.o
 .debug_macro   0x00001319       0x4a C:\Users\uidv3807\Documents\BaseSystemSE\workspace\Debug\dbg_console.o
 .debug_macro   0x00001363       0x3b C:\Users\uidv3807\Documents\BaseSystemSE\workspace\Debug\dbg_console.o
 .debug_macro   0x0000139e       0x18 C:\Users\uidv3807\Documents\BaseSystemSE\workspace\Debug\dbg_console.o
 .debug_macro   0x000013b6       0x26 C:\Users\uidv3807\Documents\BaseSystemSE\workspace\Debug\dbg_console.o
 .debug_macro   0x000013dc      0xf9a C:\Users\uidv3807\Documents\BaseSystemSE\workspace\Debug\dbg_console.o
 .debug_macro   0x00002376      0x16c C:\Users\uidv3807\Documents\BaseSystemSE\workspace\Debug\dbg_console.o
 .debug_macro   0x000024e2      0x24a C:\Users\uidv3807\Documents\BaseSystemSE\workspace\Debug\dbg_console.o
 .debug_macro   0x0000272c      0xa00 C:\Users\uidv3807\Documents\BaseSystemSE\workspace\Debug\dbg_console.o
 .debug_macro   0x0000312c      0x1b4 C:\Users\uidv3807\Documents\BaseSystemSE\workspace\Debug\dbg_console.o
 .debug_macro   0x000032e0      0x328 C:\Users\uidv3807\Documents\BaseSystemSE\workspace\Debug\dbg_console.o
 .debug_macro   0x00003608      0x15a C:\Users\uidv3807\Documents\BaseSystemSE\workspace\Debug\dbg_console.o
 .debug_macro   0x00003762      0xe71 C:\Users\uidv3807\Documents\BaseSystemSE\workspace\Debug\dbg_console.o
 .debug_macro   0x000045d3       0x1c C:\Users\uidv3807\Documents\BaseSystemSE\workspace\Debug\dbg_console.o
 .debug_macro   0x000045ef      0x67f C:\Users\uidv3807\Documents\BaseSystemSE\workspace\Debug\dbg_console.o
 .debug_macro   0x00004c6e      0x310 C:\Users\uidv3807\Documents\BaseSystemSE\workspace\Debug\dbg_console.o
 .debug_macro   0x00004f7e      0x4c7 C:\Users\uidv3807\Documents\BaseSystemSE\workspace\Debug\dbg_console.o
 .debug_macro   0x00005445      0x26e C:\Users\uidv3807\Documents\BaseSystemSE\workspace\Debug\dbg_console.o
 .debug_macro   0x000056b3     0x1324 C:\Users\uidv3807\Documents\BaseSystemSE\workspace\Debug\dbg_console.o
 .debug_macro   0x000069d7      0x280 C:\Users\uidv3807\Documents\BaseSystemSE\workspace\Debug\dbg_console.o
 .debug_macro   0x00006c57     0x2ba3 C:\Users\uidv3807\Documents\BaseSystemSE\workspace\Debug\dbg_console.o
 .debug_macro   0x000097fa     0x101d C:\Users\uidv3807\Documents\BaseSystemSE\workspace\Debug\dbg_console.o
 .debug_macro   0x0000a817      0xe01 C:\Users\uidv3807\Documents\BaseSystemSE\workspace\Debug\dbg_console.o
 .debug_macro   0x0000b618      0x3a4 C:\Users\uidv3807\Documents\BaseSystemSE\workspace\Debug\dbg_console.o
 .debug_macro   0x0000b9bc       0xa0 C:\Users\uidv3807\Documents\BaseSystemSE\workspace\Debug\dbg_console.o
 .debug_macro   0x0000ba5c       0x76 C:\Users\uidv3807\Documents\BaseSystemSE\workspace\Debug\dbg_console.o
 .debug_macro   0x0000bad2      0x3fb C:\Users\uidv3807\Documents\BaseSystemSE\workspace\Debug\dbg_console.o
 .debug_macro   0x0000becd       0x64 C:\Users\uidv3807\Documents\BaseSystemSE\workspace\Debug\dbg_console.o
 .debug_macro   0x0000bf31      0x276 C:\Users\uidv3807\Documents\BaseSystemSE\workspace\Debug\dbg_console.o
 .debug_macro   0x0000c1a7      0x1c4 C:\Users\uidv3807\Documents\BaseSystemSE\workspace\Debug\dbg_console.o
 .debug_macro   0x0000c36b      0x23b C:\Users\uidv3807\Documents\BaseSystemSE\workspace\Debug\dbg_console.o
 .debug_macro   0x0000c5a6      0x516 C:\Users\uidv3807\Documents\BaseSystemSE\workspace\Debug\dbg_console.o
 .debug_macro   0x0000cabc      0x62d C:\Users\uidv3807\Documents\BaseSystemSE\workspace\Debug\dbg_console.o
 .debug_macro   0x0000d0e9      0x6a9 C:\Users\uidv3807\Documents\BaseSystemSE\workspace\Debug\dbg_console.o
 .debug_macro   0x0000d792       0x4c C:\Users\uidv3807\Documents\BaseSystemSE\workspace\Debug\dbg_console.o
 .debug_macro   0x0000d7de      0x45a C:\Users\uidv3807\Documents\BaseSystemSE\workspace\Debug\dbg_console.o
 .debug_macro   0x0000dc38      0x1fb C:\Users\uidv3807\Documents\BaseSystemSE\workspace\Debug\dbg_console.o
 .debug_macro   0x0000de33      0x87d C:\Users\uidv3807\Documents\BaseSystemSE\workspace\Debug\dbg_console.o
 .debug_macro   0x0000e6b0     0x1547 C:\Users\uidv3807\Documents\BaseSystemSE\workspace\Debug\dbg_console.o
 .debug_macro   0x0000fbf7       0x40 C:\Users\uidv3807\Documents\BaseSystemSE\workspace\Debug\dbg_console.o
 .debug_macro   0x0000fc37       0x76 C:\Users\uidv3807\Documents\BaseSystemSE\workspace\Debug\dbg_console.o
 .debug_macro   0x0000fcad      0xda0 C:\Users\uidv3807\Documents\BaseSystemSE\workspace\Debug\dbg_console.o
 .debug_macro   0x00010a4d       0x82 C:\Users\uidv3807\Documents\BaseSystemSE\workspace\Debug\dbg_console.o
 .debug_macro   0x00010acf       0x76 C:\Users\uidv3807\Documents\BaseSystemSE\workspace\Debug\dbg_console.o
 .debug_macro   0x00010b45       0x4c C:\Users\uidv3807\Documents\BaseSystemSE\workspace\Debug\dbg_console.o
 .debug_macro   0x00010b91      0x126 C:\Users\uidv3807\Documents\BaseSystemSE\workspace\Debug\dbg_console.o
 .debug_macro   0x00010cb7      0x126 C:\Users\uidv3807\Documents\BaseSystemSE\workspace\Debug\dbg_console.o
 .debug_macro   0x00010ddd      0x126 C:\Users\uidv3807\Documents\BaseSystemSE\workspace\Debug\dbg_console.o
 .debug_macro   0x00010f03       0x6a C:\Users\uidv3807\Documents\BaseSystemSE\workspace\Debug\dbg_console.o
 .debug_macro   0x00010f6d       0x6a C:\Users\uidv3807\Documents\BaseSystemSE\workspace\Debug\dbg_console.o
 .debug_macro   0x00010fd7      0x313 C:\Users\uidv3807\Documents\BaseSystemSE\workspace\Debug\dbg_console.o
 .debug_macro   0x000112ea       0xb2 C:\Users\uidv3807\Documents\BaseSystemSE\workspace\Debug\dbg_console.o
 .debug_macro   0x0001139c       0xb2 C:\Users\uidv3807\Documents\BaseSystemSE\workspace\Debug\dbg_console.o
 .debug_macro   0x0001144e       0xb2 C:\Users\uidv3807\Documents\BaseSystemSE\workspace\Debug\dbg_console.o
 .debug_macro   0x00011500      0x112 C:\Users\uidv3807\Documents\BaseSystemSE\workspace\Debug\dbg_console.o
 .debug_macro   0x00011612      0x112 C:\Users\uidv3807\Documents\BaseSystemSE\workspace\Debug\dbg_console.o
 .debug_macro   0x00011724      0x2cd C:\Users\uidv3807\Documents\BaseSystemSE\workspace\Debug\dbg_console.o
 .debug_macro   0x000119f1       0xb8 C:\Users\uidv3807\Documents\BaseSystemSE\workspace\Debug\dbg_console.o
 .debug_macro   0x00011aa9       0x5e C:\Users\uidv3807\Documents\BaseSystemSE\workspace\Debug\dbg_console.o
 .debug_macro   0x00011b07       0x40 C:\Users\uidv3807\Documents\BaseSystemSE\workspace\Debug\dbg_console.o
 .debug_macro   0x00011b47       0x4c C:\Users\uidv3807\Documents\BaseSystemSE\workspace\Debug\dbg_console.o
 .debug_macro   0x00011b93       0xa0 C:\Users\uidv3807\Documents\BaseSystemSE\workspace\Debug\dbg_console.o
 .debug_macro   0x00011c33      0x494 C:\Users\uidv3807\Documents\BaseSystemSE\workspace\Debug\dbg_console.o
 .debug_macro   0x000120c7      0x126 C:\Users\uidv3807\Documents\BaseSystemSE\workspace\Debug\dbg_console.o
 .debug_macro   0x000121ed       0x4c C:\Users\uidv3807\Documents\BaseSystemSE\workspace\Debug\dbg_console.o
 .debug_macro   0x00012239      0x313 C:\Users\uidv3807\Documents\BaseSystemSE\workspace\Debug\dbg_console.o
 .debug_macro   0x0001254c       0x6a C:\Users\uidv3807\Documents\BaseSystemSE\workspace\Debug\dbg_console.o
 .debug_macro   0x000125b6       0xb8 C:\Users\uidv3807\Documents\BaseSystemSE\workspace\Debug\dbg_console.o
 .debug_macro   0x0001266e       0x76 C:\Users\uidv3807\Documents\BaseSystemSE\workspace\Debug\dbg_console.o
 .debug_macro   0x000126e4       0x6a C:\Users\uidv3807\Documents\BaseSystemSE\workspace\Debug\dbg_console.o
 .debug_macro   0x0001274e       0x2e C:\Users\uidv3807\Documents\BaseSystemSE\workspace\Debug\dbg_console.o
 .debug_macro   0x0001277c      0x9b1 C:\Users\uidv3807\Documents\BaseSystemSE\workspace\Debug\dbg_console.o
 .debug_macro   0x0001312d       0x6a C:\Users\uidv3807\Documents\BaseSystemSE\workspace\Debug\dbg_console.o
 .debug_macro   0x00013197       0x88 C:\Users\uidv3807\Documents\BaseSystemSE\workspace\Debug\dbg_console.o
 .debug_macro   0x0001321f       0x58 C:\Users\uidv3807\Documents\BaseSystemSE\workspace\Debug\dbg_console.o
 .debug_macro   0x00013277       0xa6 C:\Users\uidv3807\Documents\BaseSystemSE\workspace\Debug\dbg_console.o
 .debug_macro   0x0001331d       0x16 C:\Users\uidv3807\Documents\BaseSystemSE\workspace\Debug\dbg_console.o
 .debug_macro   0x00013333       0xe2 C:\Users\uidv3807\Documents\BaseSystemSE\workspace\Debug\dbg_console.o
 .debug_macro   0x00013415       0x4c C:\Users\uidv3807\Documents\BaseSystemSE\workspace\Debug\dbg_console.o
 .debug_macro   0x00013461       0x16 C:\Users\uidv3807\Documents\BaseSystemSE\workspace\Debug\dbg_console.o
 .debug_macro   0x00013477       0x4c C:\Users\uidv3807\Documents\BaseSystemSE\workspace\Debug\dbg_console.o
 .debug_macro   0x000134c3       0x2e C:\Users\uidv3807\Documents\BaseSystemSE\workspace\Debug\dbg_console.o
 .debug_macro   0x000134f1      0x19e C:\Users\uidv3807\Documents\BaseSystemSE\workspace\Debug\dbg_console.o
 .debug_macro   0x0001368f      0x19e C:\Users\uidv3807\Documents\BaseSystemSE\workspace\Debug\dbg_console.o
 .debug_macro   0x0001382d      0x19e C:\Users\uidv3807\Documents\BaseSystemSE\workspace\Debug\dbg_console.o
 .debug_macro   0x000139cb      0x19e C:\Users\uidv3807\Documents\BaseSystemSE\workspace\Debug\dbg_console.o
 .debug_macro   0x00013b69      0x19e C:\Users\uidv3807\Documents\BaseSystemSE\workspace\Debug\dbg_console.o
 .debug_macro   0x00013d07       0x1c C:\Users\uidv3807\Documents\BaseSystemSE\workspace\Debug\dbg_console.o
 .debug_macro   0x00013d23       0x2e C:\Users\uidv3807\Documents\BaseSystemSE\workspace\Debug\dbg_console.o
 .debug_macro   0x00013d51       0x22 C:\Users\uidv3807\Documents\BaseSystemSE\workspace\Debug\dbg_console.o
 .debug_macro   0x00013d73       0x1c C:\Users\uidv3807\Documents\BaseSystemSE\workspace\Debug\dbg_console.o
 .debug_macro   0x00013d8f       0x52 C:\Users\uidv3807\Documents\BaseSystemSE\workspace\Debug\dbg_console.o
 .debug_macro   0x00013de1       0x10 C:\Users\uidv3807\Documents\BaseSystemSE\workspace\Debug\dbg_console.o
 .debug_macro   0x00013df1       0x1c C:\Users\uidv3807\Documents\BaseSystemSE\workspace\Debug\dbg_console.o
 .debug_macro   0x00013e0d       0x4c C:\Users\uidv3807\Documents\BaseSystemSE\workspace\Debug\dbg_console.o
 .debug_macro   0x00013e59       0x4c C:\Users\uidv3807\Documents\BaseSystemSE\workspace\Debug\dbg_console.o
 .debug_macro   0x00013ea5       0x4c C:\Users\uidv3807\Documents\BaseSystemSE\workspace\Debug\dbg_console.o
 .debug_macro   0x00013ef1      0x329 C:\Users\uidv3807\Documents\BaseSystemSE\workspace\Debug\dbg_console.o
 .debug_macro   0x0001421a     0x1028 C:\Users\uidv3807\Documents\BaseSystemSE\workspace\Debug\dbg_console.o
 .debug_macro   0x00015242      0x107 C:\Users\uidv3807\Documents\BaseSystemSE\workspace\Debug\dbg_console.o
 .debug_macro   0x00015349      0x166 C:\Users\uidv3807\Documents\BaseSystemSE\workspace\Debug\dbg_console.o
 .debug_macro   0x000154af       0x58 C:\Users\uidv3807\Documents\BaseSystemSE\workspace\Debug\dbg_console.o
 .debug_macro   0x00015507       0x35 C:\Users\uidv3807\Documents\BaseSystemSE\workspace\Debug\dbg_console.o
 .debug_macro   0x0001553c       0x9c C:\Users\uidv3807\Documents\BaseSystemSE\workspace\Debug\dbg_console.o
 .debug_macro   0x000155d8       0x16 C:\Users\uidv3807\Documents\BaseSystemSE\workspace\Debug\dbg_console.o
 .debug_macro   0x000155ee       0x35 C:\Users\uidv3807\Documents\BaseSystemSE\workspace\Debug\dbg_console.o
 .debug_macro   0x00015623       0x52 C:\Users\uidv3807\Documents\BaseSystemSE\workspace\Debug\dbg_console.o
 .debug_macro   0x00015675       0x16 C:\Users\uidv3807\Documents\BaseSystemSE\workspace\Debug\dbg_console.o
 .debug_macro   0x0001568b       0x43 C:\Users\uidv3807\Documents\BaseSystemSE\workspace\Debug\dbg_console.o
 .debug_macro   0x000156ce      0x180 C:\Users\uidv3807\Documents\BaseSystemSE\workspace\Debug\dbg_console.o
 .debug_macro   0x0001584e      0x29d C:\Users\uidv3807\Documents\BaseSystemSE\workspace\Debug\dbg_console.o
 .debug_macro   0x00015aeb       0x16 C:\Users\uidv3807\Documents\BaseSystemSE\workspace\Debug\dbg_console.o
 .debug_macro   0x00015b01       0x29 C:\Users\uidv3807\Documents\BaseSystemSE\workspace\Debug\dbg_console.o
 .debug_macro   0x00015b2a       0x22 C:\Users\uidv3807\Documents\BaseSystemSE\workspace\Debug\dbg_console.o
 .debug_macro   0x00015b4c      0x159 C:\Users\uidv3807\Documents\BaseSystemSE\workspace\Debug\dbg_console.o
 .debug_macro   0x00015ca5       0x5e C:\Users\uidv3807\Documents\BaseSystemSE\workspace\Debug\dbg_console.o
 .debug_macro   0x00015d03       0x91 C:\Users\uidv3807\Documents\BaseSystemSE\workspace\Debug\dbg_console.o
 .debug_macro   0x00015d94      0x19e C:\Users\uidv3807\Documents\BaseSystemSE\workspace\Debug\dbg_console.o
 .debug_macro   0x00015f32       0x3a C:\Users\uidv3807\Documents\BaseSystemSE\workspace\Debug\dbg_console.o
 .debug_macro   0x00015f6c       0x52 C:\Users\uidv3807\Documents\BaseSystemSE\workspace\Debug\dbg_console.o
 .debug_macro   0x00015fbe       0x1c C:\Users\uidv3807\Documents\BaseSystemSE\workspace\Debug\dbg_console.o
 .debug_macro   0x00015fda       0x10 C:\Users\uidv3807\Documents\BaseSystemSE\workspace\Debug\dbg_console.o
 .debug_macro   0x00015fea       0x10 C:\Users\uidv3807\Documents\BaseSystemSE\workspace\Debug\dbg_console.o
 .debug_macro   0x00015ffa       0x22 C:\Users\uidv3807\Documents\BaseSystemSE\workspace\Debug\dbg_console.o
 .debug_macro   0x0001601c       0xbe C:\Users\uidv3807\Documents\BaseSystemSE\workspace\Debug\dbg_console.o
 .debug_macro   0x000160da       0x16 C:\Users\uidv3807\Documents\BaseSystemSE\workspace\Debug\dbg_console.o
 .debug_macro   0x000160f0      0x197 C:\Users\uidv3807\Documents\BaseSystemSE\workspace\Debug\dbg_console.o
 .debug_macro   0x00016287       0x93 C:\Users\uidv3807\Documents\BaseSystemSE\workspace\Debug\dbg_console.o
 .debug_macro   0x0001631a       0x16 C:\Users\uidv3807\Documents\BaseSystemSE\workspace\Debug\dbg_console.o
 .debug_macro   0x00016330       0xf3 C:\Users\uidv3807\Documents\BaseSystemSE\workspace\Debug\dbg_console.o
 .debug_macro   0x00016423       0x10 C:\Users\uidv3807\Documents\BaseSystemSE\workspace\Debug\dbg_console.o
 .debug_macro   0x00016433       0x76 C:\Users\uidv3807\Documents\BaseSystemSE\workspace\Debug\dbg_console.o
 .debug_macro   0x000164a9       0x16 C:\Users\uidv3807\Documents\BaseSystemSE\workspace\Debug\dbg_console.o
 .debug_macro   0x000164bf       0x2e C:\Users\uidv3807\Documents\BaseSystemSE\workspace\Debug\dbg_console.o
 .debug_macro   0x000164ed       0x2e C:\Users\uidv3807\Documents\BaseSystemSE\workspace\Debug\dbg_console.o
 .debug_macro   0x0001651b       0x10 C:\Users\uidv3807\Documents\BaseSystemSE\workspace\Debug\dbg_console.o
 .debug_macro   0x0001652b       0x52 C:\Users\uidv3807\Documents\BaseSystemSE\workspace\Debug\dbg_console.o
 .debug_macro   0x0001657d       0x16 C:\Users\uidv3807\Documents\BaseSystemSE\workspace\Debug\dbg_console.o
 .debug_macro   0x00016593       0x10 C:\Users\uidv3807\Documents\BaseSystemSE\workspace\Debug\dbg_console.o
 .debug_macro   0x000165a3       0x10 C:\Users\uidv3807\Documents\BaseSystemSE\workspace\Debug\dbg_console.o
 .debug_macro   0x000165b3       0x10 C:\Users\uidv3807\Documents\BaseSystemSE\workspace\Debug\dbg_console.o
 .debug_macro   0x000165c3       0x35 C:\Users\uidv3807\Documents\BaseSystemSE\workspace\Debug\dbg_console.o
 .debug_macro   0x000165f8      0x122 C:\Users\uidv3807\Documents\BaseSystemSE\workspace\Debug\dbg_console.o
 .debug_macro   0x0001671a      0x452 C:\Users\uidv3807\Documents\BaseSystemSE\workspace\Debug\dbg_console.o
 .debug_macro   0x00016b6c      0x72b C:\Users\uidv3807\Documents\BaseSystemSE\workspace\Debug\board_lowlevel.o
 .debug_macro   0x00017297      0x68e C:\Users\uidv3807\Documents\BaseSystemSE\workspace\Debug\exceptions.o
 .debug_macro   0x00017925      0x68e C:\Users\uidv3807\Documents\BaseSystemSE\workspace\Debug\pio.o
 .debug_macro   0x00017fb3      0x68e C:\Users\uidv3807\Documents\BaseSystemSE\workspace\Debug\mpu.o
 .debug_macro   0x00018641      0x6a4 C:\Users\uidv3807\Documents\BaseSystemSE\workspace\Debug\pmc.o
 .debug_macro   0x00018ce5      0x68e C:\Users\uidv3807\Documents\BaseSystemSE\workspace\Debug\wdt.o
 .debug_macro   0x00019373      0x69e C:\Users\uidv3807\Documents\BaseSystemSE\workspace\Debug\pio_it.o
 .debug_macro   0x00019a11      0x68e C:\Users\uidv3807\Documents\BaseSystemSE\workspace\Debug\xdma_hardware_interface.o
 .debug_macro   0x0001a09f      0x698 C:\Users\uidv3807\Documents\BaseSystemSE\workspace\Debug\xdmac.o
 .debug_macro   0x0001a737      0x698 C:\Users\uidv3807\Documents\BaseSystemSE\workspace\Debug\xdmad.o
 .debug_macro   0x0001adcf      0x72b C:\Users\uidv3807\Documents\BaseSystemSE\workspace\Debug\afec.o
 .debug_macro   0x0001b4fa      0x69d C:\Users\uidv3807\Documents\BaseSystemSE\workspace\Debug\afe_dma.o
 .debug_macro   0x0001bb97      0x698 C:\Users\uidv3807\Documents\BaseSystemSE\workspace\Debug\pwmc.o
 .debug_macro   0x0001c22f      0x749 C:\Users\uidv3807\Documents\BaseSystemSE\workspace\Debug\syscalls.o
 .debug_macro   0x0001c978       0x10 C:\Users\uidv3807\Documents\BaseSystemSE\workspace\Debug\syscalls.o
 .debug_macro   0x0001c988      0x241 C:\Users\uidv3807\Documents\BaseSystemSE\workspace\Debug\syscalls.o
 .debug_macro   0x0001cbc9      0x460 C:\Users\uidv3807\Documents\BaseSystemSE\workspace\Debug\system_sam.o
 .debug_macro   0x0001d029      0x73b C:\Users\uidv3807\Documents\BaseSystemSE\workspace\Debug\timetick.o
 .debug_macro   0x0001d764      0x698 C:\Users\uidv3807\Documents\BaseSystemSE\workspace\Debug\app_scheduler.o
 .debug_macro   0x0001ddfc       0x58 C:\Users\uidv3807\Documents\BaseSystemSE\workspace\Debug\app_scheduler.o
 .debug_macro   0x0001de54       0x50 C:\Users\uidv3807\Documents\BaseSystemSE\workspace\Debug\app_scheduler.o
 .debug_macro   0x0001dea4      0x73a C:\Users\uidv3807\Documents\BaseSystemSE\workspace\Debug\Tasks.o
 .debug_macro   0x0001e5de      0x72b C:\Users\uidv3807\Documents\BaseSystemSE\workspace\Debug\led.o
 .debug_macro   0x0001ed09      0x752 C:\Users\uidv3807\Documents\BaseSystemSE\workspace\Debug\main.o
 .debug_macro   0x0001f45b       0x5e C:\Users\uidv3807\Documents\BaseSystemSE\workspace\Debug\main.o
 .debug_macro   0x0001f4b9      0x448 C:\Users\uidv3807\Documents\BaseSystemSE\workspace\Debug\startup_sam.o

.debug_line     0x00000000    0x18ee2
 .debug_line    0x00000000     0x14a8 C:\Users\uidv3807\Documents\BaseSystemSE\workspace\Debug\dbg_console.o
 .debug_line    0x000014a8     0x1366 C:\Users\uidv3807\Documents\BaseSystemSE\workspace\Debug\board_lowlevel.o
 .debug_line    0x0000280e     0x11a5 C:\Users\uidv3807\Documents\BaseSystemSE\workspace\Debug\exceptions.o
 .debug_line    0x000039b3     0x11e4 C:\Users\uidv3807\Documents\BaseSystemSE\workspace\Debug\pio.o
 .debug_line    0x00004b97     0x116b C:\Users\uidv3807\Documents\BaseSystemSE\workspace\Debug\mpu.o
 .debug_line    0x00005d02     0x12e5 C:\Users\uidv3807\Documents\BaseSystemSE\workspace\Debug\pmc.o
 .debug_line    0x00006fe7     0x113e C:\Users\uidv3807\Documents\BaseSystemSE\workspace\Debug\wdt.o
 .debug_line    0x00008125     0x11e3 C:\Users\uidv3807\Documents\BaseSystemSE\workspace\Debug\pio_it.o
 .debug_line    0x00009308     0x116c C:\Users\uidv3807\Documents\BaseSystemSE\workspace\Debug\xdma_hardware_interface.o
 .debug_line    0x0000a474     0x13d7 C:\Users\uidv3807\Documents\BaseSystemSE\workspace\Debug\xdmac.o
 .debug_line    0x0000b84b     0x1391 C:\Users\uidv3807\Documents\BaseSystemSE\workspace\Debug\xdmad.o
 .debug_line    0x0000cbdc     0x1432 C:\Users\uidv3807\Documents\BaseSystemSE\workspace\Debug\afec.o
 .debug_line    0x0000e00e     0x1212 C:\Users\uidv3807\Documents\BaseSystemSE\workspace\Debug\afe_dma.o
 .debug_line    0x0000f220     0x129d C:\Users\uidv3807\Documents\BaseSystemSE\workspace\Debug\pwmc.o
 .debug_line    0x000104bd     0x1359 C:\Users\uidv3807\Documents\BaseSystemSE\workspace\Debug\syscalls.o
 .debug_line    0x00011816      0xc33 C:\Users\uidv3807\Documents\BaseSystemSE\workspace\Debug\system_sam.o
 .debug_line    0x00012449     0x133b C:\Users\uidv3807\Documents\BaseSystemSE\workspace\Debug\timetick.o
 .debug_line    0x00013784     0x11fe C:\Users\uidv3807\Documents\BaseSystemSE\workspace\Debug\app_scheduler.o
 .debug_line    0x00014982     0x1325 C:\Users\uidv3807\Documents\BaseSystemSE\workspace\Debug\Tasks.o
 .debug_line    0x00015ca7     0x12c6 C:\Users\uidv3807\Documents\BaseSystemSE\workspace\Debug\led.o
 .debug_line    0x00016f6d     0x13d5 C:\Users\uidv3807\Documents\BaseSystemSE\workspace\Debug\main.o
 .debug_line    0x00018342      0xba0 C:\Users\uidv3807\Documents\BaseSystemSE\workspace\Debug\startup_sam.o

.debug_str      0x00000000    0x7b314
 .debug_str     0x00000000    0x77590 C:\Users\uidv3807\Documents\BaseSystemSE\workspace\Debug\dbg_console.o
                              0x77b63 (size before relaxing)
 .debug_str     0x00077590      0x20c C:\Users\uidv3807\Documents\BaseSystemSE\workspace\Debug\board_lowlevel.o
                              0x7722d (size before relaxing)
 .debug_str     0x0007779c       0xb0 C:\Users\uidv3807\Documents\BaseSystemSE\workspace\Debug\exceptions.o
                              0x7433b (size before relaxing)
 .debug_str     0x0007784c      0x1de C:\Users\uidv3807\Documents\BaseSystemSE\workspace\Debug\pio.o
                              0x745b1 (size before relaxing)
 .debug_str     0x00077a2a      0x18d C:\Users\uidv3807\Documents\BaseSystemSE\workspace\Debug\mpu.o
                              0x7426b (size before relaxing)
 .debug_str     0x00077bb7      0x45b C:\Users\uidv3807\Documents\BaseSystemSE\workspace\Debug\pmc.o
                              0x74567 (size before relaxing)
 .debug_str     0x00078012       0xe0 C:\Users\uidv3807\Documents\BaseSystemSE\workspace\Debug\wdt.o
                              0x74194 (size before relaxing)
 .debug_str     0x000780f2      0x49e C:\Users\uidv3807\Documents\BaseSystemSE\workspace\Debug\pio_it.o
                              0x74a68 (size before relaxing)
 .debug_str     0x00078590      0x279 C:\Users\uidv3807\Documents\BaseSystemSE\workspace\Debug\xdma_hardware_interface.o
                              0x74360 (size before relaxing)
 .debug_str     0x00078809      0x4ff C:\Users\uidv3807\Documents\BaseSystemSE\workspace\Debug\xdmac.o
                              0x747a4 (size before relaxing)
 .debug_str     0x00078d08      0x3a2 C:\Users\uidv3807\Documents\BaseSystemSE\workspace\Debug\xdmad.o
                              0x74899 (size before relaxing)
 .debug_str     0x000790aa      0x42e C:\Users\uidv3807\Documents\BaseSystemSE\workspace\Debug\afec.o
                              0x77719 (size before relaxing)
 .debug_str     0x000794d8      0x1e2 C:\Users\uidv3807\Documents\BaseSystemSE\workspace\Debug\afe_dma.o
                              0x74c41 (size before relaxing)
 .debug_str     0x000796ba      0x606 C:\Users\uidv3807\Documents\BaseSystemSE\workspace\Debug\pwmc.o
                              0x747a8 (size before relaxing)
 .debug_str     0x00079cc0      0x5e6 C:\Users\uidv3807\Documents\BaseSystemSE\workspace\Debug\syscalls.o
                              0x77650 (size before relaxing)
 .debug_str     0x0007a2a6      0x251 C:\Users\uidv3807\Documents\BaseSystemSE\workspace\Debug\system_sam.o
                              0x6e234 (size before relaxing)
 .debug_str     0x0007a4f7      0x219 C:\Users\uidv3807\Documents\BaseSystemSE\workspace\Debug\timetick.o
                              0x7789f (size before relaxing)
 .debug_str     0x0007a710      0x383 C:\Users\uidv3807\Documents\BaseSystemSE\workspace\Debug\app_scheduler.o
                              0x74444 (size before relaxing)
 .debug_str     0x0007aa93       0xe2 C:\Users\uidv3807\Documents\BaseSystemSE\workspace\Debug\Tasks.o
                              0x778b0 (size before relaxing)
 .debug_str     0x0007ab75       0xbc C:\Users\uidv3807\Documents\BaseSystemSE\workspace\Debug\led.o
                              0x77389 (size before relaxing)
 .debug_str     0x0007ac31       0xd7 C:\Users\uidv3807\Documents\BaseSystemSE\workspace\Debug\main.o
                              0x77840 (size before relaxing)
 .debug_str     0x0007ad08      0x60c C:\Users\uidv3807\Documents\BaseSystemSE\workspace\Debug\startup_sam.o
                              0x6e5f9 (size before relaxing)

.comment        0x00000000       0x70
 .comment       0x00000000       0x70 C:\Users\uidv3807\Documents\BaseSystemSE\workspace\Debug\dbg_console.o
                                 0x71 (size before relaxing)
 .comment       0x00000000       0x71 C:\Users\uidv3807\Documents\BaseSystemSE\workspace\Debug\board_lowlevel.o
 .comment       0x00000000       0x71 C:\Users\uidv3807\Documents\BaseSystemSE\workspace\Debug\exceptions.o
 .comment       0x00000000       0x71 C:\Users\uidv3807\Documents\BaseSystemSE\workspace\Debug\pio.o
 .comment       0x00000000       0x71 C:\Users\uidv3807\Documents\BaseSystemSE\workspace\Debug\mpu.o
 .comment       0x00000000       0x71 C:\Users\uidv3807\Documents\BaseSystemSE\workspace\Debug\pmc.o
 .comment       0x00000000       0x71 C:\Users\uidv3807\Documents\BaseSystemSE\workspace\Debug\wdt.o
 .comment       0x00000000       0x71 C:\Users\uidv3807\Documents\BaseSystemSE\workspace\Debug\pio_it.o
 .comment       0x00000000       0x71 C:\Users\uidv3807\Documents\BaseSystemSE\workspace\Debug\xdma_hardware_interface.o
 .comment       0x00000000       0x71 C:\Users\uidv3807\Documents\BaseSystemSE\workspace\Debug\xdmac.o
 .comment       0x00000000       0x71 C:\Users\uidv3807\Documents\BaseSystemSE\workspace\Debug\xdmad.o
 .comment       0x00000000       0x71 C:\Users\uidv3807\Documents\BaseSystemSE\workspace\Debug\afec.o
 .comment       0x00000000       0x71 C:\Users\uidv3807\Documents\BaseSystemSE\workspace\Debug\afe_dma.o
 .comment       0x00000000       0x71 C:\Users\uidv3807\Documents\BaseSystemSE\workspace\Debug\pwmc.o
 .comment       0x00000000       0x71 C:\Users\uidv3807\Documents\BaseSystemSE\workspace\Debug\syscalls.o
 .comment       0x00000000       0x71 C:\Users\uidv3807\Documents\BaseSystemSE\workspace\Debug\system_sam.o
 .comment       0x00000000       0x71 C:\Users\uidv3807\Documents\BaseSystemSE\workspace\Debug\timetick.o
 .comment       0x00000000       0x71 C:\Users\uidv3807\Documents\BaseSystemSE\workspace\Debug\app_scheduler.o
 .comment       0x00000000       0x71 C:\Users\uidv3807\Documents\BaseSystemSE\workspace\Debug\Tasks.o
 .comment       0x00000000       0x71 C:\Users\uidv3807\Documents\BaseSystemSE\workspace\Debug\led.o
 .comment       0x00000000       0x71 C:\Users\uidv3807\Documents\BaseSystemSE\workspace\Debug\main.o